Archive member included to satisfy reference by file (symbol)

/home/ectf/MaximSDK/Libraries/PeriphDrivers/bin/MAX78000/spi-v1_softfp/libPeriphDriver_spi-v1_softfp.a(mxc_delay.o)
                              /home/ectf/Desktop/MAX78000_TestGround/Hello_World/build/main.o (MXC_Delay)
/home/ectf/MaximSDK/Libraries/PeriphDrivers/bin/MAX78000/spi-v1_softfp/libPeriphDriver_spi-v1_softfp.a(nvic_table.o)
                              /home/ectf/Desktop/MAX78000_TestGround/Hello_World/build/camera.o (MXC_NVIC_SetVector)
/home/ectf/MaximSDK/Libraries/PeriphDrivers/bin/MAX78000/spi-v1_softfp/libPeriphDriver_spi-v1_softfp.a(pins_ai85.o)
                              /home/ectf/Desktop/MAX78000_TestGround/Hello_World/build/camera.o (gpio_cfg_pcif_xclk)
/home/ectf/MaximSDK/Libraries/PeriphDrivers/bin/MAX78000/spi-v1_softfp/libPeriphDriver_spi-v1_softfp.a(sys_ai85.o)
                              /home/ectf/Desktop/MAX78000_TestGround/Hello_World/build/board.o (MXC_SYS_ClockEnable)
/home/ectf/MaximSDK/Libraries/PeriphDrivers/bin/MAX78000/spi-v1_softfp/libPeriphDriver_spi-v1_softfp.a(aes_me17.o)
                              /home/ectf/MaximSDK/Libraries/PeriphDrivers/bin/MAX78000/spi-v1_softfp/libPeriphDriver_spi-v1_softfp.a(sys_ai85.o) (MXC_AES_Init)
/home/ectf/MaximSDK/Libraries/PeriphDrivers/bin/MAX78000/spi-v1_softfp/libPeriphDriver_spi-v1_softfp.a(aes_revb.o)
                              /home/ectf/MaximSDK/Libraries/PeriphDrivers/bin/MAX78000/spi-v1_softfp/libPeriphDriver_spi-v1_softfp.a(aes_me17.o) (MXC_AES_RevB_Init)
/home/ectf/MaximSDK/Libraries/PeriphDrivers/bin/MAX78000/spi-v1_softfp/libPeriphDriver_spi-v1_softfp.a(cameraif_ai85.o)
                              /home/ectf/Desktop/MAX78000_TestGround/Hello_World/build/camera.o (MXC_PCIF_Init)
/home/ectf/MaximSDK/Libraries/PeriphDrivers/bin/MAX78000/spi-v1_softfp/libPeriphDriver_spi-v1_softfp.a(cameraif_reva.o)
                              /home/ectf/MaximSDK/Libraries/PeriphDrivers/bin/MAX78000/spi-v1_softfp/libPeriphDriver_spi-v1_softfp.a(cameraif_ai85.o) (MXC_PCIF_RevA_SetDatawidth)
/home/ectf/MaximSDK/Libraries/PeriphDrivers/bin/MAX78000/spi-v1_softfp/libPeriphDriver_spi-v1_softfp.a(dma_me17.o)
                              /home/ectf/Desktop/MAX78000_TestGround/Hello_World/build/fastspi.o (MXC_DMA_Init)
/home/ectf/MaximSDK/Libraries/PeriphDrivers/bin/MAX78000/spi-v1_softfp/libPeriphDriver_spi-v1_softfp.a(dma_reva.o)
                              /home/ectf/MaximSDK/Libraries/PeriphDrivers/bin/MAX78000/spi-v1_softfp/libPeriphDriver_spi-v1_softfp.a(dma_me17.o) (MXC_DMA_RevA_Init)
/home/ectf/MaximSDK/Libraries/PeriphDrivers/bin/MAX78000/spi-v1_softfp/libPeriphDriver_spi-v1_softfp.a(flc_me17.o)
                              /home/ectf/MaximSDK/Libraries/PeriphDrivers/bin/MAX78000/spi-v1_softfp/libPeriphDriver_spi-v1_softfp.a(sys_ai85.o) (MXC_FLC_UnlockInfoBlock)
/home/ectf/MaximSDK/Libraries/PeriphDrivers/bin/MAX78000/spi-v1_softfp/libPeriphDriver_spi-v1_softfp.a(flc_reva.o)
                              /home/ectf/MaximSDK/Libraries/PeriphDrivers/bin/MAX78000/spi-v1_softfp/libPeriphDriver_spi-v1_softfp.a(flc_me17.o) (MXC_FLC_RevA_Busy)
/home/ectf/MaximSDK/Libraries/PeriphDrivers/bin/MAX78000/spi-v1_softfp/libPeriphDriver_spi-v1_softfp.a(gpio_ai85.o)
                              /home/ectf/Desktop/MAX78000_TestGround/Hello_World/build/led.o (MXC_GPIO_Config)
/home/ectf/MaximSDK/Libraries/PeriphDrivers/bin/MAX78000/spi-v1_softfp/libPeriphDriver_spi-v1_softfp.a(gpio_reva.o)
                              /home/ectf/MaximSDK/Libraries/PeriphDrivers/bin/MAX78000/spi-v1_softfp/libPeriphDriver_spi-v1_softfp.a(gpio_ai85.o) (MXC_GPIO_RevA_InGet)
/home/ectf/MaximSDK/Libraries/PeriphDrivers/bin/MAX78000/spi-v1_softfp/libPeriphDriver_spi-v1_softfp.a(i2c_me17.o)
                              /home/ectf/Desktop/MAX78000_TestGround/Hello_World/build/max20303.o (MXC_I2C_Init)
/home/ectf/MaximSDK/Libraries/PeriphDrivers/bin/MAX78000/spi-v1_softfp/libPeriphDriver_spi-v1_softfp.a(i2c_reva.o)
                              /home/ectf/MaximSDK/Libraries/PeriphDrivers/bin/MAX78000/spi-v1_softfp/libPeriphDriver_spi-v1_softfp.a(i2c_me17.o) (MXC_I2C_RevA_DMACallback)
/home/ectf/MaximSDK/Libraries/PeriphDrivers/bin/MAX78000/spi-v1_softfp/libPeriphDriver_spi-v1_softfp.a(icc_me17.o)
                              /home/ectf/Desktop/MAX78000_TestGround/Hello_World/build/system_max78000.o (MXC_ICC_Enable)
/home/ectf/MaximSDK/Libraries/PeriphDrivers/bin/MAX78000/spi-v1_softfp/libPeriphDriver_spi-v1_softfp.a(icc_reva.o)
                              /home/ectf/MaximSDK/Libraries/PeriphDrivers/bin/MAX78000/spi-v1_softfp/libPeriphDriver_spi-v1_softfp.a(icc_me17.o) (MXC_ICC_RevA_ID)
/home/ectf/MaximSDK/Libraries/PeriphDrivers/bin/MAX78000/spi-v1_softfp/libPeriphDriver_spi-v1_softfp.a(pt_ai85.o)
                              /home/ectf/Desktop/MAX78000_TestGround/Hello_World/build/camera.o (MXC_PT_Init)
[...]
Memory Configuration

Name             Origin             Length             Attributes
ROM              0x0000000000000000 0x0000000000010000 xr
FLASH            0x0000000010000000 0x0000000000080000 xr
SRAM             0x0000000020000000 0x0000000000020000 xrw
*default*        0x0000000000000000 0xffffffffffffffff

Linker script and memory map

LOAD /home/ectf/MaximSDK/Tools/GNUTools/10.3/bin/../lib/gcc/arm-none-eabi/10.3.1/thumb/v7e-m+fp/softfp/crti.o
LOAD /home/ectf/MaximSDK/Tools/GNUTools/10.3/bin/../lib/gcc/arm-none-eabi/10.3.1/thumb/v7e-m+fp/softfp/crtbegin.o
LOAD /home/ectf/MaximSDK/Tools/GNUTools/10.3/bin/../lib/gcc/arm-none-eabi/10.3.1/../../../../arm-none-eabi/lib/thumb/v7e-m+fp/softfp/crt0.o
LOAD /home/ectf/Desktop/MAX78000_TestGround/Hello_World/build/main.o
LOAD /home/ectf/Desktop/MAX78000_TestGround/Hello_World/build/board.o
LOAD /home/ectf/Desktop/MAX78000_TestGround/Hello_World/build/stdio.o
LOAD /home/ectf/Desktop/MAX78000_TestGround/Hello_World/build/led.o
LOAD /home/ectf/Desktop/MAX78000_TestGround/Hello_World/build/pb.o
LOAD /home/ectf/Desktop/MAX78000_TestGround/Hello_World/build/tft_ili9341.o
LOAD /home/ectf/Desktop/MAX78000_TestGround/Hello_World/build/camera.o
LOAD /home/ectf/Desktop/MAX78000_TestGround/Hello_World/build/ov7692.o
LOAD /home/ectf/Desktop/MAX78000_TestGround/Hello_World/build/sccb.o
LOAD /home/ectf/Desktop/MAX78000_TestGround/Hello_World/build/max20303.o
LOAD /home/ectf/Desktop/MAX78000_TestGround/Hello_World/build/max9867.o
LOAD /home/ectf/Desktop/MAX78000_TestGround/Hello_World/build/N01S830HA.o
LOAD /home/ectf/Desktop/MAX78000_TestGround/Hello_World/build/fastspi.o
LOAD /home/ectf/Desktop/MAX78000_TestGround/Hello_World/build/startup_max78000.o
LOAD /home/ectf/Desktop/MAX78000_TestGround/Hello_World/build/heap.o
LOAD /home/ectf/Desktop/MAX78000_TestGround/Hello_World/build/system_max78000.o
START GROUP
LOAD /home/ectf/MaximSDK/Libraries/PeriphDrivers/bin/MAX78000/spi-v1_softfp/libPeriphDriver_spi-v1_softfp.a
LOAD /home/ectf/MaximSDK/Tools/GNUTools/10.3/bin/../lib/gcc/arm-none-eabi/10.3.1/../../../../arm-none-eabi/lib/thumb/v7e-m+fp/softfp/libc.a
LOAD /home/ectf/MaximSDK/Tools/GNUTools/10.3/bin/../lib/gcc/arm-none-eabi/10.3.1/../../../../arm-none-eabi/lib/thumb/v7e-m+fp/softfp/libm.a
LOAD /home/ectf/MaximSDK/Tools/GNUTools/10.3/bin/../lib/gcc/arm-none-eabi/10.3.1/../../../../arm-none-eabi/lib/thumb/v7e-m+fp/softfp/libnosys.a
END GROUP
START GROUP
LOAD /home/ectf/MaximSDK/Tools/GNUTools/10.3/bin/../lib/gcc/arm-none-eabi/10.3.1/thumb/v7e-m+fp/softfp/libgcc.a
LOAD /home/ectf/MaximSDK/Tools/GNUTools/10.3/bin/../lib/gcc/arm-none-eabi/10.3.1/../../../../arm-none-eabi/lib/thumb/v7e-m+fp/softfp/libc.a
END GROUP
LOAD /home/ectf/MaximSDK/Tools/GNUTools/10.3/bin/../lib/gcc/arm-none-eabi/10.3.1/thumb/v7e-m+fp/softfp/crtend.o
LOAD /home/ectf/MaximSDK/Tools/GNUTools/10.3/bin/../lib/gcc/arm-none-eabi/10.3.1/thumb/v7e-m+fp/softfp/crtn.o

.rom
 *(.rom_vector)
 *(.rom_handlers*)

.text           0x0000000010000000     0x8ccc
                0x0000000010000000                _text = .
 *(.isr_vector)
 .isr_vector    0x0000000010000000      0x1e0 /home/ectf/Desktop/MAX78000_TestGround/Hello_World/build/startup_max78000.o
                0x0000000010000000                __isr_vector
 EXCLUDE_FILE(*riscv.o) *(.text*)
 .text          0x00000000100001e0       0x40 /home/ectf/MaximSDK/Tools/GNUTools/10.3/bin/../lib/gcc/arm-none-eabi/10.3.1/thumb/v7e-m+fp/softfp/crtbegin.o
 .text.startup.main
                0x0000000010000220       0x70 /home/ectf/Desktop/MAX78000_TestGround/Hello_World/build/main.o
                0x0000000010000220                main
 .text.mxc_assert
                0x0000000010000290       0x10 /home/ectf/Desktop/MAX78000_TestGround/Hello_World/build/board.o
                0x0000000010000290                mxc_assert
 .text.GPIO0_IRQHandler
                0x00000000100002a0        0x8 /home/ectf/Desktop/MAX78000_TestGround/Hello_World/build/board.o
                0x00000000100002a0                GPIO0_IRQHandler
 .text.GPIO1_IRQHandler
                0x00000000100002a8        0x8 /home/ectf/Desktop/MAX78000_TestGround/Hello_World/build/board.o
                0x00000000100002a8                GPIO1_IRQHandler
 .text.Board_Init
                0x00000000100002b0       0x6c /home/ectf/Desktop/MAX78000_TestGround/Hello_World/build/board.o
                0x00000000100002b0                Board_Init
 .text.NMI_Handler
                0x000000001000031c        0x4 /home/ectf/Desktop/MAX78000_TestGround/Hello_World/build/board.o
                0x000000001000031c                NMI_Handler
 .text._close   0x0000000010000320        0x8 /home/ectf/Desktop/MAX78000_TestGround/Hello_World/build/stdio.o
                0x0000000010000320                _close
 .text._isatty  0x0000000010000328        0x8 /home/ectf/Desktop/MAX78000_TestGround/Hello_World/build/stdio.o
                0x0000000010000328                _isatty
 .text._lseek   0x0000000010000330        0x8 /home/ectf/Desktop/MAX78000_TestGround/Hello_World/build/stdio.o
                0x0000000010000330                _lseek
 .text._fstat   0x0000000010000338        0x8 /home/ectf/Desktop/MAX78000_TestGround/Hello_World/build/stdio.o
                0x0000000010000338                _fstat
 .text._read    0x0000000010000340       0x50 /home/ectf/Desktop/MAX78000_TestGround/Hello_World/build/stdio.o
                0x0000000010000340                _read
 .text._write   0x0000000010000390       0x54 /home/ectf/Desktop/MAX78000_TestGround/Hello_World/build/stdio.o
                0x0000000010000390                _write
 .text.LED_Init
                0x00000000100003e4       0x40 /home/ectf/Desktop/MAX78000_TestGround/Hello_World/build/led.o
                0x00000000100003e4                LED_Init
 .text.LED_On   0x0000000010000424       0x40 /home/ectf/Desktop/MAX78000_TestGround/Hello_World/build/led.o
                0x0000000010000424                LED_On
 .text.LED_Off  0x0000000010000464       0x40 /home/ectf/Desktop/MAX78000_TestGround/Hello_World/build/led.o
                0x0000000010000464                LED_Off
 .text.PB_Init  0x00000000100004a4       0x68 /home/ectf/Desktop/MAX78000_TestGround/Hello_World/build/pb.o
                0x00000000100004a4                PB_Init
 .text          0x000000001000050c      0x148 /home/ectf/Desktop/MAX78000_TestGround/Hello_World/build/startup_max78000.o
                0x000000001000050c                Reset_Handler
                0x000000001000054a                HardFault_Handler
                0x000000001000054c                MemManage_Handler
                0x000000001000054e                BusFault_Handler
                0x0000000010000550                UsageFault_Handler
                0x0000000010000552                SVC_Handler
                0x0000000010000554                DebugMon_Handler
                0x0000000010000556                PendSV_Handler
                0x0000000010000558                SysTick_Handler
                0x000000001000055a                Default_Handler
                0x000000001000055c                PF_IRQHandler
                0x000000001000055e                WDT0_IRQHandler
                0x0000000010000560                RSV02_IRQHandler
                0x0000000010000562                RTC_IRQHandler
                0x0000000010000564                TRNG_IRQHandler
                0x0000000010000566                TMR0_IRQHandler
                0x0000000010000568                TMR1_IRQHandler
                0x000000001000056a                TMR2_IRQHandler
                0x000000001000056c                TMR3_IRQHandler
                0x000000001000056e                TMR4_IRQHandler
                0x0000000010000570                TMR5_IRQHandler
                0x0000000010000572                RSV11_IRQHandler
                0x0000000010000574                RSV12_IRQHandler
                0x0000000010000576                I2C0_IRQHandler
                0x0000000010000578                UART0_IRQHandler
                0x000000001000057a                UART1_IRQHandler
                0x000000001000057c                SPI1_IRQHandler
                0x000000001000057e                RSV17_IRQHandler
                0x0000000010000580                RSV18_IRQHandler
                0x0000000010000582                RSV19_IRQHandler
                0x0000000010000584                ADC_IRQHandler
                0x0000000010000586                RSV21_IRQHandler
                0x0000000010000588                RSV22_IRQHandler
                0x000000001000058a                FLC0_IRQHandler
                0x0000000010000590                GPIO2_IRQHandler
                0x0000000010000592                RSV27_IRQHandler
                0x0000000010000594                DMA0_IRQHandler
                0x0000000010000596                DMA1_IRQHandler
                0x0000000010000598                DMA2_IRQHandler
                0x000000001000059a                DMA3_IRQHandler
                0x000000001000059c                RSV32_IRQHandler
                0x000000001000059e                RSV33_IRQHandler
                0x00000000100005a0                UART2_IRQHandler
                0x00000000100005a2                RSV35_IRQHandler
                0x00000000100005a4                I2C1_IRQHandler
                0x00000000100005a6                RSV37_IRQHandler
                0x00000000100005a8                RSV38_IRQHandler
                0x00000000100005aa                RSV39_IRQHandler
                0x00000000100005ac                RSV40_IRQHandler
                0x00000000100005ae                RSV41_IRQHandler
                0x00000000100005b0                RSV42_IRQHandler
                0x00000000100005b2                RSV43_IRQHandler
                0x00000000100005b4                RSV44_IRQHandler
                0x00000000100005b6                RSV45_IRQHandler
                0x00000000100005b8                RSV46_IRQHandler
                0x00000000100005ba                RSV47_IRQHandler
                0x00000000100005bc                RSV48_IRQHandler
                0x00000000100005be                RSV49_IRQHandler
                0x00000000100005c0                RSV50_IRQHandler
                0x00000000100005c2                RSV51_IRQHandler
                0x00000000100005c4                RSV52_IRQHandler
                0x00000000100005c6                WUT_IRQHandler
                0x00000000100005c8                GPIOWAKE_IRQHandler
                0x00000000100005ca                RSV55_IRQHandler
                0x00000000100005cc                SPI0_IRQHandler
                0x00000000100005ce                WDT1_IRQHandler
                0x00000000100005d0                RSV58_IRQHandler
                0x00000000100005d2                PT_IRQHandler
                0x00000000100005d4                RSV60_IRQHandler
                0x00000000100005d6                RSV61_IRQHandler
                0x00000000100005d8                I2C2_IRQHandler
                0x00000000100005da                RISCV_IRQHandler
                0x00000000100005dc                RSV64_IRQHandler
                0x00000000100005de                RSV65_IRQHandler
                0x00000000100005e0                RSV66_IRQHandler
                0x00000000100005e2                OWM_IRQHandler
                0x00000000100005e4                RSV68_IRQHandler
                0x00000000100005e6                RSV69_IRQHandler
                0x00000000100005e8                RSV70_IRQHandler
                0x00000000100005ea                RSV71_IRQHandler
                0x00000000100005ec                RSV72_IRQHandler
                0x00000000100005ee                RSV73_IRQHandler
                0x00000000100005f0                RSV74_IRQHandler
                0x00000000100005f2                RSV75_IRQHandler
                0x00000000100005f4                RSV76_IRQHandler
                0x00000000100005f6                RSV77_IRQHandler
                0x00000000100005f8                RSV78_IRQHandler
                0x00000000100005fa                RSV79_IRQHandler
                0x00000000100005fc                RSV80_IRQHandler
                0x00000000100005fe                RSV81_IRQHandler
                0x0000000010000600                ECC_IRQHandler
                0x0000000010000602                DVS_IRQHandler
                0x0000000010000604                SIMO_IRQHandler
                0x0000000010000606                RSV85_IRQHandler
                0x0000000010000608                RSV86_IRQHandler
                0x000000001000060a                RSV87_IRQHandler
                0x000000001000060c                UART3_IRQHandler
                0x000000001000060e                RSV89_IRQHandler
                0x0000000010000610                RSV90_IRQHandler
                0x0000000010000612                PCIF_IRQHandler
                0x0000000010000614                RSV92_IRQHandler
                0x0000000010000616                RSV93_IRQHandler
                0x0000000010000618                RSV94_IRQHandler
                0x000000001000061a                RSV95_IRQHandler
                0x000000001000061c                RSV96_IRQHandler
                0x000000001000061e                AES_IRQHandler
                0x0000000010000620                RSV98_IRQHandler
                0x0000000010000622                I2S_IRQHandler
                0x0000000010000624                CNN_FIFO_IRQHandler
                0x0000000010000626                CNN_IRQHandler
                0x0000000010000628                RSV102_IRQHandler
                0x000000001000062a                LPCMP_IRQHandler
 .text._sbrk    0x0000000010000654       0x3c /home/ectf/Desktop/MAX78000_TestGround/Hello_World/build/heap.o
                0x0000000010000654                _sbrk
 .text._getpid  0x0000000010000690        0x8 /home/ectf/Desktop/MAX78000_TestGround/Hello_World/build/system_max78000.o
                0x0000000010000690                _getpid
 .text._kill    0x0000000010000698        0x8 /home/ectf/Desktop/MAX78000_TestGround/Hello_World/build/system_max78000.o
                0x0000000010000698                _kill
 .text.SystemCoreClockUpdate
                0x00000000100006a0       0x68 /home/ectf/Desktop/MAX78000_TestGround/Hello_World/build/system_max78000.o
                0x00000000100006a0                SystemCoreClockUpdate
 .text.PreInit  0x0000000010000708        0x4 /home/ectf/Desktop/MAX78000_TestGround/Hello_World/build/system_max78000.o
                0x0000000010000708                PreInit
 .text.PinInit  0x000000001000070c        0x4 /home/ectf/Desktop/MAX78000_TestGround/Hello_World/build/system_max78000.o
                0x000000001000070c                PinInit
 .text.SystemInit
                0x0000000010000710       0x3c /home/ectf/Desktop/MAX78000_TestGround/Hello_World/build/system_max78000.o
                0x0000000010000710                SystemInit
 .text.MXC_DelayInit
                0x000000001000074c       0x7c /home/ectf/MaximSDK/Libraries/PeriphDrivers/bin/MAX78000/spi-v1_softfp/libPeriphDriver_spi-v1_softfp.a(mxc_delay.o)
 .text.MXC_DelayAsync
                0x00000000100007c8       0x3c /home/ectf/MaximSDK/Libraries/PeriphDrivers/bin/MAX78000/spi-v1_softfp/libPeriphDriver_spi-v1_softfp.a(mxc_delay.o)
                0x00000000100007c8                MXC_DelayAsync
 .text.MXC_DelayCheck
                0x0000000010000804       0x70 /home/ectf/MaximSDK/Libraries/PeriphDrivers/bin/MAX78000/spi-v1_softfp/libPeriphDriver_spi-v1_softfp.a(mxc_delay.o)
                0x0000000010000804                MXC_DelayCheck
 .text.MXC_DelayAbort
                0x0000000010000874       0x34 /home/ectf/MaximSDK/Libraries/PeriphDrivers/bin/MAX78000/spi-v1_softfp/libPeriphDriver_spi-v1_softfp.a(mxc_delay.o)
                0x0000000010000874                MXC_DelayAbort
 .text.MXC_Delay
                0x00000000100008a8       0x74 /home/ectf/MaximSDK/Libraries/PeriphDrivers/bin/MAX78000/spi-v1_softfp/libPeriphDriver_spi-v1_softfp.a(mxc_delay.o)
                0x00000000100008a8                MXC_Delay
 .text.MXC_SYS_ClockDisable
                0x000000001000091c       0x44 /home/ectf/MaximSDK/Libraries/PeriphDrivers/bin/MAX78000/spi-v1_softfp/libPeriphDriver_spi-v1_softfp.a(sys_ai85.o)
                0x000000001000091c                MXC_SYS_ClockDisable
 .text.MXC_SYS_ClockEnable
                0x0000000010000960       0x4c /home/ectf/MaximSDK/Libraries/PeriphDrivers/bin/MAX78000/spi-v1_softfp/libPeriphDriver_spi-v1_softfp.a(sys_ai85.o)
                0x0000000010000960                MXC_SYS_ClockEnable
 .text.MXC_SYS_ClockSourceEnable
                0x00000000100009ac       0xf4 /home/ectf/MaximSDK/Libraries/PeriphDrivers/bin/MAX78000/spi-v1_softfp/libPeriphDriver_spi-v1_softfp.a(sys_ai85.o)
                0x00000000100009ac                MXC_SYS_ClockSourceEnable
 .text.MXC_SYS_Reset_Periph
                0x0000000010000aa0       0x50 /home/ectf/MaximSDK/Libraries/PeriphDrivers/bin/MAX78000/spi-v1_softfp/libPeriphDriver_spi-v1_softfp.a(sys_ai85.o)
                0x0000000010000aa0                MXC_SYS_Reset_Periph
 .text.MXC_GPIO_Init
                0x0000000010000af0       0x40 /home/ectf/MaximSDK/Libraries/PeriphDrivers/bin/MAX78000/spi-v1_softfp/libPeriphDriver_spi-v1_softfp.a(gpio_ai85.o)
                0x0000000010000af0                MXC_GPIO_Init
 .text.MXC_GPIO_Config
                0x0000000010000b30      0x234 /home/ectf/MaximSDK/Libraries/PeriphDrivers/bin/MAX78000/spi-v1_softfp/libPeriphDriver_spi-v1_softfp.a(gpio_ai85.o)
                0x0000000010000b30                MXC_GPIO_Config
 .text.MXC_GPIO_OutSet
                0x0000000010000d64       0x30 /home/ectf/MaximSDK/Libraries/PeriphDrivers/bin/MAX78000/spi-v1_softfp/libPeriphDriver_spi-v1_softfp.a(gpio_ai85.o)
                0x0000000010000d64                MXC_GPIO_OutSet
 .text.MXC_GPIO_OutClr
                0x0000000010000d94       0x34 /home/ectf/MaximSDK/Libraries/PeriphDrivers/bin/MAX78000/spi-v1_softfp/libPeriphDriver_spi-v1_softfp.a(gpio_ai85.o)
                0x0000000010000d94                MXC_GPIO_OutClr
 .text.MXC_GPIO_Handler
                0x0000000010000dc8        0x4 /home/ectf/MaximSDK/Libraries/PeriphDrivers/bin/MAX78000/spi-v1_softfp/libPeriphDriver_spi-v1_softfp.a(gpio_ai85.o)
                0x0000000010000dc8                MXC_GPIO_Handler
 .text.MXC_GPIO_ClearFlags
                0x0000000010000dcc       0x18 /home/ectf/MaximSDK/Libraries/PeriphDrivers/bin/MAX78000/spi-v1_softfp/libPeriphDriver_spi-v1_softfp.a(gpio_ai85.o)
                0x0000000010000dcc                MXC_GPIO_ClearFlags
 .text.MXC_GPIO_GetFlags
                0x0000000010000de4       0x18 /home/ectf/MaximSDK/Libraries/PeriphDrivers/bin/MAX78000/spi-v1_softfp/libPeriphDriver_spi-v1_softfp.a(gpio_ai85.o)
                0x0000000010000de4                MXC_GPIO_GetFlags
 .text.MXC_GPIO_GetConfigLock
                0x0000000010000dfc        0x4 /home/ectf/MaximSDK/Libraries/PeriphDrivers/bin/MAX78000/spi-v1_softfp/libPeriphDriver_spi-v1_softfp.a(gpio_ai85.o)
                0x0000000010000dfc                MXC_GPIO_GetConfigLock
 .text.MXC_GPIO_RevA_OutSet
                0x0000000010000e00        0x4 /home/ectf/MaximSDK/Libraries/PeriphDrivers/bin/MAX78000/spi-v1_softfp/libPeriphDriver_spi-v1_softfp.a(gpio_reva.o)
                0x0000000010000e00                MXC_GPIO_RevA_OutSet
 .text.MXC_GPIO_RevA_OutClr
                0x0000000010000e04        0x4 /home/ectf/MaximSDK/Libraries/PeriphDrivers/bin/MAX78000/spi-v1_softfp/libPeriphDriver_spi-v1_softfp.a(gpio_reva.o)
                0x0000000010000e04                MXC_GPIO_RevA_OutClr
 .text.MXC_GPIO_RevA_ClearFlags
                0x0000000010000e08        0x4 /home/ectf/MaximSDK/Libraries/PeriphDrivers/bin/MAX78000/spi-v1_softfp/libPeriphDriver_spi-v1_softfp.a(gpio_reva.o)
                0x0000000010000e08                MXC_GPIO_RevA_ClearFlags
 .text.MXC_GPIO_RevA_GetFlags
                0x0000000010000e0c        0x4 /home/ectf/MaximSDK/Libraries/PeriphDrivers/bin/MAX78000/spi-v1_softfp/libPeriphDriver_spi-v1_softfp.a(gpio_reva.o)
                0x0000000010000e0c                MXC_GPIO_RevA_GetFlags
 .text.MXC_GPIO_RevA_SetVSSEL
                0x0000000010000e10       0x40 /home/ectf/MaximSDK/Libraries/PeriphDrivers/bin/MAX78000/spi-v1_softfp/libPeriphDriver_spi-v1_softfp.a(gpio_reva.o)
                0x0000000010000e10                MXC_GPIO_RevA_SetVSSEL
 .text.MXC_GPIO_RevA_SetAF
                0x0000000010000e50       0x7c /home/ectf/MaximSDK/Libraries/PeriphDrivers/bin/MAX78000/spi-v1_softfp/libPeriphDriver_spi-v1_softfp.a(gpio_reva.o)
                0x0000000010000e50                MXC_GPIO_RevA_SetAF
 .text.MXC_GPIO_RevA_SetDriveStrength
                0x0000000010000ecc       0xa0 /home/ectf/MaximSDK/Libraries/PeriphDrivers/bin/MAX78000/spi-v1_softfp/libPeriphDriver_spi-v1_softfp.a(gpio_reva.o)
                0x0000000010000ecc                MXC_GPIO_RevA_SetDriveStrength
 .text.MXC_ICC_Enable
                0x0000000010000f6c        0x4 /home/ectf/MaximSDK/Libraries/PeriphDrivers/bin/MAX78000/spi-v1_softfp/libPeriphDriver_spi-v1_softfp.a(icc_me17.o)
                0x0000000010000f6c                MXC_ICC_Enable
 .text.MXC_ICC_RevA_Enable
                0x0000000010000f70       0x30 /home/ectf/MaximSDK/Libraries/PeriphDrivers/bin/MAX78000/spi-v1_softfp/libPeriphDriver_spi-v1_softfp.a(icc_reva.o)
                0x0000000010000f70                MXC_ICC_RevA_Enable
 .text.MXC_UART_Shutdown
                0x0000000010000fa0       0x70 /home/ectf/MaximSDK/Libraries/PeriphDrivers/bin/MAX78000/spi-v1_softfp/libPeriphDriver_spi-v1_softfp.a(uart_ai85.o)
                0x0000000010000fa0                MXC_UART_Shutdown
 .text.MXC_UART_SetFrequency
                0x0000000010001010       0x90 /home/ectf/MaximSDK/Libraries/PeriphDrivers/bin/MAX78000/spi-v1_softfp/libPeriphDriver_spi-v1_softfp.a(uart_ai85.o)
                0x0000000010001010                MXC_UART_SetFrequency
 .text.MXC_UART_SetDataSize
                0x00000000100010a0        0x4 /home/ectf/MaximSDK/Libraries/PeriphDrivers/bin/MAX78000/spi-v1_softfp/libPeriphDriver_spi-v1_softfp.a(uart_ai85.o)
                0x00000000100010a0                MXC_UART_SetDataSize
 .text.MXC_UART_SetStopBits
                0x00000000100010a4        0x4 /home/ectf/MaximSDK/Libraries/PeriphDrivers/bin/MAX78000/spi-v1_softfp/libPeriphDriver_spi-v1_softfp.a(uart_ai85.o)
                0x00000000100010a4                MXC_UART_SetStopBits
 .text.MXC_UART_SetParity
                0x00000000100010a8        0x4 /home/ectf/MaximSDK/Libraries/PeriphDrivers/bin/MAX78000/spi-v1_softfp/libPeriphDriver_spi-v1_softfp.a(uart_ai85.o)
                0x00000000100010a8                MXC_UART_SetParity
 .text.MXC_UART_SetClockSource
                0x00000000100010ac       0x60 /home/ectf/MaximSDK/Libraries/PeriphDrivers/bin/MAX78000/spi-v1_softfp/libPeriphDriver_spi-v1_softfp.a(uart_ai85.o)
                0x00000000100010ac                MXC_UART_SetClockSource
 .text.MXC_UART_GetClockSource
                0x000000001000110c       0x4c /home/ectf/MaximSDK/Libraries/PeriphDrivers/bin/MAX78000/spi-v1_softfp/libPeriphDriver_spi-v1_softfp.a(uart_ai85.o)
                0x000000001000110c                MXC_UART_GetClockSource
 .text.MXC_UART_Init
                0x0000000010001158       0xa0 /home/ectf/MaximSDK/Libraries/PeriphDrivers/bin/MAX78000/spi-v1_softfp/libPeriphDriver_spi-v1_softfp.a(uart_ai85.o)
                0x0000000010001158                MXC_UART_Init
 .text.MXC_UART_ReadCharacterRaw
                0x00000000100011f8        0x4 /home/ectf/MaximSDK/Libraries/PeriphDrivers/bin/MAX78000/spi-v1_softfp/libPeriphDriver_spi-v1_softfp.a(uart_ai85.o)
                0x00000000100011f8                MXC_UART_ReadCharacterRaw
 .text.MXC_UART_WriteCharacterRaw
                0x00000000100011fc        0x4 /home/ectf/MaximSDK/Libraries/PeriphDrivers/bin/MAX78000/spi-v1_softfp/libPeriphDriver_spi-v1_softfp.a(uart_ai85.o)
                0x00000000100011fc                MXC_UART_WriteCharacterRaw
 .text.MXC_UART_ReadCharacter
                0x0000000010001200        0x4 /home/ectf/MaximSDK/Libraries/PeriphDrivers/bin/MAX78000/spi-v1_softfp/libPeriphDriver_spi-v1_softfp.a(uart_ai85.o)
                0x0000000010001200                MXC_UART_ReadCharacter
 .text.MXC_UART_WriteCharacter
                0x0000000010001204        0x4 /home/ectf/MaximSDK/Libraries/PeriphDrivers/bin/MAX78000/spi-v1_softfp/libPeriphDriver_spi-v1_softfp.a(uart_ai85.o)
                0x0000000010001204                MXC_UART_WriteCharacter
 .text.MXC_UART_GetRXFIFOAvailable
                0x0000000010001208        0x4 /home/ectf/MaximSDK/Libraries/PeriphDrivers/bin/MAX78000/spi-v1_softfp/libPeriphDriver_spi-v1_softfp.a(uart_ai85.o)
                0x0000000010001208                MXC_UART_GetRXFIFOAvailable
 .text.MXC_UART_GetTXFIFOAvailable
                0x000000001000120c        0x4 /home/ectf/MaximSDK/Libraries/PeriphDrivers/bin/MAX78000/spi-v1_softfp/libPeriphDriver_spi-v1_softfp.a(uart_ai85.o)
                0x000000001000120c                MXC_UART_GetTXFIFOAvailable
 .text.MXC_UART_SetRXThreshold
                0x0000000010001210        0x4 /home/ectf/MaximSDK/Libraries/PeriphDrivers/bin/MAX78000/spi-v1_softfp/libPeriphDriver_spi-v1_softfp.a(uart_ai85.o)
                0x0000000010001210                MXC_UART_SetRXThreshold
 .text.MXC_UART_Common_ReadCharacter
                0x0000000010001214       0x18 /home/ectf/MaximSDK/Libraries/PeriphDrivers/bin/MAX78000/spi-v1_softfp/libPeriphDriver_spi-v1_softfp.a(uart_common.o)
                0x0000000010001214                MXC_UART_Common_ReadCharacter
 .text.MXC_UART_Common_WriteCharacter
                0x000000001000122c       0x1c /home/ectf/MaximSDK/Libraries/PeriphDrivers/bin/MAX78000/spi-v1_softfp/libPeriphDriver_spi-v1_softfp.a(uart_common.o)
                0x000000001000122c                MXC_UART_Common_WriteCharacter
 .text.MXC_UART_RevB_Init
                0x0000000010001248       0xe0 /home/ectf/MaximSDK/Libraries/PeriphDrivers/bin/MAX78000/spi-v1_softfp/libPeriphDriver_spi-v1_softfp.a(uart_revb.o)
                0x0000000010001248                MXC_UART_RevB_Init
 .text.MXC_UART_RevB_SetFrequency
                0x0000000010001328       0x1c /home/ectf/MaximSDK/Libraries/PeriphDrivers/bin/MAX78000/spi-v1_softfp/libPeriphDriver_spi-v1_softfp.a(uart_revb.o)
                0x0000000010001328                MXC_UART_RevB_SetFrequency
 .text.MXC_UART_RevB_SetDataSize
                0x0000000010001344       0x20 /home/ectf/MaximSDK/Libraries/PeriphDrivers/bin/MAX78000/spi-v1_softfp/libPeriphDriver_spi-v1_softfp.a(uart_revb.o)
                0x0000000010001344                MXC_UART_RevB_SetDataSize
 .text.MXC_UART_RevB_SetStopBits
                0x0000000010001364       0x28 /home/ectf/MaximSDK/Libraries/PeriphDrivers/bin/MAX78000/spi-v1_softfp/libPeriphDriver_spi-v1_softfp.a(uart_revb.o)
                0x0000000010001364                MXC_UART_RevB_SetStopBits
 .text.MXC_UART_RevB_SetParity
                0x000000001000138c       0x94 /home/ectf/MaximSDK/Libraries/PeriphDrivers/bin/MAX78000/spi-v1_softfp/libPeriphDriver_spi-v1_softfp.a(uart_revb.o)
                0x000000001000138c                MXC_UART_RevB_SetParity
 .text.MXC_UART_RevB_SetClockSource
                0x0000000010001420       0xa8 /home/ectf/MaximSDK/Libraries/PeriphDrivers/bin/MAX78000/spi-v1_softfp/libPeriphDriver_spi-v1_softfp.a(uart_revb.o)
                0x0000000010001420                MXC_UART_RevB_SetClockSource
 .text.MXC_UART_RevB_GetClockSource
                0x00000000100014c8        0x8 /home/ectf/MaximSDK/Libraries/PeriphDrivers/bin/MAX78000/spi-v1_softfp/libPeriphDriver_spi-v1_softfp.a(uart_revb.o)
                0x00000000100014c8                MXC_UART_RevB_GetClockSource
 .text.MXC_UART_RevB_ReadCharacterRaw
                0x00000000100014d0       0x10 /home/ectf/MaximSDK/Libraries/PeriphDrivers/bin/MAX78000/spi-v1_softfp/libPeriphDriver_spi-v1_softfp.a(uart_revb.o)
                0x00000000100014d0                MXC_UART_RevB_ReadCharacterRaw
 .text.MXC_UART_RevB_WriteCharacterRaw
                0x00000000100014e0       0x14 /home/ectf/MaximSDK/Libraries/PeriphDrivers/bin/MAX78000/spi-v1_softfp/libPeriphDriver_spi-v1_softfp.a(uart_revb.o)
                0x00000000100014e0                MXC_UART_RevB_WriteCharacterRaw
 .text.MXC_UART_RevB_GetRXFIFOAvailable
                0x00000000100014f4        0x8 /home/ectf/MaximSDK/Libraries/PeriphDrivers/bin/MAX78000/spi-v1_softfp/libPeriphDriver_spi-v1_softfp.a(uart_revb.o)
                0x00000000100014f4                MXC_UART_RevB_GetRXFIFOAvailable
 .text.MXC_UART_RevB_GetTXFIFOAvailable
                0x00000000100014fc        0xc /home/ectf/MaximSDK/Libraries/PeriphDrivers/bin/MAX78000/spi-v1_softfp/libPeriphDriver_spi-v1_softfp.a(uart_revb.o)
                0x00000000100014fc                MXC_UART_RevB_GetTXFIFOAvailable
 .text.MXC_UART_RevB_SetRXThreshold
                0x0000000010001508       0x1c /home/ectf/MaximSDK/Libraries/PeriphDrivers/bin/MAX78000/spi-v1_softfp/libPeriphDriver_spi-v1_softfp.a(uart_revb.o)
                0x0000000010001508                MXC_UART_RevB_SetRXThreshold
 .text.MXC_GPIO_Common_Init
                0x0000000010001524       0x24 /home/ectf/MaximSDK/Libraries/PeriphDrivers/bin/MAX78000/spi-v1_softfp/libPeriphDriver_spi-v1_softfp.a(gpio_common.o)
                0x0000000010001524                MXC_GPIO_Common_Init
 .text.MXC_GPIO_Common_Handler
                0x0000000010001548       0x88 /home/ectf/MaximSDK/Libraries/PeriphDrivers/bin/MAX78000/spi-v1_softfp/libPeriphDriver_spi-v1_softfp.a(gpio_common.o)
                0x0000000010001548                MXC_GPIO_Common_Handler
 .text.MXC_GPIO_Common_GetConfigLock
                0x00000000100015d0        0xc /home/ectf/MaximSDK/Libraries/PeriphDrivers/bin/MAX78000/spi-v1_softfp/libPeriphDriver_spi-v1_softfp.a(gpio_common.o)
                0x00000000100015d0                MXC_GPIO_Common_GetConfigLock
 .text.__errno  0x00000000100015dc        0xc /home/ectf/MaximSDK/Tools/GNUTools/10.3/bin/../lib/gcc/arm-none-eabi/10.3.1/../../../../arm-none-eabi/lib/thumb/v7e-m+fp/softfp/libc.a(lib_a-errno.o)
                0x00000000100015dc                __errno
 .text.__libc_init_array
                0x00000000100015e8       0x48 /home/ectf/MaximSDK/Tools/GNUTools/10.3/bin/../lib/gcc/arm-none-eabi/10.3.1/../../../../arm-none-eabi/lib/thumb/v7e-m+fp/softfp/libc.a(lib_a-init.o)
                0x00000000100015e8                __libc_init_array
 .text.malloc   0x0000000010001630       0x10 /home/ectf/MaximSDK/Tools/GNUTools/10.3/bin/../lib/gcc/arm-none-eabi/10.3.1/../../../../arm-none-eabi/lib/thumb/v7e-m+fp/softfp/libc.a(lib_a-malloc.o)
                0x0000000010001630                malloc
 .text._malloc_r
                0x0000000010001640      0x560 /home/ectf/MaximSDK/Tools/GNUTools/10.3/bin/../lib/gcc/arm-none-eabi/10.3.1/../../../../arm-none-eabi/lib/thumb/v7e-m+fp/softfp/libc.a(lib_a-mallocr.o)
                0x0000000010001640                _malloc_r
 .text          0x0000000010001ba0      0x134 /home/ectf/MaximSDK/Tools/GNUTools/10.3/bin/../lib/gcc/arm-none-eabi/10.3.1/../../../../arm-none-eabi/lib/thumb/v7e-m+fp/softfp/libc.a(lib_a-memcpy.o)
                0x0000000010001ba0                memcpy
 .text.memset   0x0000000010001cd4       0xa4 /home/ectf/MaximSDK/Tools/GNUTools/10.3/bin/../lib/gcc/arm-none-eabi/10.3.1/../../../../arm-none-eabi/lib/thumb/v7e-m+fp/softfp/libc.a(lib_a-memset.o)
                0x0000000010001cd4                memset
 .text.__malloc_lock
                0x0000000010001d78        0xc /home/ectf/MaximSDK/Tools/GNUTools/10.3/bin/../lib/gcc/arm-none-eabi/10.3.1/../../../../arm-none-eabi/lib/thumb/v7e-m+fp/softfp/libc.a(lib_a-mlock.o)
                0x0000000010001d78                __malloc_lock
 .text.__malloc_unlock
                0x0000000010001d84        0xc /home/ectf/MaximSDK/Tools/GNUTools/10.3/bin/../lib/gcc/arm-none-eabi/10.3.1/../../../../arm-none-eabi/lib/thumb/v7e-m+fp/softfp/libc.a(lib_a-mlock.o)
                0x0000000010001d84                __malloc_unlock
 .text.printf   0x0000000010001d90       0x28 /home/ectf/MaximSDK/Tools/GNUTools/10.3/bin/../lib/gcc/arm-none-eabi/10.3.1/../../../../arm-none-eabi/lib/thumb/v7e-m+fp/softfp/libc.a(lib_a-printf.o)
                0x0000000010001d90                printf
 .text._puts_r  0x0000000010001db8       0x9c /home/ectf/MaximSDK/Tools/GNUTools/10.3/bin/../lib/gcc/arm-none-eabi/10.3.1/../../../../arm-none-eabi/lib/thumb/v7e-m+fp/softfp/libc.a(lib_a-puts.o)
                0x0000000010001db8                _puts_r
 .text.puts     0x0000000010001e54       0x10 /home/ectf/MaximSDK/Tools/GNUTools/10.3/bin/../lib/gcc/arm-none-eabi/10.3.1/../../../../arm-none-eabi/lib/thumb/v7e-m+fp/softfp/libc.a(lib_a-puts.o)
                0x0000000010001e54                puts
 .text._sbrk_r  0x0000000010001e64       0x24 /home/ectf/MaximSDK/Tools/GNUTools/10.3/bin/../lib/gcc/arm-none-eabi/10.3.1/../../../../arm-none-eabi/lib/thumb/v7e-m+fp/softfp/libc.a(lib_a-sbrkr.o)
                0x0000000010001e64                _sbrk_r
 *fill*         0x0000000010001e88       0x38 
 .text          0x0000000010001ec0       0xdc /home/ectf/MaximSDK/Tools/GNUTools/10.3/bin/../lib/gcc/arm-none-eabi/10.3.1/../../../../arm-none-eabi/lib/thumb/v7e-m+fp/softfp/libc.a(lib_a-strlen.o)
                0x0000000010001ec0                strlen
 *fill*         0x0000000010001f9c        0x4 
 .text._vfprintf_r
                0x0000000010001fa0     0x1b8c /home/ectf/MaximSDK/Tools/GNUTools/10.3/bin/../lib/gcc/arm-none-eabi/10.3.1/../../../../arm-none-eabi/lib/thumb/v7e-m+fp/softfp/libc.a(lib_a-vfprintf.o)
                0x0000000010001fa0                _vfprintf_r
 .text.__sbprintf
                0x0000000010003b2c       0x80 /home/ectf/MaximSDK/Tools/GNUTools/10.3/bin/../lib/gcc/arm-none-eabi/10.3.1/../../../../arm-none-eabi/lib/thumb/v7e-m+fp/softfp/libc.a(lib_a-vfprintf.o)
 .text.__swsetup_r
                0x0000000010003bac       0xd4 /home/ectf/MaximSDK/Tools/GNUTools/10.3/bin/../lib/gcc/arm-none-eabi/10.3.1/../../../../arm-none-eabi/lib/thumb/v7e-m+fp/softfp/libc.a(lib_a-wsetup.o)
                0x0000000010003bac                __swsetup_r
 .text.startup.register_fini
                0x0000000010003c80       0x14 /home/ectf/MaximSDK/Tools/GNUTools/10.3/bin/../lib/gcc/arm-none-eabi/10.3.1/../../../../arm-none-eabi/lib/thumb/v7e-m+fp/softfp/libc.a(lib_a-__call_atexit.o)
 .text.atexit   0x0000000010003c94        0xc /home/ectf/MaximSDK/Tools/GNUTools/10.3/bin/../lib/gcc/arm-none-eabi/10.3.1/../../../../arm-none-eabi/lib/thumb/v7e-m+fp/softfp/libc.a(lib_a-atexit.o)
                0x0000000010003c94                atexit
 .text.quorem   0x0000000010003ca0      0x128 /home/ectf/MaximSDK/Tools/GNUTools/10.3/bin/../lib/gcc/arm-none-eabi/10.3.1/../../../../arm-none-eabi/lib/thumb/v7e-m+fp/softfp/libc.a(lib_a-dtoa.o)
 .text._dtoa_r  0x0000000010003dc8      0xf34 /home/ectf/MaximSDK/Tools/GNUTools/10.3/bin/../lib/gcc/arm-none-eabi/10.3.1/../../../../arm-none-eabi/lib/thumb/v7e-m+fp/softfp/libc.a(lib_a-dtoa.o)
                0x0000000010003dc8                _dtoa_r
 .text.__sflush_r
                0x0000000010004cfc      0x130 /home/ectf/MaximSDK/Tools/GNUTools/10.3/bin/../lib/gcc/arm-none-eabi/10.3.1/../../../../arm-none-eabi/lib/thumb/v7e-m+fp/softfp/libc.a(lib_a-fflush.o)
                0x0000000010004cfc                __sflush_r
 .text._fflush_r
                0x0000000010004e2c       0x5c /home/ectf/MaximSDK/Tools/GNUTools/10.3/bin/../lib/gcc/arm-none-eabi/10.3.1/../../../../arm-none-eabi/lib/thumb/v7e-m+fp/softfp/libc.a(lib_a-fflush.o)
                0x0000000010004e2c                _fflush_r
 .text._cleanup_r
                0x0000000010004e88        0xc /home/ectf/MaximSDK/Tools/GNUTools/10.3/bin/../lib/gcc/arm-none-eabi/10.3.1/../../../../arm-none-eabi/lib/thumb/v7e-m+fp/softfp/libc.a(lib_a-findfp.o)
                0x0000000010004e88                _cleanup_r
 .text.__sinit  0x0000000010004e94      0x10c /home/ectf/MaximSDK/Tools/GNUTools/10.3/bin/../lib/gcc/arm-none-eabi/10.3.1/../../../../arm-none-eabi/lib/thumb/v7e-m+fp/softfp/libc.a(lib_a-findfp.o)
                0x0000000010004e94                __sinit
 .text.__sfp_lock_acquire
                0x0000000010004fa0        0xc /home/ectf/MaximSDK/Tools/GNUTools/10.3/bin/../lib/gcc/arm-none-eabi/10.3.1/../../../../arm-none-eabi/lib/thumb/v7e-m+fp/softfp/libc.a(lib_a-findfp.o)
                0x0000000010004fa0                __sfp_lock_acquire
 .text.__sfp_lock_release
                0x0000000010004fac        0xc /home/ectf/MaximSDK/Tools/GNUTools/10.3/bin/../lib/gcc/arm-none-eabi/10.3.1/../../../../arm-none-eabi/lib/thumb/v7e-m+fp/softfp/libc.a(lib_a-findfp.o)
                0x0000000010004fac                __sfp_lock_release
 .text.__libc_fini_array
                0x0000000010004fb8       0x2c /home/ectf/MaximSDK/Tools/GNUTools/10.3/bin/../lib/gcc/arm-none-eabi/10.3.1/../../../../arm-none-eabi/lib/thumb/v7e-m+fp/softfp/libc.a(lib_a-fini.o)
                0x0000000010004fb8                __libc_fini_array
 .text._malloc_trim_r
                0x0000000010004fe4       0xa0 /home/ectf/MaximSDK/Tools/GNUTools/10.3/bin/../lib/gcc/arm-none-eabi/10.3.1/../../../../arm-none-eabi/lib/thumb/v7e-m+fp/softfp/libc.a(lib_a-freer.o)
                0x0000000010004fe4                _malloc_trim_r
 .text._free_r  0x0000000010005084      0x20c /home/ectf/MaximSDK/Tools/GNUTools/10.3/bin/../lib/gcc/arm-none-eabi/10.3.1/../../../../arm-none-eabi/lib/thumb/v7e-m+fp/softfp/libc.a(lib_a-freer.o)
                0x0000000010005084                _free_r
 .text.__sfvwrite_r
                0x0000000010005290      0x2f0 /home/ectf/MaximSDK/Tools/GNUTools/10.3/bin/../lib/gcc/arm-none-eabi/10.3.1/../../../../arm-none-eabi/lib/thumb/v7e-m+fp/softfp/libc.a(lib_a-fvwrite.o)
                0x0000000010005290                __sfvwrite_r
 .text._fwalk_reent
                0x0000000010005580       0x48 /home/ectf/MaximSDK/Tools/GNUTools/10.3/bin/../lib/gcc/arm-none-eabi/10.3.1/../../../../arm-none-eabi/lib/thumb/v7e-m+fp/softfp/libc.a(lib_a-fwalk.o)
                0x0000000010005580                _fwalk_reent
 .text._localeconv_r
                0x00000000100055c8        0x8 /home/ectf/MaximSDK/Tools/GNUTools/10.3/bin/../lib/gcc/arm-none-eabi/10.3.1/../../../../arm-none-eabi/lib/thumb/v7e-m+fp/softfp/libc.a(lib_a-localeconv.o)
                0x00000000100055c8                _localeconv_r
 .text.__retarget_lock_init_recursive
                0x00000000100055d0        0x4 /home/ectf/MaximSDK/Tools/GNUTools/10.3/bin/../lib/gcc/arm-none-eabi/10.3.1/../../../../arm-none-eabi/lib/thumb/v7e-m+fp/softfp/libc.a(lib_a-lock.o)
                0x00000000100055d0                __retarget_lock_init_recursive
 .text.__retarget_lock_close_recursive
                0x00000000100055d4        0x4 /home/ectf/MaximSDK/Tools/GNUTools/10.3/bin/../lib/gcc/arm-none-eabi/10.3.1/../../../../arm-none-eabi/lib/thumb/v7e-m+fp/softfp/libc.a(lib_a-lock.o)
                0x00000000100055d4                __retarget_lock_close_recursive
 .text.__retarget_lock_acquire_recursive
                0x00000000100055d8        0x4 /home/ectf/MaximSDK/Tools/GNUTools/10.3/bin/../lib/gcc/arm-none-eabi/10.3.1/../../../../arm-none-eabi/lib/thumb/v7e-m+fp/softfp/libc.a(lib_a-lock.o)
                0x00000000100055d8                __retarget_lock_acquire_recursive
 .text.__retarget_lock_release_recursive
                0x00000000100055dc        0x4 /home/ectf/MaximSDK/Tools/GNUTools/10.3/bin/../lib/gcc/arm-none-eabi/10.3.1/../../../../arm-none-eabi/lib/thumb/v7e-m+fp/softfp/libc.a(lib_a-lock.o)
                0x00000000100055dc                __retarget_lock_release_recursive
 .text.__smakebuf_r
                0x00000000100055e0       0xe0 /home/ectf/MaximSDK/Tools/GNUTools/10.3/bin/../lib/gcc/arm-none-eabi/10.3.1/../../../../arm-none-eabi/lib/thumb/v7e-m+fp/softfp/libc.a(lib_a-makebuf.o)
                0x00000000100055e0                __smakebuf_r
 .text          0x00000000100056c0       0xa0 /home/ectf/MaximSDK/Tools/GNUTools/10.3/bin/../lib/gcc/arm-none-eabi/10.3.1/../../../../arm-none-eabi/lib/thumb/v7e-m+fp/softfp/libc.a(lib_a-memchr.o)
                0x00000000100056c0                memchr
 .text.memmove  0x0000000010005760       0xf8 /home/ectf/MaximSDK/Tools/GNUTools/10.3/bin/../lib/gcc/arm-none-eabi/10.3.1/../../../../arm-none-eabi/lib/thumb/v7e-m+fp/softfp/libc.a(lib_a-memmove.o)
                0x0000000010005760                memmove
 .text._Balloc  0x0000000010005858       0x4c /home/ectf/MaximSDK/Tools/GNUTools/10.3/bin/../lib/gcc/arm-none-eabi/10.3.1/../../../../arm-none-eabi/lib/thumb/v7e-m+fp/softfp/libc.a(lib_a-mprec.o)
                0x0000000010005858                _Balloc
 .text._Bfree   0x00000000100058a4       0x14 /home/ectf/MaximSDK/Tools/GNUTools/10.3/bin/../lib/gcc/arm-none-eabi/10.3.1/../../../../arm-none-eabi/lib/thumb/v7e-m+fp/softfp/libc.a(lib_a-mprec.o)
                0x00000000100058a4                _Bfree
 .text.__multadd
                0x00000000100058b8       0xa8 /home/ectf/MaximSDK/Tools/GNUTools/10.3/bin/../lib/gcc/arm-none-eabi/10.3.1/../../../../arm-none-eabi/lib/thumb/v7e-m+fp/softfp/libc.a(lib_a-mprec.o)
                0x00000000100058b8                __multadd
 .text.__hi0bits
                0x0000000010005960       0x40 /home/ectf/MaximSDK/Tools/GNUTools/10.3/bin/../lib/gcc/arm-none-eabi/10.3.1/../../../../arm-none-eabi/lib/thumb/v7e-m+fp/softfp/libc.a(lib_a-mprec.o)
                0x0000000010005960                __hi0bits
 .text.__lo0bits
                0x00000000100059a0       0x60 /home/ectf/MaximSDK/Tools/GNUTools/10.3/bin/../lib/gcc/arm-none-eabi/10.3.1/../../../../arm-none-eabi/lib/thumb/v7e-m+fp/softfp/libc.a(lib_a-mprec.o)
                0x00000000100059a0                __lo0bits
 .text.__i2b    0x0000000010005a00       0x5c /home/ectf/MaximSDK/Tools/GNUTools/10.3/bin/../lib/gcc/arm-none-eabi/10.3.1/../../../../arm-none-eabi/lib/thumb/v7e-m+fp/softfp/libc.a(lib_a-mprec.o)
                0x0000000010005a00                __i2b
 .text.__multiply
                0x0000000010005a5c      0x15c /home/ectf/MaximSDK/Tools/GNUTools/10.3/bin/../lib/gcc/arm-none-eabi/10.3.1/../../../../arm-none-eabi/lib/thumb/v7e-m+fp/softfp/libc.a(lib_a-mprec.o)
                0x0000000010005a5c                __multiply
 .text.__pow5mult
                0x0000000010005bb8       0xc0 /home/ectf/MaximSDK/Tools/GNUTools/10.3/bin/../lib/gcc/arm-none-eabi/10.3.1/../../../../arm-none-eabi/lib/thumb/v7e-m+fp/softfp/libc.a(lib_a-mprec.o)
                0x0000000010005bb8                __pow5mult
 .text.__lshift
                0x0000000010005c78       0xf0 /home/ectf/MaximSDK/Tools/GNUTools/10.3/bin/../lib/gcc/arm-none-eabi/10.3.1/../../../../arm-none-eabi/lib/thumb/v7e-m+fp/softfp/libc.a(lib_a-mprec.o)
                0x0000000010005c78                __lshift
 .text.__mcmp   0x0000000010005d68       0x44 /home/ectf/MaximSDK/Tools/GNUTools/10.3/bin/../lib/gcc/arm-none-eabi/10.3.1/../../../../arm-none-eabi/lib/thumb/v7e-m+fp/softfp/libc.a(lib_a-mprec.o)
                0x0000000010005d68                __mcmp
 .text.__mdiff  0x0000000010005dac      0x14c /home/ectf/MaximSDK/Tools/GNUTools/10.3/bin/../lib/gcc/arm-none-eabi/10.3.1/../../../../arm-none-eabi/lib/thumb/v7e-m+fp/softfp/libc.a(lib_a-mprec.o)
                0x0000000010005dac                __mdiff
 .text.__d2b    0x0000000010005ef8       0xc4 /home/ectf/MaximSDK/Tools/GNUTools/10.3/bin/../lib/gcc/arm-none-eabi/10.3.1/../../../../arm-none-eabi/lib/thumb/v7e-m+fp/softfp/libc.a(lib_a-mprec.o)
                0x0000000010005ef8                __d2b
 .text._realloc_r
                0x0000000010005fbc      0x3d8 /home/ectf/MaximSDK/Tools/GNUTools/10.3/bin/../lib/gcc/arm-none-eabi/10.3.1/../../../../arm-none-eabi/lib/thumb/v7e-m+fp/softfp/libc.a(lib_a-reallocr.o)
                0x0000000010005fbc                _realloc_r
 .text.frexp    0x0000000010006394       0x70 /home/ectf/MaximSDK/Tools/GNUTools/10.3/bin/../lib/gcc/arm-none-eabi/10.3.1/../../../../arm-none-eabi/lib/thumb/v7e-m+fp/softfp/libc.a(lib_a-s_frexp.o)
                0x0000000010006394                frexp
 .text.__sread  0x0000000010006404       0x24 /home/ectf/MaximSDK/Tools/GNUTools/10.3/bin/../lib/gcc/arm-none-eabi/10.3.1/../../../../arm-none-eabi/lib/thumb/v7e-m+fp/softfp/libc.a(lib_a-stdio.o)
                0x0000000010006404                __sread
 .text.__swrite
                0x0000000010006428       0x40 /home/ectf/MaximSDK/Tools/GNUTools/10.3/bin/../lib/gcc/arm-none-eabi/10.3.1/../../../../arm-none-eabi/lib/thumb/v7e-m+fp/softfp/libc.a(lib_a-stdio.o)
                0x0000000010006428                __swrite
 .text.__sseek  0x0000000010006468       0x20 /home/ectf/MaximSDK/Tools/GNUTools/10.3/bin/../lib/gcc/arm-none-eabi/10.3.1/../../../../arm-none-eabi/lib/thumb/v7e-m+fp/softfp/libc.a(lib_a-stdio.o)
                0x0000000010006468                __sseek
 .text.__sclose
                0x0000000010006488        0x8 /home/ectf/MaximSDK/Tools/GNUTools/10.3/bin/../lib/gcc/arm-none-eabi/10.3.1/../../../../arm-none-eabi/lib/thumb/v7e-m+fp/softfp/libc.a(lib_a-stdio.o)
                0x0000000010006488                __sclose
 .text.strncpy  0x0000000010006490       0x64 /home/ectf/MaximSDK/Tools/GNUTools/10.3/bin/../lib/gcc/arm-none-eabi/10.3.1/../../../../arm-none-eabi/lib/thumb/v7e-m+fp/softfp/libc.a(lib_a-strncpy.o)
                0x0000000010006490                strncpy
 .text.__sprint_r.part.0
                0x00000000100064f4       0x78 /home/ectf/MaximSDK/Tools/GNUTools/10.3/bin/../lib/gcc/arm-none-eabi/10.3.1/../../../../arm-none-eabi/lib/thumb/v7e-m+fp/softfp/libc.a(lib_a-vfiprintf.o)
 .text.__sprint_r
                0x000000001000656c       0x18 /home/ectf/MaximSDK/Tools/GNUTools/10.3/bin/../lib/gcc/arm-none-eabi/10.3.1/../../../../arm-none-eabi/lib/thumb/v7e-m+fp/softfp/libc.a(lib_a-vfiprintf.o)
                0x000000001000656c                __sprint_r
 .text._vfiprintf_r
                0x0000000010006584      0xdfc /home/ectf/MaximSDK/Tools/GNUTools/10.3/bin/../lib/gcc/arm-none-eabi/10.3.1/../../../../arm-none-eabi/lib/thumb/v7e-m+fp/softfp/libc.a(lib_a-vfiprintf.o)
                0x0000000010006584                _vfiprintf_r
 .text.__sbprintf
                0x0000000010007380       0x80 /home/ectf/MaximSDK/Tools/GNUTools/10.3/bin/../lib/gcc/arm-none-eabi/10.3.1/../../../../arm-none-eabi/lib/thumb/v7e-m+fp/softfp/libc.a(lib_a-vfiprintf.o)
 .text._write_r
                0x0000000010007400       0x2c /home/ectf/MaximSDK/Tools/GNUTools/10.3/bin/../lib/gcc/arm-none-eabi/10.3.1/../../../../arm-none-eabi/lib/thumb/v7e-m+fp/softfp/libc.a(lib_a-writer.o)
                0x0000000010007400                _write_r
 .text.__register_exitproc
                0x000000001000742c       0x8c /home/ectf/MaximSDK/Tools/GNUTools/10.3/bin/../lib/gcc/arm-none-eabi/10.3.1/../../../../arm-none-eabi/lib/thumb/v7e-m+fp/softfp/libc.a(lib_a-__atexit.o)
                0x000000001000742c                __register_exitproc
 .text.__assert_func
                0x00000000100074b8       0x40 /home/ectf/MaximSDK/Tools/GNUTools/10.3/bin/../lib/gcc/arm-none-eabi/10.3.1/../../../../arm-none-eabi/lib/thumb/v7e-m+fp/softfp/libc.a(lib_a-assert.o)
                0x00000000100074b8                __assert_func
 .text._calloc_r
                0x00000000100074f8       0x78 /home/ectf/MaximSDK/Tools/GNUTools/10.3/bin/../lib/gcc/arm-none-eabi/10.3.1/../../../../arm-none-eabi/lib/thumb/v7e-m+fp/softfp/libc.a(lib_a-callocr.o)
                0x00000000100074f8                _calloc_r
 .text._close_r
                0x0000000010007570       0x24 /home/ectf/MaximSDK/Tools/GNUTools/10.3/bin/../lib/gcc/arm-none-eabi/10.3.1/../../../../arm-none-eabi/lib/thumb/v7e-m+fp/softfp/libc.a(lib_a-closer.o)
                0x0000000010007570                _close_r
 .text._fclose_r
                0x0000000010007594       0xcc /home/ectf/MaximSDK/Tools/GNUTools/10.3/bin/../lib/gcc/arm-none-eabi/10.3.1/../../../../arm-none-eabi/lib/thumb/v7e-m+fp/softfp/libc.a(lib_a-fclose.o)
                0x0000000010007594                _fclose_r
 .text.fiprintf
                0x0000000010007660       0x28 /home/ectf/MaximSDK/Tools/GNUTools/10.3/bin/../lib/gcc/arm-none-eabi/10.3.1/../../../../arm-none-eabi/lib/thumb/v7e-m+fp/softfp/libc.a(lib_a-fiprintf.o)
                0x0000000010007660                fiprintf
 .text.__fputwc
                0x0000000010007688       0xa8 /home/ectf/MaximSDK/Tools/GNUTools/10.3/bin/../lib/gcc/arm-none-eabi/10.3.1/../../../../arm-none-eabi/lib/thumb/v7e-m+fp/softfp/libc.a(lib_a-fputwc.o)
                0x0000000010007688                __fputwc
 .text._fputwc_r
                0x0000000010007730       0x68 /home/ectf/MaximSDK/Tools/GNUTools/10.3/bin/../lib/gcc/arm-none-eabi/10.3.1/../../../../arm-none-eabi/lib/thumb/v7e-m+fp/softfp/libc.a(lib_a-fputwc.o)
                0x0000000010007730                _fputwc_r
 .text._fstat_r
                0x0000000010007798       0x2c /home/ectf/MaximSDK/Tools/GNUTools/10.3/bin/../lib/gcc/arm-none-eabi/10.3.1/../../../../arm-none-eabi/lib/thumb/v7e-m+fp/softfp/libc.a(lib_a-fstatr.o)
                0x0000000010007798                _fstat_r
 .text._isatty_r
                0x00000000100077c4       0x24 /home/ectf/MaximSDK/Tools/GNUTools/10.3/bin/../lib/gcc/arm-none-eabi/10.3.1/../../../../arm-none-eabi/lib/thumb/v7e-m+fp/softfp/libc.a(lib_a-isattyr.o)
                0x00000000100077c4                _isatty_r
 .text.__locale_mb_cur_max
                0x00000000100077e8        0xc /home/ectf/MaximSDK/Tools/GNUTools/10.3/bin/../lib/gcc/arm-none-eabi/10.3.1/../../../../arm-none-eabi/lib/thumb/v7e-m+fp/softfp/libc.a(lib_a-locale.o)
                0x00000000100077e8                __locale_mb_cur_max
 .text._lseek_r
                0x00000000100077f4       0x2c /home/ectf/MaximSDK/Tools/GNUTools/10.3/bin/../lib/gcc/arm-none-eabi/10.3.1/../../../../arm-none-eabi/lib/thumb/v7e-m+fp/softfp/libc.a(lib_a-lseekr.o)
                0x00000000100077f4                _lseek_r
 .text.__ascii_mbtowc
                0x0000000010007820       0x2c /home/ectf/MaximSDK/Tools/GNUTools/10.3/bin/../lib/gcc/arm-none-eabi/10.3.1/../../../../arm-none-eabi/lib/thumb/v7e-m+fp/softfp/libc.a(lib_a-mbtowc_r.o)
                0x0000000010007820                __ascii_mbtowc
 .text._read_r  0x000000001000784c       0x2c /home/ectf/MaximSDK/Tools/GNUTools/10.3/bin/../lib/gcc/arm-none-eabi/10.3.1/../../../../arm-none-eabi/lib/thumb/v7e-m+fp/softfp/libc.a(lib_a-readr.o)
                0x000000001000784c                _read_r
 .text.__swbuf_r
                0x0000000010007878       0xb0 /home/ectf/MaximSDK/Tools/GNUTools/10.3/bin/../lib/gcc/arm-none-eabi/10.3.1/../../../../arm-none-eabi/lib/thumb/v7e-m+fp/softfp/libc.a(lib_a-wbuf.o)
                0x0000000010007878                __swbuf_r
 .text._wcrtomb_r
                0x0000000010007928       0x3c /home/ectf/MaximSDK/Tools/GNUTools/10.3/bin/../lib/gcc/arm-none-eabi/10.3.1/../../../../arm-none-eabi/lib/thumb/v7e-m+fp/softfp/libc.a(lib_a-wcrtomb.o)
                0x0000000010007928                _wcrtomb_r
 .text.__ascii_wctomb
                0x0000000010007964       0x1c /home/ectf/MaximSDK/Tools/GNUTools/10.3/bin/../lib/gcc/arm-none-eabi/10.3.1/../../../../arm-none-eabi/lib/thumb/v7e-m+fp/softfp/libc.a(lib_a-wctomb_r.o)
                0x0000000010007964                __ascii_wctomb
 .text.abort    0x0000000010007980       0x10 /home/ectf/MaximSDK/Tools/GNUTools/10.3/bin/../lib/gcc/arm-none-eabi/10.3.1/../../../../arm-none-eabi/lib/thumb/v7e-m+fp/softfp/libc.a(lib_a-abort.o)
                0x0000000010007980                abort
 .text.raise    0x0000000010007990       0x5c /home/ectf/MaximSDK/Tools/GNUTools/10.3/bin/../lib/gcc/arm-none-eabi/10.3.1/../../../../arm-none-eabi/lib/thumb/v7e-m+fp/softfp/libc.a(lib_a-signal.o)
                0x0000000010007990                raise
 .text._kill_r  0x00000000100079ec       0x2c /home/ectf/MaximSDK/Tools/GNUTools/10.3/bin/../lib/gcc/arm-none-eabi/10.3.1/../../../../arm-none-eabi/lib/thumb/v7e-m+fp/softfp/libc.a(lib_a-signalr.o)
                0x00000000100079ec                _kill_r
 .text._getpid_r
                0x0000000010007a18        0x4 /home/ectf/MaximSDK/Tools/GNUTools/10.3/bin/../lib/gcc/arm-none-eabi/10.3.1/../../../../arm-none-eabi/lib/thumb/v7e-m+fp/softfp/libc.a(lib_a-signalr.o)
                0x0000000010007a18                _getpid_r
 .text._exit    0x0000000010007a1c        0x4 /home/ectf/MaximSDK/Tools/GNUTools/10.3/bin/../lib/gcc/arm-none-eabi/10.3.1/../../../../arm-none-eabi/lib/thumb/v7e-m+fp/softfp/libnosys.a(_exit.o)
                0x0000000010007a1c                _exit
 .text          0x0000000010007a20      0x378 /home/ectf/MaximSDK/Tools/GNUTools/10.3/bin/../lib/gcc/arm-none-eabi/10.3.1/thumb/v7e-m+fp/softfp/libgcc.a(_arm_addsubdf3.o)
                0x0000000010007a20                __aeabi_drsub
                0x0000000010007a28                __aeabi_dsub
                0x0000000010007a28                __subdf3
                0x0000000010007a2c                __adddf3
                0x0000000010007a2c                __aeabi_dadd
                0x0000000010007ca4                __aeabi_ui2d
                0x0000000010007ca4                __floatunsidf
                0x0000000010007cc4                __floatsidf
                0x0000000010007cc4                __aeabi_i2d
                0x0000000010007ce8                __extendsfdf2
                0x0000000010007ce8                __aeabi_f2d
                0x0000000010007d2c                __aeabi_ul2d
                0x0000000010007d2c                __floatundidf
                0x0000000010007d3c                __floatdidf
                0x0000000010007d3c                __aeabi_l2d
 .text          0x0000000010007d98      0x424 /home/ectf/MaximSDK/Tools/GNUTools/10.3/bin/../lib/gcc/arm-none-eabi/10.3.1/thumb/v7e-m+fp/softfp/libgcc.a(_arm_muldivdf3.o)
                0x0000000010007d98                __aeabi_dmul
                0x0000000010007d98                __muldf3
                0x0000000010007fec                __aeabi_ddiv
                0x0000000010007fec                __divdf3
 .text          0x00000000100081bc      0x110 /home/ectf/MaximSDK/Tools/GNUTools/10.3/bin/../lib/gcc/arm-none-eabi/10.3.1/thumb/v7e-m+fp/softfp/libgcc.a(_arm_cmpdf2.o)
                0x00000000100081bc                __gtdf2
                0x00000000100081bc                __gedf2
                0x00000000100081c4                __ltdf2
                0x00000000100081c4                __ledf2
                0x00000000100081cc                __cmpdf2
                0x00000000100081cc                __eqdf2
                0x00000000100081cc                __nedf2
                0x0000000010008248                __aeabi_cdrcmple
                0x0000000010008258                __aeabi_cdcmple
                0x0000000010008258                __aeabi_cdcmpeq
                0x0000000010008268                __aeabi_dcmpeq
                0x000000001000827c                __aeabi_dcmplt
                0x0000000010008290                __aeabi_dcmple
                0x00000000100082a4                __aeabi_dcmpge
                0x00000000100082b8                __aeabi_dcmpgt
 .text          0x00000000100082cc       0x2c /home/ectf/MaximSDK/Tools/GNUTools/10.3/bin/../lib/gcc/arm-none-eabi/10.3.1/thumb/v7e-m+fp/softfp/libgcc.a(_arm_unorddf2.o)
                0x00000000100082cc                __aeabi_dcmpun
                0x00000000100082cc                __unorddf2
 .text          0x00000000100082f8       0x50 /home/ectf/MaximSDK/Tools/GNUTools/10.3/bin/../lib/gcc/arm-none-eabi/10.3.1/thumb/v7e-m+fp/softfp/libgcc.a(_arm_fixdfsi.o)
                0x00000000100082f8                __fixdfsi
                0x00000000100082f8                __aeabi_d2iz
 .text          0x0000000010008348       0x30 /home/ectf/MaximSDK/Tools/GNUTools/10.3/bin/../lib/gcc/arm-none-eabi/10.3.1/thumb/v7e-m+fp/softfp/libgcc.a(_aeabi_uldivmod.o)
                0x0000000010008348                __aeabi_uldivmod
 .text          0x0000000010008378      0x2d0 /home/ectf/MaximSDK/Tools/GNUTools/10.3/bin/../lib/gcc/arm-none-eabi/10.3.1/thumb/v7e-m+fp/softfp/libgcc.a(_udivmoddi4.o)
                0x0000000010008378                __udivmoddi4
 .text          0x0000000010008648        0x4 /home/ectf/MaximSDK/Tools/GNUTools/10.3/bin/../lib/gcc/arm-none-eabi/10.3.1/thumb/v7e-m+fp/softfp/libgcc.a(_dvmd_tls.o)
                0x0000000010008648                __aeabi_ldiv0
                0x0000000010008648                __aeabi_idiv0
 *(.rodata*)
 .rodata.main.str1.4
                0x000000001000864c       0x1c /home/ectf/Desktop/MAX78000_TestGround/Hello_World/build/main.o
 .rodata.mxc_assert.str1.4
                0x0000000010008668       0x19 /home/ectf/Desktop/MAX78000_TestGround/Hello_World/build/board.o
 *fill*         0x0000000010008681        0x3 
 .rodata.Board_Init.str1.4
                0x0000000010008684       0x4d /home/ectf/Desktop/MAX78000_TestGround/Hello_World/build/board.o
 *fill*         0x00000000100086d1        0x3 
 .rodata.led_pin
                0x00000000100086d4       0x24 /home/ectf/Desktop/MAX78000_TestGround/Hello_World/build/board.o
                0x00000000100086d4                led_pin
 .rodata.num_leds
                0x00000000100086f8        0x4 /home/ectf/Desktop/MAX78000_TestGround/Hello_World/build/board.o
                0x00000000100086f8                num_leds
 .rodata.num_pbs
                0x00000000100086fc        0x4 /home/ectf/Desktop/MAX78000_TestGround/Hello_World/build/board.o
                0x00000000100086fc                num_pbs
 .rodata.pb_pin
                0x0000000010008700       0x18 /home/ectf/Desktop/MAX78000_TestGround/Hello_World/build/board.o
                0x0000000010008700                pb_pin
 .rodata.LED_On.str1.4
                0x0000000010008718       0x43 /home/ectf/Desktop/MAX78000_TestGround/Hello_World/build/led.o
 *fill*         0x000000001000875b        0x1 
 .rodata.gpio_cfg_extclk
                0x000000001000875c        0xc /home/ectf/MaximSDK/Libraries/PeriphDrivers/bin/MAX78000/spi-v1_softfp/libPeriphDriver_spi-v1_softfp.a(pins_ai85.o)
                0x000000001000875c                gpio_cfg_extclk
 .rodata.gpio_cfg_uart0
                0x0000000010008768        0xc /home/ectf/MaximSDK/Libraries/PeriphDrivers/bin/MAX78000/spi-v1_softfp/libPeriphDriver_spi-v1_softfp.a(pins_ai85.o)
                0x0000000010008768                gpio_cfg_uart0
 .rodata.gpio_cfg_uart1
                0x0000000010008774        0xc /home/ectf/MaximSDK/Libraries/PeriphDrivers/bin/MAX78000/spi-v1_softfp/libPeriphDriver_spi-v1_softfp.a(pins_ai85.o)
                0x0000000010008774                gpio_cfg_uart1
 .rodata.gpio_cfg_uart2
                0x0000000010008780        0xc /home/ectf/MaximSDK/Libraries/PeriphDrivers/bin/MAX78000/spi-v1_softfp/libPeriphDriver_spi-v1_softfp.a(pins_ai85.o)
                0x0000000010008780                gpio_cfg_uart2
 .rodata.gpio_cfg_uart3
                0x000000001000878c        0xc /home/ectf/MaximSDK/Libraries/PeriphDrivers/bin/MAX78000/spi-v1_softfp/libPeriphDriver_spi-v1_softfp.a(pins_ai85.o)
                0x000000001000878c                gpio_cfg_uart3
 .rodata.MXC_UART_RevB_Init.str1.4
                0x0000000010008798       0x7f /home/ectf/MaximSDK/Libraries/PeriphDrivers/bin/MAX78000/spi-v1_softfp/libPeriphDriver_spi-v1_softfp.a(uart_revb.o)
 *fill*         0x0000000010008817        0x1 
 .rodata.MXC_UART_RevB_SetClockSource.str1.4
                0x0000000010008818       0x27 /home/ectf/MaximSDK/Libraries/PeriphDrivers/bin/MAX78000/spi-v1_softfp/libPeriphDriver_spi-v1_softfp.a(uart_revb.o)
 *fill*         0x000000001000883f        0x1 
 .rodata.MXC_GPIO_Common_Handler.str1.4
                0x0000000010008840       0x6e /home/ectf/MaximSDK/Libraries/PeriphDrivers/bin/MAX78000/spi-v1_softfp/libPeriphDriver_spi-v1_softfp.a(gpio_common.o)
 *fill*         0x00000000100088ae        0x2 
 .rodata._global_impure_ptr
                0x00000000100088b0        0x4 /home/ectf/MaximSDK/Tools/GNUTools/10.3/bin/../lib/gcc/arm-none-eabi/10.3.1/../../../../arm-none-eabi/lib/thumb/v7e-m+fp/softfp/libc.a(lib_a-impure.o)
                0x00000000100088b0                _global_impure_ptr
 .rodata._puts_r.str1.4
                0x00000000100088b4        0x2 /home/ectf/MaximSDK/Tools/GNUTools/10.3/bin/../lib/gcc/arm-none-eabi/10.3.1/../../../../arm-none-eabi/lib/thumb/v7e-m+fp/softfp/libc.a(lib_a-puts.o)
 *fill*         0x00000000100088b6        0x2 
 .rodata._vfprintf_r.str1.4
                0x00000000100088b8       0x42 /home/ectf/MaximSDK/Tools/GNUTools/10.3/bin/../lib/gcc/arm-none-eabi/10.3.1/../../../../arm-none-eabi/lib/thumb/v7e-m+fp/softfp/libc.a(lib_a-vfprintf.o)
 *fill*         0x00000000100088fa        0x2 
 .rodata.blanks.1
                0x00000000100088fc       0x10 /home/ectf/MaximSDK/Tools/GNUTools/10.3/bin/../lib/gcc/arm-none-eabi/10.3.1/../../../../arm-none-eabi/lib/thumb/v7e-m+fp/softfp/libc.a(lib_a-vfprintf.o)
 .rodata.zeroes.0
                0x000000001000890c       0x10 /home/ectf/MaximSDK/Tools/GNUTools/10.3/bin/../lib/gcc/arm-none-eabi/10.3.1/../../../../arm-none-eabi/lib/thumb/v7e-m+fp/softfp/libc.a(lib_a-vfprintf.o)
 .rodata._dtoa_r.str1.4
                0x000000001000891c       0xa2 /home/ectf/MaximSDK/Tools/GNUTools/10.3/bin/../lib/gcc/arm-none-eabi/10.3.1/../../../../arm-none-eabi/lib/thumb/v7e-m+fp/softfp/libc.a(lib_a-dtoa.o)
                                         0xa6 (size before relaxing)
 *fill*         0x00000000100089be        0x2 
 .rodata.__multadd.str1.4
                0x00000000100089c0       0x7f /home/ectf/MaximSDK/Tools/GNUTools/10.3/bin/../lib/gcc/arm-none-eabi/10.3.1/../../../../arm-none-eabi/lib/thumb/v7e-m+fp/softfp/libc.a(lib_a-mprec.o)
                                         0x93 (size before relaxing)
 *fill*         0x0000000010008a3f        0x1 
 .rodata.__mprec_bigtens
                0x0000000010008a40       0x28 /home/ectf/MaximSDK/Tools/GNUTools/10.3/bin/../lib/gcc/arm-none-eabi/10.3.1/../../../../arm-none-eabi/lib/thumb/v7e-m+fp/softfp/libc.a(lib_a-mprec.o)
                0x0000000010008a40                __mprec_bigtens
 .rodata.__mprec_tens
                0x0000000010008a68       0xc8 /home/ectf/MaximSDK/Tools/GNUTools/10.3/bin/../lib/gcc/arm-none-eabi/10.3.1/../../../../arm-none-eabi/lib/thumb/v7e-m+fp/softfp/libc.a(lib_a-mprec.o)
                0x0000000010008a68                __mprec_tens
 .rodata.p05.0  0x0000000010008b30        0xc /home/ectf/MaximSDK/Tools/GNUTools/10.3/bin/../lib/gcc/arm-none-eabi/10.3.1/../../../../arm-none-eabi/lib/thumb/v7e-m+fp/softfp/libc.a(lib_a-mprec.o)
 .rodata._vfiprintf_r.str1.4
                0x0000000010008b3c       0x2f /home/ectf/MaximSDK/Tools/GNUTools/10.3/bin/../lib/gcc/arm-none-eabi/10.3.1/../../../../arm-none-eabi/lib/thumb/v7e-m+fp/softfp/libc.a(lib_a-vfiprintf.o)
 .rodata.blanks.1
                0x0000000010008b3c       0x10 /home/ectf/MaximSDK/Tools/GNUTools/10.3/bin/../lib/gcc/arm-none-eabi/10.3.1/../../../../arm-none-eabi/lib/thumb/v7e-m+fp/softfp/libc.a(lib_a-vfiprintf.o)
 .rodata.zeroes.0
                0x0000000010008b4c       0x10 /home/ectf/MaximSDK/Tools/GNUTools/10.3/bin/../lib/gcc/arm-none-eabi/10.3.1/../../../../arm-none-eabi/lib/thumb/v7e-m+fp/softfp/libc.a(lib_a-vfiprintf.o)
 .rodata.__assert_func.str1.4
                0x0000000010008b5c       0x3f /home/ectf/MaximSDK/Tools/GNUTools/10.3/bin/../lib/gcc/arm-none-eabi/10.3.1/../../../../arm-none-eabi/lib/thumb/v7e-m+fp/softfp/libc.a(lib_a-assert.o)
                                         0x43 (size before relaxing)
 *fill*         0x0000000010008b9b        0x1 
 .rodata._setlocale_r.str1.4
                0x0000000010008b9c        0xa /home/ectf/MaximSDK/Tools/GNUTools/10.3/bin/../lib/gcc/arm-none-eabi/10.3.1/../../../../arm-none-eabi/lib/thumb/v7e-m+fp/softfp/libc.a(lib_a-locale.o)
                                          0xd (size before relaxing)
 *fill*         0x0000000010008ba6        0x2 
 .rodata.str1.4
                0x0000000010008ba8        0x2 /home/ectf/MaximSDK/Tools/GNUTools/10.3/bin/../lib/gcc/arm-none-eabi/10.3.1/../../../../arm-none-eabi/lib/thumb/v7e-m+fp/softfp/libc.a(lib_a-locale.o)
 *fill*         0x0000000010008baa        0x2 
 .rodata._ctype_
                0x0000000010008bac      0x101 /home/ectf/MaximSDK/Tools/GNUTools/10.3/bin/../lib/gcc/arm-none-eabi/10.3.1/../../../../arm-none-eabi/lib/thumb/v7e-m+fp/softfp/libc.a(lib_a-ctype_.o)
                0x0000000010008bac                _ctype_
 *(.init)
 *fill*         0x0000000010008cad        0x3 
 .init          0x0000000010008cb0        0x4 /home/ectf/MaximSDK/Tools/GNUTools/10.3/bin/../lib/gcc/arm-none-eabi/10.3.1/thumb/v7e-m+fp/softfp/crti.o
                0x0000000010008cb0                _init
 .init          0x0000000010008cb4        0x8 /home/ectf/MaximSDK/Tools/GNUTools/10.3/bin/../lib/gcc/arm-none-eabi/10.3.1/thumb/v7e-m+fp/softfp/crtn.o
 *(.fini)
 .fini          0x0000000010008cbc        0x4 /home/ectf/MaximSDK/Tools/GNUTools/10.3/bin/../lib/gcc/arm-none-eabi/10.3.1/thumb/v7e-m+fp/softfp/crti.o
                0x0000000010008cbc                _fini
 .fini          0x0000000010008cc0        0x8 /home/ectf/MaximSDK/Tools/GNUTools/10.3/bin/../lib/gcc/arm-none-eabi/10.3.1/thumb/v7e-m+fp/softfp/crtn.o
 *crtbegin.o(.ctors)
 *crtbegin?.o(.ctors)
 *(EXCLUDE_FILE(*crtend.o *crtend?.o) .ctors)
 *(SORT_BY_NAME(.ctors.*))
 *(.ctors)
 *crtbegin.o(.dtors)
 *crtbegin?.o(.dtors)
 *(EXCLUDE_FILE(*crtend.o *crtend?.o) .dtors)
 *(SORT_BY_NAME(.dtors.*))
 *(.dtors)
 *(.eh_frame*)
 .eh_frame      0x0000000010008cc8        0x0 /home/ectf/MaximSDK/Tools/GNUTools/10.3/bin/../lib/gcc/arm-none-eabi/10.3.1/thumb/v7e-m+fp/softfp/crtbegin.o
 .eh_frame      0x0000000010008cc8        0x4 /home/ectf/MaximSDK/Tools/GNUTools/10.3/bin/../lib/gcc/arm-none-eabi/10.3.1/thumb/v7e-m+fp/softfp/crtend.o
                0x0000000010008ccc                _etext = .

.glue_7         0x0000000010008ccc        0x0
 .glue_7        0x0000000010008ccc        0x0 linker stubs

.glue_7t        0x0000000010008ccc        0x0
 .glue_7t       0x0000000010008ccc        0x0 linker stubs

.vfp11_veneer   0x0000000010008ccc        0x0
 .vfp11_veneer  0x0000000010008ccc        0x0 linker stubs

.v4_bx          0x0000000010008ccc        0x0
 .v4_bx         0x0000000010008ccc        0x0 linker stubs

.iplt           0x0000000010008ccc        0x0
 .iplt          0x0000000010008ccc        0x0 /home/ectf/MaximSDK/Tools/GNUTools/10.3/bin/../lib/gcc/arm-none-eabi/10.3.1/thumb/v7e-m+fp/softfp/crtbegin.o

.ARM.extab
 *(.ARM.extab* .gnu.linkonce.armextab.*)

.bin_storage    0x0000000010008ccc        0x0
 FILL mask 0xff
                0x0000000010008ccc                _bin_start_ = .
 *(.bin_storage_img)
                0x0000000010008ccc                _bin_end_ = .
                0x0000000010008ccc                . = ALIGN (0x4)

.rom_code       0x0000000000000000        0x0
                0x0000000000000000                . = ALIGN (0x10)
                0x0000000020000000                _sran_code = .
 *(.rom_code_section)
                0x0000000020000000                _esran_code = .

.flash_code     0x0000000010008ccc        0x4
                0x0000000010008cd0                . = ALIGN (0x10)
 *fill*         0x0000000010008ccc        0x4 
                0x0000000020000000                _sran_code = .
 *(.flash_code_section)
                0x0000000020000000                _esran_code = .

.sram_code      0x0000000020000000        0x0
                0x0000000020000000                . = ALIGN (0x10)
                0x0000000020000000                _sran_code = .
 *(.sram_code_section)
                0x0000000020000000                _esran_code = .

.ARM.exidx      0x0000000010008cd0        0x8
                0x0000000010008cd0                __exidx_start = .
 *(.ARM.exidx* .gnu.linkonce.armexidx.*)
 .ARM.exidx     0x0000000010008cd0        0x8 /home/ectf/MaximSDK/Tools/GNUTools/10.3/bin/../lib/gcc/arm-none-eabi/10.3.1/thumb/v7e-m+fp/softfp/libgcc.a(_udivmoddi4.o)
                0x0000000010008cd8                __exidx_end = .

.rel.dyn        0x0000000010008cd8        0x0
 .rel.iplt      0x0000000010008cd8        0x0 /home/ectf/MaximSDK/Tools/GNUTools/10.3/bin/../lib/gcc/arm-none-eabi/10.3.1/thumb/v7e-m+fp/softfp/crtbegin.o

.data           0x0000000020000000      0xa24 load address 0x0000000010008cd8
                0x0000000020000000                _data = ALIGN (., 0x4)
 *(vtable)
 *(.data*)
 .data.ConsoleUart
                0x0000000020000000        0x4 /home/ectf/Desktop/MAX78000_TestGround/Hello_World/build/board.o
                0x0000000020000000                ConsoleUart
 .data.overflows
                0x0000000020000004        0x4 /home/ectf/MaximSDK/Libraries/PeriphDrivers/bin/MAX78000/spi-v1_softfp/libPeriphDriver_spi-v1_softfp.a(mxc_delay.o)
 .data.states   0x0000000020000008       0x60 /home/ectf/MaximSDK/Libraries/PeriphDrivers/bin/MAX78000/spi-v1_softfp/libPeriphDriver_spi-v1_softfp.a(uart_revb.o)
 .data._impure_ptr
                0x0000000020000068        0x4 /home/ectf/MaximSDK/Tools/GNUTools/10.3/bin/../lib/gcc/arm-none-eabi/10.3.1/../../../../arm-none-eabi/lib/thumb/v7e-m+fp/softfp/libc.a(lib_a-impure.o)
                0x0000000020000068                _impure_ptr
 *fill*         0x000000002000006c        0x4 
 .data.impure_data
                0x0000000020000070      0x428 /home/ectf/MaximSDK/Tools/GNUTools/10.3/bin/../lib/gcc/arm-none-eabi/10.3.1/../../../../arm-none-eabi/lib/thumb/v7e-m+fp/softfp/libc.a(lib_a-impure.o)
 .data.__malloc_av_
                0x0000000020000498      0x408 /home/ectf/MaximSDK/Tools/GNUTools/10.3/bin/../lib/gcc/arm-none-eabi/10.3.1/../../../../arm-none-eabi/lib/thumb/v7e-m+fp/softfp/libc.a(lib_a-mallocr.o)
                0x0000000020000498                __malloc_av_
 .data.__malloc_sbrk_base
                0x00000000200008a0        0x4 /home/ectf/MaximSDK/Tools/GNUTools/10.3/bin/../lib/gcc/arm-none-eabi/10.3.1/../../../../arm-none-eabi/lib/thumb/v7e-m+fp/softfp/libc.a(lib_a-mallocr.o)
                0x00000000200008a0                __malloc_sbrk_base
 .data.__malloc_trim_threshold
                0x00000000200008a4        0x4 /home/ectf/MaximSDK/Tools/GNUTools/10.3/bin/../lib/gcc/arm-none-eabi/10.3.1/../../../../arm-none-eabi/lib/thumb/v7e-m+fp/softfp/libc.a(lib_a-mallocr.o)
                0x00000000200008a4                __malloc_trim_threshold
 .data.__atexit_recursive_mutex
                0x00000000200008a8        0x4 /home/ectf/MaximSDK/Tools/GNUTools/10.3/bin/../lib/gcc/arm-none-eabi/10.3.1/../../../../arm-none-eabi/lib/thumb/v7e-m+fp/softfp/libc.a(lib_a-__call_atexit.o)
                0x00000000200008a8                __atexit_recursive_mutex
 .data.__global_locale
                0x00000000200008ac      0x16c /home/ectf/MaximSDK/Tools/GNUTools/10.3/bin/../lib/gcc/arm-none-eabi/10.3.1/../../../../arm-none-eabi/lib/thumb/v7e-m+fp/softfp/libc.a(lib_a-locale.o)
                0x00000000200008ac                __global_locale
 *(.flashprog*)
                0x0000000020000a18                . = ALIGN (0x4)
                0x0000000020000a18                PROVIDE (__preinit_array_start = .)
 *(.preinit_array)
                0x0000000020000a18                PROVIDE (__preinit_array_end = .)
                0x0000000020000a18                . = ALIGN (0x4)
                0x0000000020000a18                PROVIDE (__init_array_start = .)
 *(SORT_BY_NAME(.init_array.*))
 .init_array.00000
                0x0000000020000a18        0x4 /home/ectf/MaximSDK/Tools/GNUTools/10.3/bin/../lib/gcc/arm-none-eabi/10.3.1/../../../../arm-none-eabi/lib/thumb/v7e-m+fp/softfp/libc.a(lib_a-__call_atexit.o)
 *(.init_array)
 .init_array    0x0000000020000a1c        0x4 /home/ectf/MaximSDK/Tools/GNUTools/10.3/bin/../lib/gcc/arm-none-eabi/10.3.1/thumb/v7e-m+fp/softfp/crtbegin.o
                0x0000000020000a20                PROVIDE (__init_array_end = .)
                0x0000000020000a20                . = ALIGN (0x4)
                0x0000000020000a20                PROVIDE (__fini_array_start = .)
 *(SORT_BY_NAME(.fini_array.*))
 *(.fini_array)
 .fini_array    0x0000000020000a20        0x4 /home/ectf/MaximSDK/Tools/GNUTools/10.3/bin/../lib/gcc/arm-none-eabi/10.3.1/thumb/v7e-m+fp/softfp/crtbegin.o
                0x0000000020000a24                PROVIDE (__fini_array_end = .)
                0x0000000020000a24                _edata = ALIGN (., 0x4)
                0x0000000010008cd8                __load_data = LOADADDR (.data)

.igot.plt       0x0000000020000a24        0x0 load address 0x00000000100096fc
 .igot.plt      0x0000000020000a24        0x0 /home/ectf/MaximSDK/Tools/GNUTools/10.3/bin/../lib/gcc/arm-none-eabi/10.3.1/thumb/v7e-m+fp/softfp/crtbegin.o

.bss            0x0000000020000a24      0x480 load address 0x00000000100096fc
                0x0000000020000a24                . = ALIGN (0x4)
                0x0000000020000a24                _bss = .
 *(.bss*)
 .bss           0x0000000020000a24       0x1c /home/ectf/MaximSDK/Tools/GNUTools/10.3/bin/../lib/gcc/arm-none-eabi/10.3.1/thumb/v7e-m+fp/softfp/crtbegin.o
 .bss.g_pb_polarity
                0x0000000020000a40        0x4 /home/ectf/Desktop/MAX78000_TestGround/Hello_World/build/pb.o
 .bss.heap_end  0x0000000020000a44        0x4 /home/ectf/Desktop/MAX78000_TestGround/Hello_World/build/heap.o
 .bss.cbFunc    0x0000000020000a48        0x4 /home/ectf/MaximSDK/Libraries/PeriphDrivers/bin/MAX78000/spi-v1_softfp/libPeriphDriver_spi-v1_softfp.a(mxc_delay.o)
 .bss.ctrl_save
                0x0000000020000a4c        0x4 /home/ectf/MaximSDK/Libraries/PeriphDrivers/bin/MAX78000/spi-v1_softfp/libPeriphDriver_spi-v1_softfp.a(mxc_delay.o)
 .bss.endtick   0x0000000020000a50        0x4 /home/ectf/MaximSDK/Libraries/PeriphDrivers/bin/MAX78000/spi-v1_softfp/libPeriphDriver_spi-v1_softfp.a(mxc_delay.o)
 .bss.g_is_clock_locked
                0x0000000020000a54        0x4 /home/ectf/MaximSDK/Libraries/PeriphDrivers/bin/MAX78000/spi-v1_softfp/libPeriphDriver_spi-v1_softfp.a(uart_revb.o)
 .bss.callback  0x0000000020000a58      0x200 /home/ectf/MaximSDK/Libraries/PeriphDrivers/bin/MAX78000/spi-v1_softfp/libPeriphDriver_spi-v1_softfp.a(gpio_common.o)
 .bss.cbparam   0x0000000020000c58      0x200 /home/ectf/MaximSDK/Libraries/PeriphDrivers/bin/MAX78000/spi-v1_softfp/libPeriphDriver_spi-v1_softfp.a(gpio_common.o)
 .bss.cfg_lock  0x0000000020000e58        0x1 /home/ectf/MaximSDK/Libraries/PeriphDrivers/bin/MAX78000/spi-v1_softfp/libPeriphDriver_spi-v1_softfp.a(gpio_common.o)
 .bss.initialized
                0x0000000020000e59        0x1 /home/ectf/MaximSDK/Libraries/PeriphDrivers/bin/MAX78000/spi-v1_softfp/libPeriphDriver_spi-v1_softfp.a(gpio_common.o)
 *fill*         0x0000000020000e5a        0x2 
 .bss.__malloc_current_mallinfo
                0x0000000020000e5c       0x28 /home/ectf/MaximSDK/Tools/GNUTools/10.3/bin/../lib/gcc/arm-none-eabi/10.3.1/../../../../arm-none-eabi/lib/thumb/v7e-m+fp/softfp/libc.a(lib_a-mallocr.o)
                0x0000000020000e5c                __malloc_current_mallinfo
 .bss.__malloc_max_sbrked_mem
                0x0000000020000e84        0x4 /home/ectf/MaximSDK/Tools/GNUTools/10.3/bin/../lib/gcc/arm-none-eabi/10.3.1/../../../../arm-none-eabi/lib/thumb/v7e-m+fp/softfp/libc.a(lib_a-mallocr.o)
                0x0000000020000e84                __malloc_max_sbrked_mem
 .bss.__malloc_max_total_mem
                0x0000000020000e88        0x4 /home/ectf/MaximSDK/Tools/GNUTools/10.3/bin/../lib/gcc/arm-none-eabi/10.3.1/../../../../arm-none-eabi/lib/thumb/v7e-m+fp/softfp/libc.a(lib_a-mallocr.o)
                0x0000000020000e88                __malloc_max_total_mem
 .bss.__malloc_top_pad
                0x0000000020000e8c        0x4 /home/ectf/MaximSDK/Tools/GNUTools/10.3/bin/../lib/gcc/arm-none-eabi/10.3.1/../../../../arm-none-eabi/lib/thumb/v7e-m+fp/softfp/libc.a(lib_a-mallocr.o)
                0x0000000020000e8c                __malloc_top_pad
 .bss.__lock___atexit_recursive_mutex
                0x0000000020000e90        0x1 /home/ectf/MaximSDK/Tools/GNUTools/10.3/bin/../lib/gcc/arm-none-eabi/10.3.1/../../../../arm-none-eabi/lib/thumb/v7e-m+fp/softfp/libc.a(lib_a-lock.o)
                0x0000000020000e90                __lock___atexit_recursive_mutex
 *fill*         0x0000000020000e91        0x3 
 .bss.__lock___malloc_recursive_mutex
                0x0000000020000e94        0x1 /home/ectf/MaximSDK/Tools/GNUTools/10.3/bin/../lib/gcc/arm-none-eabi/10.3.1/../../../../arm-none-eabi/lib/thumb/v7e-m+fp/softfp/libc.a(lib_a-lock.o)
                0x0000000020000e94                __lock___malloc_recursive_mutex
 *fill*         0x0000000020000e95        0x3 
 .bss.__lock___sfp_recursive_mutex
                0x0000000020000e98        0x1 /home/ectf/MaximSDK/Tools/GNUTools/10.3/bin/../lib/gcc/arm-none-eabi/10.3.1/../../../../arm-none-eabi/lib/thumb/v7e-m+fp/softfp/libc.a(lib_a-lock.o)
                0x0000000020000e98                __lock___sfp_recursive_mutex
 *fill*         0x0000000020000e99        0x3 
 .bss.__lock___sinit_recursive_mutex
                0x0000000020000e9c        0x1 /home/ectf/MaximSDK/Tools/GNUTools/10.3/bin/../lib/gcc/arm-none-eabi/10.3.1/../../../../arm-none-eabi/lib/thumb/v7e-m+fp/softfp/libc.a(lib_a-lock.o)
                0x0000000020000e9c                __lock___sinit_recursive_mutex
 *fill*         0x0000000020000e9d        0x3 
 .bss.errno     0x0000000020000ea0        0x4 /home/ectf/MaximSDK/Tools/GNUTools/10.3/bin/../lib/gcc/arm-none-eabi/10.3.1/../../../../arm-none-eabi/lib/thumb/v7e-m+fp/softfp/libc.a(lib_a-reent.o)
                0x0000000020000ea0                errno
 *(COMMON)
                0x0000000020000ea4                _ebss = ALIGN (., 0x4)

.shared         0x0000000020000ea4        0x4 load address 0x00000000100096fc
                0x0000000020000ea4                . = ALIGN (0x4)
                0x0000000020000ea4                _shared = .
 *(.mailbox*)
                0x0000000020000ea4                . = ALIGN (0x4)
 *(.shared*)
 .shared        0x0000000020000ea4        0x4 /home/ectf/Desktop/MAX78000_TestGround/Hello_World/build/system_max78000.o
                0x0000000020000ea4                SystemCoreClock
                0x0000000020000ea8                _eshared = ALIGN (., 0x4)
                0x00000000100096fc                __shared_data = LOADADDR (.shared)
                0x0000000020020000                __StackTop = (ORIGIN (SRAM) + LENGTH (SRAM))
                0x000000002001f000                __StackLimit = (__StackTop - SIZEOF (.stack_dummy))

.stack_dummy    0x0000000020000ea8     0x1000 load address 0x0000000010009700
 *(.stack*)
 .stack         0x0000000020000ea8     0x1000 /home/ectf/Desktop/MAX78000_TestGround/Hello_World/build/startup_max78000.o

.heap           0x0000000020000ea8      0xc00 load address 0x0000000010009700
                0x0000000020000ea8                . = ALIGN (0x4)
 *(.heap*)
 .heap          0x0000000020000ea8      0xc00 /home/ectf/Desktop/MAX78000_TestGround/Hello_World/build/startup_max78000.o
                0x0000000020000ea8                __HeapBase
                0x000000002001f000                __HeapLimit = ABSOLUTE (__StackLimit)
                0x0000000020020000                PROVIDE (__stack = __StackTop)
                0x0000000000000001                ASSERT ((__StackLimit >= _ebss), region RAM overflowed with stack)

.riscv_flash    0x0000000010009700      0x100
                0x0000000010009700                . = ALIGN (0x100)
                0x0000000010009800                . = (. + 0x100)
 *fill*         0x0000000010009700      0x100 
                0x0000000010009800                _riscv_boot = .
 *riscv.o(.text*)
OUTPUT(/home/ectf/Desktop/MAX78000_TestGround/Hello_World/build/Hello_World.elf elf32-littlearm)
LOAD linker stubs

.ARM.attributes
                0x0000000000000000       0x2e
 .ARM.attributes
                0x0000000000000000       0x1e /home/ectf/MaximSDK/Tools/GNUTools/10.3/bin/../lib/gcc/arm-none-eabi/10.3.1/thumb/v7e-m+fp/softfp/crti.o
 .ARM.attributes
                0x000000000000001e       0x32 /home/ectf/MaximSDK/Tools/GNUTools/10.3/bin/../lib/gcc/arm-none-eabi/10.3.1/thumb/v7e-m+fp/softfp/crtbegin.o
 .ARM.attributes
                0x0000000000000050       0x32 /home/ectf/Desktop/MAX78000_TestGround/Hello_World/build/main.o
 .ARM.attributes
                0x0000000000000082       0x32 /home/ectf/Desktop/MAX78000_TestGround/Hello_World/build/board.o
 .ARM.attributes
                0x00000000000000b4       0x32 /home/ectf/Desktop/MAX78000_TestGround/Hello_World/build/stdio.o
 .ARM.attributes
                0x00000000000000e6       0x32 /home/ectf/Desktop/MAX78000_TestGround/Hello_World/build/led.o
 .ARM.attributes
                0x0000000000000118       0x32 /home/ectf/Desktop/MAX78000_TestGround/Hello_World/build/pb.o
 .ARM.attributes
                0x000000000000014a       0x1b /home/ectf/Desktop/MAX78000_TestGround/Hello_World/build/startup_max78000.o
 .ARM.attributes
                0x0000000000000165       0x32 /home/ectf/Desktop/MAX78000_TestGround/Hello_World/build/heap.o
 .ARM.attributes
                0x0000000000000197       0x32 /home/ectf/Desktop/MAX78000_TestGround/Hello_World/build/system_max78000.o
 .ARM.attributes
                0x00000000000001c9       0x32 /home/ectf/MaximSDK/Libraries/PeriphDrivers/bin/MAX78000/spi-v1_softfp/libPeriphDriver_spi-v1_softfp.a(mxc_delay.o)
 .ARM.attributes
                0x00000000000001fb       0x32 /home/ectf/MaximSDK/Libraries/PeriphDrivers/bin/MAX78000/spi-v1_softfp/libPeriphDriver_spi-v1_softfp.a(pins_ai85.o)
 .ARM.attributes
                0x000000000000022d       0x32 /home/ectf/MaximSDK/Libraries/PeriphDrivers/bin/MAX78000/spi-v1_softfp/libPeriphDriver_spi-v1_softfp.a(sys_ai85.o)
 .ARM.attributes
                0x000000000000025f       0x32 /home/ectf/MaximSDK/Libraries/PeriphDrivers/bin/MAX78000/spi-v1_softfp/libPeriphDriver_spi-v1_softfp.a(gpio_ai85.o)
 .ARM.attributes
                0x0000000000000291       0x32 /home/ectf/MaximSDK/Libraries/PeriphDrivers/bin/MAX78000/spi-v1_softfp/libPeriphDriver_spi-v1_softfp.a(gpio_reva.o)
 .ARM.attributes
                0x00000000000002c3       0x32 /home/ectf/MaximSDK/Libraries/PeriphDrivers/bin/MAX78000/spi-v1_softfp/libPeriphDriver_spi-v1_softfp.a(icc_me17.o)
 .ARM.attributes
                0x00000000000002f5       0x32 /home/ectf/MaximSDK/Libraries/PeriphDrivers/bin/MAX78000/spi-v1_softfp/libPeriphDriver_spi-v1_softfp.a(icc_reva.o)
 .ARM.attributes
                0x0000000000000327       0x32 /home/ectf/MaximSDK/Libraries/PeriphDrivers/bin/MAX78000/spi-v1_softfp/libPeriphDriver_spi-v1_softfp.a(uart_ai85.o)
 .ARM.attributes
                0x0000000000000359       0x32 /home/ectf/MaximSDK/Libraries/PeriphDrivers/bin/MAX78000/spi-v1_softfp/libPeriphDriver_spi-v1_softfp.a(uart_common.o)
 .ARM.attributes
                0x000000000000038b       0x32 /home/ectf/MaximSDK/Libraries/PeriphDrivers/bin/MAX78000/spi-v1_softfp/libPeriphDriver_spi-v1_softfp.a(uart_revb.o)
 .ARM.attributes
                0x00000000000003bd       0x32 /home/ectf/MaximSDK/Libraries/PeriphDrivers/bin/MAX78000/spi-v1_softfp/libPeriphDriver_spi-v1_softfp.a(gpio_common.o)
 .ARM.attributes
                0x00000000000003ef       0x32 /home/ectf/MaximSDK/Tools/GNUTools/10.3/bin/../lib/gcc/arm-none-eabi/10.3.1/../../../../arm-none-eabi/lib/thumb/v7e-m+fp/softfp/libc.a(lib_a-errno.o)
 .ARM.attributes
                0x0000000000000421       0x32 /home/ectf/MaximSDK/Tools/GNUTools/10.3/bin/../lib/gcc/arm-none-eabi/10.3.1/../../../../arm-none-eabi/lib/thumb/v7e-m+fp/softfp/libc.a(lib_a-impure.o)
 .ARM.attributes
                0x0000000000000453       0x32 /home/ectf/MaximSDK/Tools/GNUTools/10.3/bin/../lib/gcc/arm-none-eabi/10.3.1/../../../../arm-none-eabi/lib/thumb/v7e-m+fp/softfp/libc.a(lib_a-init.o)
 .ARM.attributes
                0x0000000000000485       0x32 /home/ectf/MaximSDK/Tools/GNUTools/10.3/bin/../lib/gcc/arm-none-eabi/10.3.1/../../../../arm-none-eabi/lib/thumb/v7e-m+fp/softfp/libc.a(lib_a-malloc.o)
 .ARM.attributes
                0x00000000000004b7       0x32 /home/ectf/MaximSDK/Tools/GNUTools/10.3/bin/../lib/gcc/arm-none-eabi/10.3.1/../../../../arm-none-eabi/lib/thumb/v7e-m+fp/softfp/libc.a(lib_a-mallocr.o)
 .ARM.attributes
                0x00000000000004e9       0x1c /home/ectf/MaximSDK/Tools/GNUTools/10.3/bin/../lib/gcc/arm-none-eabi/10.3.1/../../../../arm-none-eabi/lib/thumb/v7e-m+fp/softfp/libc.a(lib_a-memcpy.o)
 .ARM.attributes
                0x0000000000000505       0x32 /home/ectf/MaximSDK/Tools/GNUTools/10.3/bin/../lib/gcc/arm-none-eabi/10.3.1/../../../../arm-none-eabi/lib/thumb/v7e-m+fp/softfp/libc.a(lib_a-memset.o)
 .ARM.attributes
                0x0000000000000537       0x32 /home/ectf/MaximSDK/Tools/GNUTools/10.3/bin/../lib/gcc/arm-none-eabi/10.3.1/../../../../arm-none-eabi/lib/thumb/v7e-m+fp/softfp/libc.a(lib_a-mlock.o)
 .ARM.attributes
                0x0000000000000569       0x32 /home/ectf/MaximSDK/Tools/GNUTools/10.3/bin/../lib/gcc/arm-none-eabi/10.3.1/../../../../arm-none-eabi/lib/thumb/v7e-m+fp/softfp/libc.a(lib_a-printf.o)
 .ARM.attributes
                0x000000000000059b       0x32 /home/ectf/MaximSDK/Tools/GNUTools/10.3/bin/../lib/gcc/arm-none-eabi/10.3.1/../../../../arm-none-eabi/lib/thumb/v7e-m+fp/softfp/libc.a(lib_a-puts.o)
 .ARM.attributes
                0x00000000000005cd       0x32 /home/ectf/MaximSDK/Tools/GNUTools/10.3/bin/../lib/gcc/arm-none-eabi/10.3.1/../../../../arm-none-eabi/lib/thumb/v7e-m+fp/softfp/libc.a(lib_a-sbrkr.o)
 .ARM.attributes
                0x00000000000005ff       0x1c /home/ectf/MaximSDK/Tools/GNUTools/10.3/bin/../lib/gcc/arm-none-eabi/10.3.1/../../../../arm-none-eabi/lib/thumb/v7e-m+fp/softfp/libc.a(lib_a-strlen.o)
 .ARM.attributes
                0x000000000000061b       0x32 /home/ectf/MaximSDK/Tools/GNUTools/10.3/bin/../lib/gcc/arm-none-eabi/10.3.1/../../../../arm-none-eabi/lib/thumb/v7e-m+fp/softfp/libc.a(lib_a-vfprintf.o)
 .ARM.attributes
                0x000000000000064d       0x32 /home/ectf/MaximSDK/Tools/GNUTools/10.3/bin/../lib/gcc/arm-none-eabi/10.3.1/../../../../arm-none-eabi/lib/thumb/v7e-m+fp/softfp/libc.a(lib_a-wsetup.o)
 .ARM.attributes
                0x000000000000067f       0x32 /home/ectf/MaximSDK/Tools/GNUTools/10.3/bin/../lib/gcc/arm-none-eabi/10.3.1/../../../../arm-none-eabi/lib/thumb/v7e-m+fp/softfp/libc.a(lib_a-__call_atexit.o)
 .ARM.attributes
                0x00000000000006b1       0x32 /home/ectf/MaximSDK/Tools/GNUTools/10.3/bin/../lib/gcc/arm-none-eabi/10.3.1/../../../../arm-none-eabi/lib/thumb/v7e-m+fp/softfp/libc.a(lib_a-atexit.o)
 .ARM.attributes
                0x00000000000006e3       0x32 /home/ectf/MaximSDK/Tools/GNUTools/10.3/bin/../lib/gcc/arm-none-eabi/10.3.1/../../../../arm-none-eabi/lib/thumb/v7e-m+fp/softfp/libc.a(lib_a-dtoa.o)
 .ARM.attributes
                0x0000000000000715       0x32 /home/ectf/MaximSDK/Tools/GNUTools/10.3/bin/../lib/gcc/arm-none-eabi/10.3.1/../../../../arm-none-eabi/lib/thumb/v7e-m+fp/softfp/libc.a(lib_a-fflush.o)
 .ARM.attributes
                0x0000000000000747       0x32 /home/ectf/MaximSDK/Tools/GNUTools/10.3/bin/../lib/gcc/arm-none-eabi/10.3.1/../../../../arm-none-eabi/lib/thumb/v7e-m+fp/softfp/libc.a(lib_a-findfp.o)
 .ARM.attributes
                0x0000000000000779       0x32 /home/ectf/MaximSDK/Tools/GNUTools/10.3/bin/../lib/gcc/arm-none-eabi/10.3.1/../../../../arm-none-eabi/lib/thumb/v7e-m+fp/softfp/libc.a(lib_a-fini.o)
 .ARM.attributes
                0x00000000000007ab       0x32 /home/ectf/MaximSDK/Tools/GNUTools/10.3/bin/../lib/gcc/arm-none-eabi/10.3.1/../../../../arm-none-eabi/lib/thumb/v7e-m+fp/softfp/libc.a(lib_a-freer.o)
 .ARM.attributes
                0x00000000000007dd       0x32 /home/ectf/MaximSDK/Tools/GNUTools/10.3/bin/../lib/gcc/arm-none-eabi/10.3.1/../../../../arm-none-eabi/lib/thumb/v7e-m+fp/softfp/libc.a(lib_a-fvwrite.o)
 .ARM.attributes
                0x000000000000080f       0x32 /home/ectf/MaximSDK/Tools/GNUTools/10.3/bin/../lib/gcc/arm-none-eabi/10.3.1/../../../../arm-none-eabi/lib/thumb/v7e-m+fp/softfp/libc.a(lib_a-fwalk.o)
 .ARM.attributes
                0x0000000000000841       0x32 /home/ectf/MaximSDK/Tools/GNUTools/10.3/bin/../lib/gcc/arm-none-eabi/10.3.1/../../../../arm-none-eabi/lib/thumb/v7e-m+fp/softfp/libc.a(lib_a-localeconv.o)
 .ARM.attributes
                0x0000000000000873       0x32 /home/ectf/MaximSDK/Tools/GNUTools/10.3/bin/../lib/gcc/arm-none-eabi/10.3.1/../../../../arm-none-eabi/lib/thumb/v7e-m+fp/softfp/libc.a(lib_a-lock.o)
 .ARM.attributes
                0x00000000000008a5       0x32 /home/ectf/MaximSDK/Tools/GNUTools/10.3/bin/../lib/gcc/arm-none-eabi/10.3.1/../../../../arm-none-eabi/lib/thumb/v7e-m+fp/softfp/libc.a(lib_a-makebuf.o)
 .ARM.attributes
                0x00000000000008d7       0x1c /home/ectf/MaximSDK/Tools/GNUTools/10.3/bin/../lib/gcc/arm-none-eabi/10.3.1/../../../../arm-none-eabi/lib/thumb/v7e-m+fp/softfp/libc.a(lib_a-memchr.o)
 .ARM.attributes
                0x00000000000008f3       0x32 /home/ectf/MaximSDK/Tools/GNUTools/10.3/bin/../lib/gcc/arm-none-eabi/10.3.1/../../../../arm-none-eabi/lib/thumb/v7e-m+fp/softfp/libc.a(lib_a-memmove.o)
 .ARM.attributes
                0x0000000000000925       0x32 /home/ectf/MaximSDK/Tools/GNUTools/10.3/bin/../lib/gcc/arm-none-eabi/10.3.1/../../../../arm-none-eabi/lib/thumb/v7e-m+fp/softfp/libc.a(lib_a-mprec.o)
 .ARM.attributes
                0x0000000000000957       0x32 /home/ectf/MaximSDK/Tools/GNUTools/10.3/bin/../lib/gcc/arm-none-eabi/10.3.1/../../../../arm-none-eabi/lib/thumb/v7e-m+fp/softfp/libc.a(lib_a-reallocr.o)
 .ARM.attributes
                0x0000000000000989       0x32 /home/ectf/MaximSDK/Tools/GNUTools/10.3/bin/../lib/gcc/arm-none-eabi/10.3.1/../../../../arm-none-eabi/lib/thumb/v7e-m+fp/softfp/libc.a(lib_a-reent.o)
 .ARM.attributes
                0x00000000000009bb       0x32 /home/ectf/MaximSDK/Tools/GNUTools/10.3/bin/../lib/gcc/arm-none-eabi/10.3.1/../../../../arm-none-eabi/lib/thumb/v7e-m+fp/softfp/libc.a(lib_a-s_frexp.o)
 .ARM.attributes
                0x00000000000009ed       0x32 /home/ectf/MaximSDK/Tools/GNUTools/10.3/bin/../lib/gcc/arm-none-eabi/10.3.1/../../../../arm-none-eabi/lib/thumb/v7e-m+fp/softfp/libc.a(lib_a-stdio.o)
 .ARM.attributes
                0x0000000000000a1f       0x32 /home/ectf/MaximSDK/Tools/GNUTools/10.3/bin/../lib/gcc/arm-none-eabi/10.3.1/../../../../arm-none-eabi/lib/thumb/v7e-m+fp/softfp/libc.a(lib_a-strncpy.o)
 .ARM.attributes
                0x0000000000000a51       0x32 /home/ectf/MaximSDK/Tools/GNUTools/10.3/bin/../lib/gcc/arm-none-eabi/10.3.1/../../../../arm-none-eabi/lib/thumb/v7e-m+fp/softfp/libc.a(lib_a-vfiprintf.o)
 .ARM.attributes
                0x0000000000000a83       0x32 /home/ectf/MaximSDK/Tools/GNUTools/10.3/bin/../lib/gcc/arm-none-eabi/10.3.1/../../../../arm-none-eabi/lib/thumb/v7e-m+fp/softfp/libc.a(lib_a-writer.o)
 .ARM.attributes
                0x0000000000000ab5       0x32 /home/ectf/MaximSDK/Tools/GNUTools/10.3/bin/../lib/gcc/arm-none-eabi/10.3.1/../../../../arm-none-eabi/lib/thumb/v7e-m+fp/softfp/libc.a(lib_a-__atexit.o)
 .ARM.attributes
                0x0000000000000ae7       0x32 /home/ectf/MaximSDK/Tools/GNUTools/10.3/bin/../lib/gcc/arm-none-eabi/10.3.1/../../../../arm-none-eabi/lib/thumb/v7e-m+fp/softfp/libc.a(lib_a-assert.o)
 .ARM.attributes
                0x0000000000000b19       0x32 /home/ectf/MaximSDK/Tools/GNUTools/10.3/bin/../lib/gcc/arm-none-eabi/10.3.1/../../../../arm-none-eabi/lib/thumb/v7e-m+fp/softfp/libc.a(lib_a-callocr.o)
 .ARM.attributes
                0x0000000000000b4b       0x32 /home/ectf/MaximSDK/Tools/GNUTools/10.3/bin/../lib/gcc/arm-none-eabi/10.3.1/../../../../arm-none-eabi/lib/thumb/v7e-m+fp/softfp/libc.a(lib_a-closer.o)
 .ARM.attributes
                0x0000000000000b7d       0x32 /home/ectf/MaximSDK/Tools/GNUTools/10.3/bin/../lib/gcc/arm-none-eabi/10.3.1/../../../../arm-none-eabi/lib/thumb/v7e-m+fp/softfp/libc.a(lib_a-fclose.o)
 .ARM.attributes
                0x0000000000000baf       0x32 /home/ectf/MaximSDK/Tools/GNUTools/10.3/bin/../lib/gcc/arm-none-eabi/10.3.1/../../../../arm-none-eabi/lib/thumb/v7e-m+fp/softfp/libc.a(lib_a-fiprintf.o)
 .ARM.attributes
                0x0000000000000be1       0x32 /home/ectf/MaximSDK/Tools/GNUTools/10.3/bin/../lib/gcc/arm-none-eabi/10.3.1/../../../../arm-none-eabi/lib/thumb/v7e-m+fp/softfp/libc.a(lib_a-fputwc.o)
 .ARM.attributes
                0x0000000000000c13       0x32 /home/ectf/MaximSDK/Tools/GNUTools/10.3/bin/../lib/gcc/arm-none-eabi/10.3.1/../../../../arm-none-eabi/lib/thumb/v7e-m+fp/softfp/libc.a(lib_a-fstatr.o)
 .ARM.attributes
                0x0000000000000c45       0x32 /home/ectf/MaximSDK/Tools/GNUTools/10.3/bin/../lib/gcc/arm-none-eabi/10.3.1/../../../../arm-none-eabi/lib/thumb/v7e-m+fp/softfp/libc.a(lib_a-isattyr.o)
 .ARM.attributes
                0x0000000000000c77       0x32 /home/ectf/MaximSDK/Tools/GNUTools/10.3/bin/../lib/gcc/arm-none-eabi/10.3.1/../../../../arm-none-eabi/lib/thumb/v7e-m+fp/softfp/libc.a(lib_a-locale.o)
 .ARM.attributes
                0x0000000000000ca9       0x32 /home/ectf/MaximSDK/Tools/GNUTools/10.3/bin/../lib/gcc/arm-none-eabi/10.3.1/../../../../arm-none-eabi/lib/thumb/v7e-m+fp/softfp/libc.a(lib_a-lseekr.o)
 .ARM.attributes
                0x0000000000000cdb       0x32 /home/ectf/MaximSDK/Tools/GNUTools/10.3/bin/../lib/gcc/arm-none-eabi/10.3.1/../../../../arm-none-eabi/lib/thumb/v7e-m+fp/softfp/libc.a(lib_a-mbtowc_r.o)
 .ARM.attributes
                0x0000000000000d0d       0x32 /home/ectf/MaximSDK/Tools/GNUTools/10.3/bin/../lib/gcc/arm-none-eabi/10.3.1/../../../../arm-none-eabi/lib/thumb/v7e-m+fp/softfp/libc.a(lib_a-readr.o)
 .ARM.attributes
                0x0000000000000d3f       0x32 /home/ectf/MaximSDK/Tools/GNUTools/10.3/bin/../lib/gcc/arm-none-eabi/10.3.1/../../../../arm-none-eabi/lib/thumb/v7e-m+fp/softfp/libc.a(lib_a-wbuf.o)
 .ARM.attributes