Archive member included to satisfy reference by file (symbol)

/home/ectf/MaximSDK/Libraries/PeriphDrivers/bin/MAX78000/spi-v1_softfp/libPeriphDriver_spi-v1_softfp.a(mxc_delay.o)
                              /home/ectf/Desktop/MAX78000_TestGround/FTHR_I2C/build/main.o (MXC_Delay)
/home/ectf/MaximSDK/Libraries/PeriphDrivers/bin/MAX78000/spi-v1_softfp/libPeriphDriver_spi-v1_softfp.a(nvic_table.o)
                              /home/ectf/Desktop/MAX78000_TestGround/FTHR_I2C/build/camera.o (MXC_NVIC_SetVector)
/home/ectf/MaximSDK/Libraries/PeriphDrivers/bin/MAX78000/spi-v1_softfp/libPeriphDriver_spi-v1_softfp.a(pins_ai85.o)
                              /home/ectf/Desktop/MAX78000_TestGround/FTHR_I2C/build/camera.o (gpio_cfg_pcif_xclk)
/home/ectf/MaximSDK/Libraries/PeriphDrivers/bin/MAX78000/spi-v1_softfp/libPeriphDriver_spi-v1_softfp.a(sys_ai85.o)
                              /home/ectf/Desktop/MAX78000_TestGround/FTHR_I2C/build/board.o (MXC_SYS_ClockEnable)
/home/ectf/MaximSDK/Libraries/PeriphDrivers/bin/MAX78000/spi-v1_softfp/libPeriphDriver_spi-v1_softfp.a(aes_me17.o)
                              /home/ectf/MaximSDK/Libraries/PeriphDrivers/bin/MAX78000/spi-v1_softfp/libPeriphDriver_spi-v1_softfp.a(sys_ai85.o) (MXC_AES_Init)
/home/ectf/MaximSDK/Libraries/PeriphDrivers/bin/MAX78000/spi-v1_softfp/libPeriphDriver_spi-v1_softfp.a(aes_revb.o)
                              /home/ectf/MaximSDK/Libraries/PeriphDrivers/bin/MAX78000/spi-v1_softfp/libPeriphDriver_spi-v1_softfp.a(aes_me17.o) (MXC_AES_RevB_Init)
/home/ectf/MaximSDK/Libraries/PeriphDrivers/bin/MAX78000/spi-v1_softfp/libPeriphDriver_spi-v1_softfp.a(cameraif_ai85.o)
                              /home/ectf/Desktop/MAX78000_TestGround/FTHR_I2C/build/camera.o (MXC_PCIF_Init)
/home/ectf/MaximSDK/Libraries/PeriphDrivers/bin/MAX78000/spi-v1_softfp/libPeriphDriver_spi-v1_softfp.a(cameraif_reva.o)
                              /home/ectf/MaximSDK/Libraries/PeriphDrivers/bin/MAX78000/spi-v1_softfp/libPeriphDriver_spi-v1_softfp.a(cameraif_ai85.o) (MXC_PCIF_RevA_SetDatawidth)
/home/ectf/MaximSDK/Libraries/PeriphDrivers/bin/MAX78000/spi-v1_softfp/libPeriphDriver_spi-v1_softfp.a(dma_me17.o)
                              /home/ectf/Desktop/MAX78000_TestGround/FTHR_I2C/build/fastspi.o (MXC_DMA_Init)
/home/ectf/MaximSDK/Libraries/PeriphDrivers/bin/MAX78000/spi-v1_softfp/libPeriphDriver_spi-v1_softfp.a(dma_reva.o)
                              /home/ectf/MaximSDK/Libraries/PeriphDrivers/bin/MAX78000/spi-v1_softfp/libPeriphDriver_spi-v1_softfp.a(dma_me17.o) (MXC_DMA_RevA_Init)
/home/ectf/MaximSDK/Libraries/PeriphDrivers/bin/MAX78000/spi-v1_softfp/libPeriphDriver_spi-v1_softfp.a(flc_me17.o)
                              /home/ectf/MaximSDK/Libraries/PeriphDrivers/bin/MAX78000/spi-v1_softfp/libPeriphDriver_spi-v1_softfp.a(sys_ai85.o) (MXC_FLC_UnlockInfoBlock)
/home/ectf/MaximSDK/Libraries/PeriphDrivers/bin/MAX78000/spi-v1_softfp/libPeriphDriver_spi-v1_softfp.a(flc_reva.o)
                              /home/ectf/MaximSDK/Libraries/PeriphDrivers/bin/MAX78000/spi-v1_softfp/libPeriphDriver_spi-v1_softfp.a(flc_me17.o) (MXC_FLC_RevA_Busy)
/home/ectf/MaximSDK/Libraries/PeriphDrivers/bin/MAX78000/spi-v1_softfp/libPeriphDriver_spi-v1_softfp.a(gpio_ai85.o)
                              /home/ectf/Desktop/MAX78000_TestGround/FTHR_I2C/build/led.o (MXC_GPIO_Config)
/home/ectf/MaximSDK/Libraries/PeriphDrivers/bin/MAX78000/spi-v1_softfp/libPeriphDriver_spi-v1_softfp.a(gpio_reva.o)
                              /home/ectf/MaximSDK/Libraries/PeriphDrivers/bin/MAX78000/spi-v1_softfp/libPeriphDriver_spi-v1_softfp.a(gpio_ai85.o) (MXC_GPIO_RevA_InGet)
/home/ectf/MaximSDK/Libraries/PeriphDrivers/bin/MAX78000/spi-v1_softfp/libPeriphDriver_spi-v1_softfp.a(i2c_me17.o)
                              /home/ectf/Desktop/MAX78000_TestGround/FTHR_I2C/build/main.o (MXC_I2C_Init)
/home/ectf/MaximSDK/Libraries/PeriphDrivers/bin/MAX78000/spi-v1_softfp/libPeriphDriver_spi-v1_softfp.a(i2c_reva.o)
                              /home/ectf/MaximSDK/Libraries/PeriphDrivers/bin/MAX78000/spi-v1_softfp/libPeriphDriver_spi-v1_softfp.a(i2c_me17.o) (MXC_I2C_RevA_DMACallback)
/home/ectf/MaximSDK/Libraries/PeriphDrivers/bin/MAX78000/spi-v1_softfp/libPeriphDriver_spi-v1_softfp.a(icc_me17.o)
                              /home/ectf/Desktop/MAX78000_TestGround/FTHR_I2C/build/system_max78000.o (MXC_ICC_Enable)
/home/ectf/MaximSDK/Libraries/PeriphDrivers/bin/MAX78000/spi-v1_softfp/libPeriphDriver_spi-v1_softfp.a(icc_reva.o)
                              /home/ectf/MaximSDK/Libraries/PeriphDrivers/bin/MAX78000/spi-v1_softfp/libPeriphDriver_spi-v1_softfp.a(icc_me17.o) (MXC_ICC_RevA_ID)
/home/ectf/MaximSDK/Libraries/PeriphDrivers/bin/MAX78000/spi-v1_softfp/libPeriphDriver_spi-v1_softfp.a(pt_ai85.o)
                              /home/ectf/Desktop/MAX78000_TestGround/FTHR_I2C/build/camera.o (MXC_PT_Init)
/home/ectf/MaximSDK/Libraries/PeriphDrivers/bin/MAX78000/spi-v1_softfp/libPeriphDriver_spi-v1_softfp.a(pt_reva.o)
[...]
Memory Configuration

Name             Origin             Length             Attributes
ROM              0x0000000000000000 0x0000000000010000 xr
FLASH            0x0000000010000000 0x0000000000080000 xr
SRAM             0x0000000020000000 0x0000000000020000 xrw
*default*        0x0000000000000000 0xffffffffffffffff

Linker script and memory map

LOAD /home/ectf/MaximSDK/Tools/GNUTools/10.3/bin/../lib/gcc/arm-none-eabi/10.3.1/thumb/v7e-m+fp/softfp/crti.o
LOAD /home/ectf/MaximSDK/Tools/GNUTools/10.3/bin/../lib/gcc/arm-none-eabi/10.3.1/thumb/v7e-m+fp/softfp/crtbegin.o
LOAD /home/ectf/MaximSDK/Tools/GNUTools/10.3/bin/../lib/gcc/arm-none-eabi/10.3.1/../../../../arm-none-eabi/lib/thumb/v7e-m+fp/softfp/crt0.o
LOAD /home/ectf/Desktop/MAX78000_TestGround/FTHR_I2C/build/main.o
LOAD /home/ectf/Desktop/MAX78000_TestGround/FTHR_I2C/build/board.o
LOAD /home/ectf/Desktop/MAX78000_TestGround/FTHR_I2C/build/stdio.o
LOAD /home/ectf/Desktop/MAX78000_TestGround/FTHR_I2C/build/led.o
LOAD /home/ectf/Desktop/MAX78000_TestGround/FTHR_I2C/build/pb.o
LOAD /home/ectf/Desktop/MAX78000_TestGround/FTHR_I2C/build/tft_ili9341.o
LOAD /home/ectf/Desktop/MAX78000_TestGround/FTHR_I2C/build/camera.o
LOAD /home/ectf/Desktop/MAX78000_TestGround/FTHR_I2C/build/ov7692.o
LOAD /home/ectf/Desktop/MAX78000_TestGround/FTHR_I2C/build/sccb.o
LOAD /home/ectf/Desktop/MAX78000_TestGround/FTHR_I2C/build/max20303.o
LOAD /home/ectf/Desktop/MAX78000_TestGround/FTHR_I2C/build/max9867.o
LOAD /home/ectf/Desktop/MAX78000_TestGround/FTHR_I2C/build/N01S830HA.o
LOAD /home/ectf/Desktop/MAX78000_TestGround/FTHR_I2C/build/fastspi.o
LOAD /home/ectf/Desktop/MAX78000_TestGround/FTHR_I2C/build/startup_max78000.o
LOAD /home/ectf/Desktop/MAX78000_TestGround/FTHR_I2C/build/heap.o
LOAD /home/ectf/Desktop/MAX78000_TestGround/FTHR_I2C/build/system_max78000.o
START GROUP
LOAD /home/ectf/MaximSDK/Libraries/PeriphDrivers/bin/MAX78000/spi-v1_softfp/libPeriphDriver_spi-v1_softfp.a
LOAD /home/ectf/MaximSDK/Tools/GNUTools/10.3/bin/../lib/gcc/arm-none-eabi/10.3.1/../../../../arm-none-eabi/lib/thumb/v7e-m+fp/softfp/libc.a
LOAD /home/ectf/MaximSDK/Tools/GNUTools/10.3/bin/../lib/gcc/arm-none-eabi/10.3.1/../../../../arm-none-eabi/lib/thumb/v7e-m+fp/softfp/libm.a
LOAD /home/ectf/MaximSDK/Tools/GNUTools/10.3/bin/../lib/gcc/arm-none-eabi/10.3.1/../../../../arm-none-eabi/lib/thumb/v7e-m+fp/softfp/libnosys.a
END GROUP
START GROUP
LOAD /home/ectf/MaximSDK/Tools/GNUTools/10.3/bin/../lib/gcc/arm-none-eabi/10.3.1/thumb/v7e-m+fp/softfp/libgcc.a
LOAD /home/ectf/MaximSDK/Tools/GNUTools/10.3/bin/../lib/gcc/arm-none-eabi/10.3.1/../../../../arm-none-eabi/lib/thumb/v7e-m+fp/softfp/libc.a
END GROUP
LOAD /home/ectf/MaximSDK/Tools/GNUTools/10.3/bin/../lib/gcc/arm-none-eabi/10.3.1/thumb/v7e-m+fp/softfp/crtend.o
LOAD /home/ectf/MaximSDK/Tools/GNUTools/10.3/bin/../lib/gcc/arm-none-eabi/10.3.1/thumb/v7e-m+fp/softfp/crtn.o

.rom
 *(.rom_vector)
 *(.rom_handlers*)

.text           0x0000000010000000     0x9694
                0x0000000010000000                _text = .
 *(.isr_vector)
 .isr_vector    0x0000000010000000      0x1e0 /home/ectf/Desktop/MAX78000_TestGround/FTHR_I2C/build/startup_max78000.o
                0x0000000010000000                __isr_vector
 EXCLUDE_FILE(*riscv.o) *(.text*)
 .text          0x00000000100001e0       0x40 /home/ectf/MaximSDK/Tools/GNUTools/10.3/bin/../lib/gcc/arm-none-eabi/10.3.1/thumb/v7e-m+fp/softfp/crtbegin.o
 .text.SetLEDs  0x0000000010000220       0x5c /home/ectf/Desktop/MAX78000_TestGround/FTHR_I2C/build/main.o
                0x0000000010000220                SetLEDs
 .text.startup.main
                0x000000001000027c       0xc8 /home/ectf/Desktop/MAX78000_TestGround/FTHR_I2C/build/main.o
                0x000000001000027c                main
 .text.mxc_assert
                0x0000000010000344       0x10 /home/ectf/Desktop/MAX78000_TestGround/FTHR_I2C/build/board.o
                0x0000000010000344                mxc_assert
 .text.GPIO0_IRQHandler
                0x0000000010000354        0x8 /home/ectf/Desktop/MAX78000_TestGround/FTHR_I2C/build/board.o
                0x0000000010000354                GPIO0_IRQHandler
 .text.GPIO1_IRQHandler
                0x000000001000035c        0x8 /home/ectf/Desktop/MAX78000_TestGround/FTHR_I2C/build/board.o
                0x000000001000035c                GPIO1_IRQHandler
 .text.Board_Init
                0x0000000010000364       0x6c /home/ectf/Desktop/MAX78000_TestGround/FTHR_I2C/build/board.o
                0x0000000010000364                Board_Init
 .text.NMI_Handler
                0x00000000100003d0        0x4 /home/ectf/Desktop/MAX78000_TestGround/FTHR_I2C/build/board.o
                0x00000000100003d0                NMI_Handler
 .text._close   0x00000000100003d4        0x8 /home/ectf/Desktop/MAX78000_TestGround/FTHR_I2C/build/stdio.o
                0x00000000100003d4                _close
 .text._isatty  0x00000000100003dc        0x8 /home/ectf/Desktop/MAX78000_TestGround/FTHR_I2C/build/stdio.o
                0x00000000100003dc                _isatty
 .text._lseek   0x00000000100003e4        0x8 /home/ectf/Desktop/MAX78000_TestGround/FTHR_I2C/build/stdio.o
                0x00000000100003e4                _lseek
 .text._fstat   0x00000000100003ec        0x8 /home/ectf/Desktop/MAX78000_TestGround/FTHR_I2C/build/stdio.o
                0x00000000100003ec                _fstat
 .text._read    0x00000000100003f4       0x50 /home/ectf/Desktop/MAX78000_TestGround/FTHR_I2C/build/stdio.o
                0x00000000100003f4                _read
 .text._write   0x0000000010000444       0x54 /home/ectf/Desktop/MAX78000_TestGround/FTHR_I2C/build/stdio.o
                0x0000000010000444                _write
 .text.LED_Init
                0x0000000010000498       0x40 /home/ectf/Desktop/MAX78000_TestGround/FTHR_I2C/build/led.o
                0x0000000010000498                LED_Init
 .text.PB_Init  0x00000000100004d8       0x68 /home/ectf/Desktop/MAX78000_TestGround/FTHR_I2C/build/pb.o
                0x00000000100004d8                PB_Init
 .text          0x0000000010000540      0x148 /home/ectf/Desktop/MAX78000_TestGround/FTHR_I2C/build/startup_max78000.o
                0x0000000010000540                Reset_Handler
                0x000000001000057e                HardFault_Handler
                0x0000000010000580                MemManage_Handler
                0x0000000010000582                BusFault_Handler
                0x0000000010000584                UsageFault_Handler
                0x0000000010000586                SVC_Handler
                0x0000000010000588                DebugMon_Handler
                0x000000001000058a                PendSV_Handler
                0x000000001000058c                SysTick_Handler
                0x000000001000058e                Default_Handler
                0x0000000010000590                PF_IRQHandler
                0x0000000010000592                WDT0_IRQHandler
                0x0000000010000594                RSV02_IRQHandler
                0x0000000010000596                RTC_IRQHandler
                0x0000000010000598                TRNG_IRQHandler
                0x000000001000059a                TMR0_IRQHandler
                0x000000001000059c                TMR1_IRQHandler
                0x000000001000059e                TMR2_IRQHandler
                0x00000000100005a0                TMR3_IRQHandler
                0x00000000100005a2                TMR4_IRQHandler
                0x00000000100005a4                TMR5_IRQHandler
                0x00000000100005a6                RSV11_IRQHandler
                0x00000000100005a8                RSV12_IRQHandler
                0x00000000100005aa                I2C0_IRQHandler
                0x00000000100005ac                UART0_IRQHandler
                0x00000000100005ae                UART1_IRQHandler
                0x00000000100005b0                SPI1_IRQHandler
                0x00000000100005b2                RSV17_IRQHandler
                0x00000000100005b4                RSV18_IRQHandler
                0x00000000100005b6                RSV19_IRQHandler
                0x00000000100005b8                ADC_IRQHandler
                0x00000000100005ba                RSV21_IRQHandler
                0x00000000100005bc                RSV22_IRQHandler
                0x00000000100005be                FLC0_IRQHandler
                0x00000000100005c4                GPIO2_IRQHandler
                0x00000000100005c6                RSV27_IRQHandler
                0x00000000100005c8                DMA0_IRQHandler
                0x00000000100005ca                DMA1_IRQHandler
                0x00000000100005cc                DMA2_IRQHandler
                0x00000000100005ce                DMA3_IRQHandler
                0x00000000100005d0                RSV32_IRQHandler
                0x00000000100005d2                RSV33_IRQHandler
                0x00000000100005d4                UART2_IRQHandler
                0x00000000100005d6                RSV35_IRQHandler
                0x00000000100005d8                I2C1_IRQHandler
                0x00000000100005da                RSV37_IRQHandler
                0x00000000100005dc                RSV38_IRQHandler
                0x00000000100005de                RSV39_IRQHandler
                0x00000000100005e0                RSV40_IRQHandler
                0x00000000100005e2                RSV41_IRQHandler
                0x00000000100005e4                RSV42_IRQHandler
                0x00000000100005e6                RSV43_IRQHandler
                0x00000000100005e8                RSV44_IRQHandler
                0x00000000100005ea                RSV45_IRQHandler
                0x00000000100005ec                RSV46_IRQHandler
                0x00000000100005ee                RSV47_IRQHandler
                0x00000000100005f0                RSV48_IRQHandler
                0x00000000100005f2                RSV49_IRQHandler
                0x00000000100005f4                RSV50_IRQHandler
                0x00000000100005f6                RSV51_IRQHandler
                0x00000000100005f8                RSV52_IRQHandler
                0x00000000100005fa                WUT_IRQHandler
                0x00000000100005fc                GPIOWAKE_IRQHandler
                0x00000000100005fe                RSV55_IRQHandler
                0x0000000010000600                SPI0_IRQHandler
                0x0000000010000602                WDT1_IRQHandler
                0x0000000010000604                RSV58_IRQHandler
                0x0000000010000606                PT_IRQHandler
                0x0000000010000608                RSV60_IRQHandler
                0x000000001000060a                RSV61_IRQHandler
                0x000000001000060c                I2C2_IRQHandler
                0x000000001000060e                RISCV_IRQHandler
                0x0000000010000610                RSV64_IRQHandler
                0x0000000010000612                RSV65_IRQHandler
                0x0000000010000614                RSV66_IRQHandler
                0x0000000010000616                OWM_IRQHandler
                0x0000000010000618                RSV68_IRQHandler
                0x000000001000061a                RSV69_IRQHandler
                0x000000001000061c                RSV70_IRQHandler
                0x000000001000061e                RSV71_IRQHandler
                0x0000000010000620                RSV72_IRQHandler
                0x0000000010000622                RSV73_IRQHandler
                0x0000000010000624                RSV74_IRQHandler
                0x0000000010000626                RSV75_IRQHandler
                0x0000000010000628                RSV76_IRQHandler
                0x000000001000062a                RSV77_IRQHandler
                0x000000001000062c                RSV78_IRQHandler
                0x000000001000062e                RSV79_IRQHandler
                0x0000000010000630                RSV80_IRQHandler
                0x0000000010000632                RSV81_IRQHandler
                0x0000000010000634                ECC_IRQHandler
                0x0000000010000636                DVS_IRQHandler
                0x0000000010000638                SIMO_IRQHandler
                0x000000001000063a                RSV85_IRQHandler
                0x000000001000063c                RSV86_IRQHandler
                0x000000001000063e                RSV87_IRQHandler
                0x0000000010000640                UART3_IRQHandler
                0x0000000010000642                RSV89_IRQHandler
                0x0000000010000644                RSV90_IRQHandler
                0x0000000010000646                PCIF_IRQHandler
                0x0000000010000648                RSV92_IRQHandler
                0x000000001000064a                RSV93_IRQHandler
                0x000000001000064c                RSV94_IRQHandler
                0x000000001000064e                RSV95_IRQHandler
                0x0000000010000650                RSV96_IRQHandler
                0x0000000010000652                AES_IRQHandler
                0x0000000010000654                RSV98_IRQHandler
                0x0000000010000656                I2S_IRQHandler
                0x0000000010000658                CNN_FIFO_IRQHandler
                0x000000001000065a                CNN_IRQHandler
                0x000000001000065c                RSV102_IRQHandler
                0x000000001000065e                LPCMP_IRQHandler
 .text._sbrk    0x0000000010000688       0x3c /home/ectf/Desktop/MAX78000_TestGround/FTHR_I2C/build/heap.o
                0x0000000010000688                _sbrk
 .text._getpid  0x00000000100006c4        0x8 /home/ectf/Desktop/MAX78000_TestGround/FTHR_I2C/build/system_max78000.o
                0x00000000100006c4                _getpid
 .text._kill    0x00000000100006cc        0x8 /home/ectf/Desktop/MAX78000_TestGround/FTHR_I2C/build/system_max78000.o
                0x00000000100006cc                _kill
 .text.SystemCoreClockUpdate
                0x00000000100006d4       0x68 /home/ectf/Desktop/MAX78000_TestGround/FTHR_I2C/build/system_max78000.o
                0x00000000100006d4                SystemCoreClockUpdate
 .text.PreInit  0x000000001000073c        0x4 /home/ectf/Desktop/MAX78000_TestGround/FTHR_I2C/build/system_max78000.o
                0x000000001000073c                PreInit
 .text.PinInit  0x0000000010000740        0x4 /home/ectf/Desktop/MAX78000_TestGround/FTHR_I2C/build/system_max78000.o
                0x0000000010000740                PinInit
 .text.SystemInit
                0x0000000010000744       0x3c /home/ectf/Desktop/MAX78000_TestGround/FTHR_I2C/build/system_max78000.o
                0x0000000010000744                SystemInit
 .text.MXC_DelayInit
                0x0000000010000780       0x7c /home/ectf/MaximSDK/Libraries/PeriphDrivers/bin/MAX78000/spi-v1_softfp/libPeriphDriver_spi-v1_softfp.a(mxc_delay.o)
 .text.MXC_DelayAsync
                0x00000000100007fc       0x3c /home/ectf/MaximSDK/Libraries/PeriphDrivers/bin/MAX78000/spi-v1_softfp/libPeriphDriver_spi-v1_softfp.a(mxc_delay.o)
                0x00000000100007fc                MXC_DelayAsync
 .text.MXC_DelayCheck
                0x0000000010000838       0x70 /home/ectf/MaximSDK/Libraries/PeriphDrivers/bin/MAX78000/spi-v1_softfp/libPeriphDriver_spi-v1_softfp.a(mxc_delay.o)
                0x0000000010000838                MXC_DelayCheck
 .text.MXC_DelayAbort
                0x00000000100008a8       0x34 /home/ectf/MaximSDK/Libraries/PeriphDrivers/bin/MAX78000/spi-v1_softfp/libPeriphDriver_spi-v1_softfp.a(mxc_delay.o)
                0x00000000100008a8                MXC_DelayAbort
 .text.MXC_Delay
                0x00000000100008dc       0x74 /home/ectf/MaximSDK/Libraries/PeriphDrivers/bin/MAX78000/spi-v1_softfp/libPeriphDriver_spi-v1_softfp.a(mxc_delay.o)
                0x00000000100008dc                MXC_Delay
 .text.MXC_SYS_ClockDisable
                0x0000000010000950       0x44 /home/ectf/MaximSDK/Libraries/PeriphDrivers/bin/MAX78000/spi-v1_softfp/libPeriphDriver_spi-v1_softfp.a(sys_ai85.o)
                0x0000000010000950                MXC_SYS_ClockDisable
 .text.MXC_SYS_ClockEnable
                0x0000000010000994       0x4c /home/ectf/MaximSDK/Libraries/PeriphDrivers/bin/MAX78000/spi-v1_softfp/libPeriphDriver_spi-v1_softfp.a(sys_ai85.o)
                0x0000000010000994                MXC_SYS_ClockEnable
 .text.MXC_SYS_ClockSourceEnable
                0x00000000100009e0       0xf4 /home/ectf/MaximSDK/Libraries/PeriphDrivers/bin/MAX78000/spi-v1_softfp/libPeriphDriver_spi-v1_softfp.a(sys_ai85.o)
                0x00000000100009e0                MXC_SYS_ClockSourceEnable
 .text.MXC_SYS_Reset_Periph
                0x0000000010000ad4       0x50 /home/ectf/MaximSDK/Libraries/PeriphDrivers/bin/MAX78000/spi-v1_softfp/libPeriphDriver_spi-v1_softfp.a(sys_ai85.o)
                0x0000000010000ad4                MXC_SYS_Reset_Periph
 .text.MXC_DMA_DeInit
                0x0000000010000b24        0xc /home/ectf/MaximSDK/Libraries/PeriphDrivers/bin/MAX78000/spi-v1_softfp/libPeriphDriver_spi-v1_softfp.a(dma_me17.o)
                0x0000000010000b24                MXC_DMA_DeInit
 .text.MXC_DMA_ReleaseChannel
                0x0000000010000b30        0x4 /home/ectf/MaximSDK/Libraries/PeriphDrivers/bin/MAX78000/spi-v1_softfp/libPeriphDriver_spi-v1_softfp.a(dma_me17.o)
                0x0000000010000b30                MXC_DMA_ReleaseChannel
 .text.MXC_DMA_RevA_DeInit
                0x0000000010000b34       0x3c /home/ectf/MaximSDK/Libraries/PeriphDrivers/bin/MAX78000/spi-v1_softfp/libPeriphDriver_spi-v1_softfp.a(dma_reva.o)
                0x0000000010000b34                MXC_DMA_RevA_DeInit
 .text.MXC_DMA_RevA_ReleaseChannel
                0x0000000010000b70       0x48 /home/ectf/MaximSDK/Libraries/PeriphDrivers/bin/MAX78000/spi-v1_softfp/libPeriphDriver_spi-v1_softfp.a(dma_reva.o)
                0x0000000010000b70                MXC_DMA_RevA_ReleaseChannel
 .text.MXC_GPIO_Init
                0x0000000010000bb8       0x40 /home/ectf/MaximSDK/Libraries/PeriphDrivers/bin/MAX78000/spi-v1_softfp/libPeriphDriver_spi-v1_softfp.a(gpio_ai85.o)
                0x0000000010000bb8                MXC_GPIO_Init
 .text.MXC_GPIO_Config
                0x0000000010000bf8      0x234 /home/ectf/MaximSDK/Libraries/PeriphDrivers/bin/MAX78000/spi-v1_softfp/libPeriphDriver_spi-v1_softfp.a(gpio_ai85.o)
                0x0000000010000bf8                MXC_GPIO_Config
 .text.MXC_GPIO_OutSet
                0x0000000010000e2c       0x30 /home/ectf/MaximSDK/Libraries/PeriphDrivers/bin/MAX78000/spi-v1_softfp/libPeriphDriver_spi-v1_softfp.a(gpio_ai85.o)
                0x0000000010000e2c                MXC_GPIO_OutSet
 .text.MXC_GPIO_Handler
                0x0000000010000e5c        0x4 /home/ectf/MaximSDK/Libraries/PeriphDrivers/bin/MAX78000/spi-v1_softfp/libPeriphDriver_spi-v1_softfp.a(gpio_ai85.o)
                0x0000000010000e5c                MXC_GPIO_Handler
 .text.MXC_GPIO_ClearFlags
                0x0000000010000e60       0x18 /home/ectf/MaximSDK/Libraries/PeriphDrivers/bin/MAX78000/spi-v1_softfp/libPeriphDriver_spi-v1_softfp.a(gpio_ai85.o)
                0x0000000010000e60                MXC_GPIO_ClearFlags
 .text.MXC_GPIO_GetFlags
                0x0000000010000e78       0x18 /home/ectf/MaximSDK/Libraries/PeriphDrivers/bin/MAX78000/spi-v1_softfp/libPeriphDriver_spi-v1_softfp.a(gpio_ai85.o)
                0x0000000010000e78                MXC_GPIO_GetFlags
 .text.MXC_GPIO_GetConfigLock
                0x0000000010000e90        0x4 /home/ectf/MaximSDK/Libraries/PeriphDrivers/bin/MAX78000/spi-v1_softfp/libPeriphDriver_spi-v1_softfp.a(gpio_ai85.o)
                0x0000000010000e90                MXC_GPIO_GetConfigLock
 .text.MXC_GPIO_RevA_OutSet
                0x0000000010000e94        0x4 /home/ectf/MaximSDK/Libraries/PeriphDrivers/bin/MAX78000/spi-v1_softfp/libPeriphDriver_spi-v1_softfp.a(gpio_reva.o)
                0x0000000010000e94                MXC_GPIO_RevA_OutSet
 .text.MXC_GPIO_RevA_ClearFlags
                0x0000000010000e98        0x4 /home/ectf/MaximSDK/Libraries/PeriphDrivers/bin/MAX78000/spi-v1_softfp/libPeriphDriver_spi-v1_softfp.a(gpio_reva.o)
                0x0000000010000e98                MXC_GPIO_RevA_ClearFlags
 .text.MXC_GPIO_RevA_GetFlags
                0x0000000010000e9c        0x4 /home/ectf/MaximSDK/Libraries/PeriphDrivers/bin/MAX78000/spi-v1_softfp/libPeriphDriver_spi-v1_softfp.a(gpio_reva.o)
                0x0000000010000e9c                MXC_GPIO_RevA_GetFlags
 .text.MXC_GPIO_RevA_SetVSSEL
                0x0000000010000ea0       0x40 /home/ectf/MaximSDK/Libraries/PeriphDrivers/bin/MAX78000/spi-v1_softfp/libPeriphDriver_spi-v1_softfp.a(gpio_reva.o)
                0x0000000010000ea0                MXC_GPIO_RevA_SetVSSEL
 .text.MXC_GPIO_RevA_SetAF
                0x0000000010000ee0       0x7c /home/ectf/MaximSDK/Libraries/PeriphDrivers/bin/MAX78000/spi-v1_softfp/libPeriphDriver_spi-v1_softfp.a(gpio_reva.o)
                0x0000000010000ee0                MXC_GPIO_RevA_SetAF
 .text.MXC_GPIO_RevA_SetDriveStrength
                0x0000000010000f5c       0xa0 /home/ectf/MaximSDK/Libraries/PeriphDrivers/bin/MAX78000/spi-v1_softfp/libPeriphDriver_spi-v1_softfp.a(gpio_reva.o)
                0x0000000010000f5c                MXC_GPIO_RevA_SetDriveStrength
 .text.MXC_I2C_SetSlaveAddr
                0x0000000010000ffc        0xc /home/ectf/MaximSDK/Libraries/PeriphDrivers/bin/MAX78000/spi-v1_softfp/libPeriphDriver_spi-v1_softfp.a(i2c_me17.o)
                0x0000000010000ffc                MXC_I2C_SetSlaveAddr
 .text.MXC_I2C_Shutdown
                0x0000000010001008       0x6c /home/ectf/MaximSDK/Libraries/PeriphDrivers/bin/MAX78000/spi-v1_softfp/libPeriphDriver_spi-v1_softfp.a(i2c_me17.o)
                0x0000000010001008                MXC_I2C_Shutdown
 .text.MXC_I2C_Init
                0x0000000010001074       0x94 /home/ectf/MaximSDK/Libraries/PeriphDrivers/bin/MAX78000/spi-v1_softfp/libPeriphDriver_spi-v1_softfp.a(i2c_me17.o)
                0x0000000010001074                MXC_I2C_Init
 .text.MXC_I2C_SetFrequency
                0x0000000010001108        0x4 /home/ectf/MaximSDK/Libraries/PeriphDrivers/bin/MAX78000/spi-v1_softfp/libPeriphDriver_spi-v1_softfp.a(i2c_me17.o)
                0x0000000010001108                MXC_I2C_SetFrequency
 .text.MXC_I2C_GetFrequency
                0x000000001000110c        0x4 /home/ectf/MaximSDK/Libraries/PeriphDrivers/bin/MAX78000/spi-v1_softfp/libPeriphDriver_spi-v1_softfp.a(i2c_me17.o)
                0x000000001000110c                MXC_I2C_GetFrequency
 .text.MXC_I2C_Start
                0x0000000010001110        0x4 /home/ectf/MaximSDK/Libraries/PeriphDrivers/bin/MAX78000/spi-v1_softfp/libPeriphDriver_spi-v1_softfp.a(i2c_me17.o)
                0x0000000010001110                MXC_I2C_Start
 .text.MXC_I2C_Stop
                0x0000000010001114        0x4 /home/ectf/MaximSDK/Libraries/PeriphDrivers/bin/MAX78000/spi-v1_softfp/libPeriphDriver_spi-v1_softfp.a(i2c_me17.o)
                0x0000000010001114                MXC_I2C_Stop
 .text.MXC_I2C_ReadRXFIFO
                0x0000000010001118        0x4 /home/ectf/MaximSDK/Libraries/PeriphDrivers/bin/MAX78000/spi-v1_softfp/libPeriphDriver_spi-v1_softfp.a(i2c_me17.o)
                0x0000000010001118                MXC_I2C_ReadRXFIFO
 .text.MXC_I2C_WriteTXFIFO
                0x000000001000111c        0x4 /home/ectf/MaximSDK/Libraries/PeriphDrivers/bin/MAX78000/spi-v1_softfp/libPeriphDriver_spi-v1_softfp.a(i2c_me17.o)
                0x000000001000111c                MXC_I2C_WriteTXFIFO
 .text.MXC_I2C_ClearRXFIFO
                0x0000000010001120        0x4 /home/ectf/MaximSDK/Libraries/PeriphDrivers/bin/MAX78000/spi-v1_softfp/libPeriphDriver_spi-v1_softfp.a(i2c_me17.o)
                0x0000000010001120                MXC_I2C_ClearRXFIFO
 .text.MXC_I2C_ClearTXFIFO
                0x0000000010001124        0x4 /home/ectf/MaximSDK/Libraries/PeriphDrivers/bin/MAX78000/spi-v1_softfp/libPeriphDriver_spi-v1_softfp.a(i2c_me17.o)
                0x0000000010001124                MXC_I2C_ClearTXFIFO
 .text.MXC_I2C_ClearFlags
                0x0000000010001128        0x4 /home/ectf/MaximSDK/Libraries/PeriphDrivers/bin/MAX78000/spi-v1_softfp/libPeriphDriver_spi-v1_softfp.a(i2c_me17.o)
                0x0000000010001128                MXC_I2C_ClearFlags
 .text.MXC_I2C_Recover
                0x000000001000112c        0x4 /home/ectf/MaximSDK/Libraries/PeriphDrivers/bin/MAX78000/spi-v1_softfp/libPeriphDriver_spi-v1_softfp.a(i2c_me17.o)
                0x000000001000112c                MXC_I2C_Recover
 .text.MXC_I2C_MasterTransaction
                0x0000000010001130        0x4 /home/ectf/MaximSDK/Libraries/PeriphDrivers/bin/MAX78000/spi-v1_softfp/libPeriphDriver_spi-v1_softfp.a(i2c_me17.o)
                0x0000000010001130                MXC_I2C_MasterTransaction
 .text.MXC_I2C_SetRXThreshold
                0x0000000010001134        0x4 /home/ectf/MaximSDK/Libraries/PeriphDrivers/bin/MAX78000/spi-v1_softfp/libPeriphDriver_spi-v1_softfp.a(i2c_me17.o)
                0x0000000010001134                MXC_I2C_SetRXThreshold
 .text.MXC_I2C_SetTXThreshold
                0x0000000010001138        0x4 /home/ectf/MaximSDK/Libraries/PeriphDrivers/bin/MAX78000/spi-v1_softfp/libPeriphDriver_spi-v1_softfp.a(i2c_me17.o)
                0x0000000010001138                MXC_I2C_SetTXThreshold
 .text.MXC_I2C_RevA_Init
                0x000000001000113c      0x104 /home/ectf/MaximSDK/Libraries/PeriphDrivers/bin/MAX78000/spi-v1_softfp/libPeriphDriver_spi-v1_softfp.a(i2c_reva.o)
                0x000000001000113c                MXC_I2C_RevA_Init
 .text.MXC_I2C_RevA_SetSlaveAddr
                0x0000000010001240       0x3c /home/ectf/MaximSDK/Libraries/PeriphDrivers/bin/MAX78000/spi-v1_softfp/libPeriphDriver_spi-v1_softfp.a(i2c_reva.o)
                0x0000000010001240                MXC_I2C_RevA_SetSlaveAddr
 .text.MXC_I2C_RevA_Shutdown
                0x000000001000127c       0xac /home/ectf/MaximSDK/Libraries/PeriphDrivers/bin/MAX78000/spi-v1_softfp/libPeriphDriver_spi-v1_softfp.a(i2c_reva.o)
                0x000000001000127c                MXC_I2C_RevA_Shutdown
 .text.MXC_I2C_RevA_SetFrequency
                0x0000000010001328       0xc0 /home/ectf/MaximSDK/Libraries/PeriphDrivers/bin/MAX78000/spi-v1_softfp/libPeriphDriver_spi-v1_softfp.a(i2c_reva.o)
                0x0000000010001328                MXC_I2C_RevA_SetFrequency
 .text.MXC_I2C_RevA_GetFrequency
                0x00000000100013e8       0x38 /home/ectf/MaximSDK/Libraries/PeriphDrivers/bin/MAX78000/spi-v1_softfp/libPeriphDriver_spi-v1_softfp.a(i2c_reva.o)
                0x00000000100013e8                MXC_I2C_RevA_GetFrequency
 .text.MXC_I2C_RevA_Start
                0x0000000010001420       0x24 /home/ectf/MaximSDK/Libraries/PeriphDrivers/bin/MAX78000/spi-v1_softfp/libPeriphDriver_spi-v1_softfp.a(i2c_reva.o)
                0x0000000010001420                MXC_I2C_RevA_Start
 .text.MXC_I2C_RevA_Stop
                0x0000000010001444       0x1c /home/ectf/MaximSDK/Libraries/PeriphDrivers/bin/MAX78000/spi-v1_softfp/libPeriphDriver_spi-v1_softfp.a(i2c_reva.o)
                0x0000000010001444                MXC_I2C_RevA_Stop
 .text.MXC_I2C_RevA_ReadRXFIFO
                0x0000000010001460       0x30 /home/ectf/MaximSDK/Libraries/PeriphDrivers/bin/MAX78000/spi-v1_softfp/libPeriphDriver_spi-v1_softfp.a(i2c_reva.o)
                0x0000000010001460                MXC_I2C_RevA_ReadRXFIFO
 .text.MXC_I2C_RevA_WriteTXFIFO
                0x0000000010001490       0x30 /home/ectf/MaximSDK/Libraries/PeriphDrivers/bin/MAX78000/spi-v1_softfp/libPeriphDriver_spi-v1_softfp.a(i2c_reva.o)
                0x0000000010001490                MXC_I2C_RevA_WriteTXFIFO
 .text.MXC_I2C_RevA_ClearRXFIFO
                0x00000000100014c0       0x10 /home/ectf/MaximSDK/Libraries/PeriphDrivers/bin/MAX78000/spi-v1_softfp/libPeriphDriver_spi-v1_softfp.a(i2c_reva.o)
                0x00000000100014c0                MXC_I2C_RevA_ClearRXFIFO
 .text.MXC_I2C_RevA_ClearTXFIFO
                0x00000000100014d0       0x10 /home/ectf/MaximSDK/Libraries/PeriphDrivers/bin/MAX78000/spi-v1_softfp/libPeriphDriver_spi-v1_softfp.a(i2c_reva.o)
                0x00000000100014d0                MXC_I2C_RevA_ClearTXFIFO
 .text.MXC_I2C_RevA_ClearFlags
                0x00000000100014e0        0x8 /home/ectf/MaximSDK/Libraries/PeriphDrivers/bin/MAX78000/spi-v1_softfp/libPeriphDriver_spi-v1_softfp.a(i2c_reva.o)
                0x00000000100014e0                MXC_I2C_RevA_ClearFlags
 .text.MXC_I2C_RevA_Recover
                0x00000000100014e8       0xd8 /home/ectf/MaximSDK/Libraries/PeriphDrivers/bin/MAX78000/spi-v1_softfp/libPeriphDriver_spi-v1_softfp.a(i2c_reva.o)
                0x00000000100014e8                MXC_I2C_RevA_Recover
 .text.MXC_I2C_RevA_MasterTransaction
                0x00000000100015c0      0x1bc /home/ectf/MaximSDK/Libraries/PeriphDrivers/bin/MAX78000/spi-v1_softfp/libPeriphDriver_spi-v1_softfp.a(i2c_reva.o)
                0x00000000100015c0                MXC_I2C_RevA_MasterTransaction
 .text.MXC_I2C_RevA_SetRXThreshold
                0x000000001000177c       0x20 /home/ectf/MaximSDK/Libraries/PeriphDrivers/bin/MAX78000/spi-v1_softfp/libPeriphDriver_spi-v1_softfp.a(i2c_reva.o)
                0x000000001000177c                MXC_I2C_RevA_SetRXThreshold
 .text.MXC_I2C_RevA_SetTXThreshold
                0x000000001000179c       0x24 /home/ectf/MaximSDK/Libraries/PeriphDrivers/bin/MAX78000/spi-v1_softfp/libPeriphDriver_spi-v1_softfp.a(i2c_reva.o)
                0x000000001000179c                MXC_I2C_RevA_SetTXThreshold
 .text.MXC_ICC_Enable
                0x00000000100017c0        0x4 /home/ectf/MaximSDK/Libraries/PeriphDrivers/bin/MAX78000/spi-v1_softfp/libPeriphDriver_spi-v1_softfp.a(icc_me17.o)
                0x00000000100017c0                MXC_ICC_Enable
 .text.MXC_ICC_RevA_Enable
                0x00000000100017c4       0x30 /home/ectf/MaximSDK/Libraries/PeriphDrivers/bin/MAX78000/spi-v1_softfp/libPeriphDriver_spi-v1_softfp.a(icc_reva.o)
                0x00000000100017c4                MXC_ICC_RevA_Enable
 .text.MXC_UART_Shutdown
                0x00000000100017f4       0x70 /home/ectf/MaximSDK/Libraries/PeriphDrivers/bin/MAX78000/spi-v1_softfp/libPeriphDriver_spi-v1_softfp.a(uart_ai85.o)
                0x00000000100017f4                MXC_UART_Shutdown
 .text.MXC_UART_SetFrequency
                0x0000000010001864       0x90 /home/ectf/MaximSDK/Libraries/PeriphDrivers/bin/MAX78000/spi-v1_softfp/libPeriphDriver_spi-v1_softfp.a(uart_ai85.o)
                0x0000000010001864                MXC_UART_SetFrequency
 .text.MXC_UART_SetDataSize
                0x00000000100018f4        0x4 /home/ectf/MaximSDK/Libraries/PeriphDrivers/bin/MAX78000/spi-v1_softfp/libPeriphDriver_spi-v1_softfp.a(uart_ai85.o)
                0x00000000100018f4                MXC_UART_SetDataSize
 .text.MXC_UART_SetStopBits
                0x00000000100018f8        0x4 /home/ectf/MaximSDK/Libraries/PeriphDrivers/bin/MAX78000/spi-v1_softfp/libPeriphDriver_spi-v1_softfp.a(uart_ai85.o)
                0x00000000100018f8                MXC_UART_SetStopBits
 .text.MXC_UART_SetParity
                0x00000000100018fc        0x4 /home/ectf/MaximSDK/Libraries/PeriphDrivers/bin/MAX78000/spi-v1_softfp/libPeriphDriver_spi-v1_softfp.a(uart_ai85.o)
                0x00000000100018fc                MXC_UART_SetParity
 .text.MXC_UART_SetClockSource
                0x0000000010001900       0x60 /home/ectf/MaximSDK/Libraries/PeriphDrivers/bin/MAX78000/spi-v1_softfp/libPeriphDriver_spi-v1_softfp.a(uart_ai85.o)
                0x0000000010001900                MXC_UART_SetClockSource
 .text.MXC_UART_GetClockSource
                0x0000000010001960       0x4c /home/ectf/MaximSDK/Libraries/PeriphDrivers/bin/MAX78000/spi-v1_softfp/libPeriphDriver_spi-v1_softfp.a(uart_ai85.o)
                0x0000000010001960                MXC_UART_GetClockSource
 .text.MXC_UART_Init
                0x00000000100019ac       0xa0 /home/ectf/MaximSDK/Libraries/PeriphDrivers/bin/MAX78000/spi-v1_softfp/libPeriphDriver_spi-v1_softfp.a(uart_ai85.o)
                0x00000000100019ac                MXC_UART_Init
 .text.MXC_UART_ReadCharacterRaw
                0x0000000010001a4c        0x4 /home/ectf/MaximSDK/Libraries/PeriphDrivers/bin/MAX78000/spi-v1_softfp/libPeriphDriver_spi-v1_softfp.a(uart_ai85.o)
                0x0000000010001a4c                MXC_UART_ReadCharacterRaw
 .text.MXC_UART_WriteCharacterRaw
                0x0000000010001a50        0x4 /home/ectf/MaximSDK/Libraries/PeriphDrivers/bin/MAX78000/spi-v1_softfp/libPeriphDriver_spi-v1_softfp.a(uart_ai85.o)
                0x0000000010001a50                MXC_UART_WriteCharacterRaw
 .text.MXC_UART_ReadCharacter
                0x0000000010001a54        0x4 /home/ectf/MaximSDK/Libraries/PeriphDrivers/bin/MAX78000/spi-v1_softfp/libPeriphDriver_spi-v1_softfp.a(uart_ai85.o)
                0x0000000010001a54                MXC_UART_ReadCharacter
 .text.MXC_UART_WriteCharacter
                0x0000000010001a58        0x4 /home/ectf/MaximSDK/Libraries/PeriphDrivers/bin/MAX78000/spi-v1_softfp/libPeriphDriver_spi-v1_softfp.a(uart_ai85.o)
                0x0000000010001a58                MXC_UART_WriteCharacter
 .text.MXC_UART_GetRXFIFOAvailable
                0x0000000010001a5c        0x4 /home/ectf/MaximSDK/Libraries/PeriphDrivers/bin/MAX78000/spi-v1_softfp/libPeriphDriver_spi-v1_softfp.a(uart_ai85.o)
                0x0000000010001a5c                MXC_UART_GetRXFIFOAvailable
 .text.MXC_UART_GetTXFIFOAvailable
                0x0000000010001a60        0x4 /home/ectf/MaximSDK/Libraries/PeriphDrivers/bin/MAX78000/spi-v1_softfp/libPeriphDriver_spi-v1_softfp.a(uart_ai85.o)
                0x0000000010001a60                MXC_UART_GetTXFIFOAvailable
 .text.MXC_UART_SetRXThreshold
                0x0000000010001a64        0x4 /home/ectf/MaximSDK/Libraries/PeriphDrivers/bin/MAX78000/spi-v1_softfp/libPeriphDriver_spi-v1_softfp.a(uart_ai85.o)
                0x0000000010001a64                MXC_UART_SetRXThreshold
 .text.MXC_UART_Common_ReadCharacter
                0x0000000010001a68       0x18 /home/ectf/MaximSDK/Libraries/PeriphDrivers/bin/MAX78000/spi-v1_softfp/libPeriphDriver_spi-v1_softfp.a(uart_common.o)
                0x0000000010001a68                MXC_UART_Common_ReadCharacter
 .text.MXC_UART_Common_WriteCharacter
                0x0000000010001a80       0x1c /home/ectf/MaximSDK/Libraries/PeriphDrivers/bin/MAX78000/spi-v1_softfp/libPeriphDriver_spi-v1_softfp.a(uart_common.o)
                0x0000000010001a80                MXC_UART_Common_WriteCharacter
 .text.MXC_UART_RevB_Init
                0x0000000010001a9c       0xe0 /home/ectf/MaximSDK/Libraries/PeriphDrivers/bin/MAX78000/spi-v1_softfp/libPeriphDriver_spi-v1_softfp.a(uart_revb.o)
                0x0000000010001a9c                MXC_UART_RevB_Init
 .text.MXC_UART_RevB_SetFrequency
                0x0000000010001b7c       0x1c /home/ectf/MaximSDK/Libraries/PeriphDrivers/bin/MAX78000/spi-v1_softfp/libPeriphDriver_spi-v1_softfp.a(uart_revb.o)
                0x0000000010001b7c                MXC_UART_RevB_SetFrequency
 .text.MXC_UART_RevB_SetDataSize
                0x0000000010001b98       0x20 /home/ectf/MaximSDK/Libraries/PeriphDrivers/bin/MAX78000/spi-v1_softfp/libPeriphDriver_spi-v1_softfp.a(uart_revb.o)
                0x0000000010001b98                MXC_UART_RevB_SetDataSize
 .text.MXC_UART_RevB_SetStopBits
                0x0000000010001bb8       0x28 /home/ectf/MaximSDK/Libraries/PeriphDrivers/bin/MAX78000/spi-v1_softfp/libPeriphDriver_spi-v1_softfp.a(uart_revb.o)
                0x0000000010001bb8                MXC_UART_RevB_SetStopBits
 .text.MXC_UART_RevB_SetParity
                0x0000000010001be0       0x94 /home/ectf/MaximSDK/Libraries/PeriphDrivers/bin/MAX78000/spi-v1_softfp/libPeriphDriver_spi-v1_softfp.a(uart_revb.o)
                0x0000000010001be0                MXC_UART_RevB_SetParity
 .text.MXC_UART_RevB_SetClockSource
                0x0000000010001c74       0xa8 /home/ectf/MaximSDK/Libraries/PeriphDrivers/bin/MAX78000/spi-v1_softfp/libPeriphDriver_spi-v1_softfp.a(uart_revb.o)
                0x0000000010001c74                MXC_UART_RevB_SetClockSource
 .text.MXC_UART_RevB_GetClockSource
                0x0000000010001d1c        0x8 /home/ectf/MaximSDK/Libraries/PeriphDrivers/bin/MAX78000/spi-v1_softfp/libPeriphDriver_spi-v1_softfp.a(uart_revb.o)
                0x0000000010001d1c                MXC_UART_RevB_GetClockSource
 .text.MXC_UART_RevB_ReadCharacterRaw
                0x0000000010001d24       0x10 /home/ectf/MaximSDK/Libraries/PeriphDrivers/bin/MAX78000/spi-v1_softfp/libPeriphDriver_spi-v1_softfp.a(uart_revb.o)
                0x0000000010001d24                MXC_UART_RevB_ReadCharacterRaw
 .text.MXC_UART_RevB_WriteCharacterRaw
                0x0000000010001d34       0x14 /home/ectf/MaximSDK/Libraries/PeriphDrivers/bin/MAX78000/spi-v1_softfp/libPeriphDriver_spi-v1_softfp.a(uart_revb.o)
                0x0000000010001d34                MXC_UART_RevB_WriteCharacterRaw
 .text.MXC_UART_RevB_GetRXFIFOAvailable
                0x0000000010001d48        0x8 /home/ectf/MaximSDK/Libraries/PeriphDrivers/bin/MAX78000/spi-v1_softfp/libPeriphDriver_spi-v1_softfp.a(uart_revb.o)
                0x0000000010001d48                MXC_UART_RevB_GetRXFIFOAvailable
 .text.MXC_UART_RevB_GetTXFIFOAvailable
                0x0000000010001d50        0xc /home/ectf/MaximSDK/Libraries/PeriphDrivers/bin/MAX78000/spi-v1_softfp/libPeriphDriver_spi-v1_softfp.a(uart_revb.o)
                0x0000000010001d50                MXC_UART_RevB_GetTXFIFOAvailable
 .text.MXC_UART_RevB_SetRXThreshold
                0x0000000010001d5c       0x1c /home/ectf/MaximSDK/Libraries/PeriphDrivers/bin/MAX78000/spi-v1_softfp/libPeriphDriver_spi-v1_softfp.a(uart_revb.o)
                0x0000000010001d5c                MXC_UART_RevB_SetRXThreshold
 .text.MXC_GetLock
                0x0000000010001d78       0x1c /home/ectf/MaximSDK/Libraries/PeriphDrivers/bin/MAX78000/spi-v1_softfp/libPeriphDriver_spi-v1_softfp.a(mxc_lock.o)
                0x0000000010001d78                MXC_GetLock
 .text.MXC_FreeLock
                0x0000000010001d94        0xc /home/ectf/MaximSDK/Libraries/PeriphDrivers/bin/MAX78000/spi-v1_softfp/libPeriphDriver_spi-v1_softfp.a(mxc_lock.o)
                0x0000000010001d94                MXC_FreeLock
 .text.MXC_GPIO_Common_Init
                0x0000000010001da0       0x24 /home/ectf/MaximSDK/Libraries/PeriphDrivers/bin/MAX78000/spi-v1_softfp/libPeriphDriver_spi-v1_softfp.a(gpio_common.o)
                0x0000000010001da0                MXC_GPIO_Common_Init
 .text.MXC_GPIO_Common_Handler
                0x0000000010001dc4       0x88 /home/ectf/MaximSDK/Libraries/PeriphDrivers/bin/MAX78000/spi-v1_softfp/libPeriphDriver_spi-v1_softfp.a(gpio_common.o)
                0x0000000010001dc4                MXC_GPIO_Common_Handler
 .text.MXC_GPIO_Common_GetConfigLock
                0x0000000010001e4c        0xc /home/ectf/MaximSDK/Libraries/PeriphDrivers/bin/MAX78000/spi-v1_softfp/libPeriphDriver_spi-v1_softfp.a(gpio_common.o)
                0x0000000010001e4c                MXC_GPIO_Common_GetConfigLock
 .text.__errno  0x0000000010001e58        0xc /home/ectf/MaximSDK/Tools/GNUTools/10.3/bin/../lib/gcc/arm-none-eabi/10.3.1/../../../../arm-none-eabi/lib/thumb/v7e-m+fp/softfp/libc.a(lib_a-errno.o)
                0x0000000010001e58                __errno
 .text.__libc_init_array
                0x0000000010001e64       0x48 /home/ectf/MaximSDK/Tools/GNUTools/10.3/bin/../lib/gcc/arm-none-eabi/10.3.1/../../../../arm-none-eabi/lib/thumb/v7e-m+fp/softfp/libc.a(lib_a-init.o)
                0x0000000010001e64                __libc_init_array
 .text.malloc   0x0000000010001eac       0x10 /home/ectf/MaximSDK/Tools/GNUTools/10.3/bin/../lib/gcc/arm-none-eabi/10.3.1/../../../../arm-none-eabi/lib/thumb/v7e-m+fp/softfp/libc.a(lib_a-malloc.o)
                0x0000000010001eac                malloc
 .text._malloc_r
                0x0000000010001ebc      0x560 /home/ectf/MaximSDK/Tools/GNUTools/10.3/bin/../lib/gcc/arm-none-eabi/10.3.1/../../../../arm-none-eabi/lib/thumb/v7e-m+fp/softfp/libc.a(lib_a-mallocr.o)
                0x0000000010001ebc                _malloc_r
 .text          0x000000001000241c      0x134 /home/ectf/MaximSDK/Tools/GNUTools/10.3/bin/../lib/gcc/arm-none-eabi/10.3.1/../../../../arm-none-eabi/lib/thumb/v7e-m+fp/softfp/libc.a(lib_a-memcpy.o)
                0x000000001000241c                memcpy
 .text.memset   0x0000000010002550       0xa4 /home/ectf/MaximSDK/Tools/GNUTools/10.3/bin/../lib/gcc/arm-none-eabi/10.3.1/../../../../arm-none-eabi/lib/thumb/v7e-m+fp/softfp/libc.a(lib_a-memset.o)
                0x0000000010002550                memset
 .text.__malloc_lock
                0x00000000100025f4        0xc /home/ectf/MaximSDK/Tools/GNUTools/10.3/bin/../lib/gcc/arm-none-eabi/10.3.1/../../../../arm-none-eabi/lib/thumb/v7e-m+fp/softfp/libc.a(lib_a-mlock.o)
                0x00000000100025f4                __malloc_lock
 .text.__malloc_unlock
                0x0000000010002600        0xc /home/ectf/MaximSDK/Tools/GNUTools/10.3/bin/../lib/gcc/arm-none-eabi/10.3.1/../../../../arm-none-eabi/lib/thumb/v7e-m+fp/softfp/libc.a(lib_a-mlock.o)
                0x0000000010002600                __malloc_unlock
 .text.printf   0x000000001000260c       0x28 /home/ectf/MaximSDK/Tools/GNUTools/10.3/bin/../lib/gcc/arm-none-eabi/10.3.1/../../../../arm-none-eabi/lib/thumb/v7e-m+fp/softfp/libc.a(lib_a-printf.o)
                0x000000001000260c                printf
 .text._puts_r  0x0000000010002634       0x9c /home/ectf/MaximSDK/Tools/GNUTools/10.3/bin/../lib/gcc/arm-none-eabi/10.3.1/../../../../arm-none-eabi/lib/thumb/v7e-m+fp/softfp/libc.a(lib_a-puts.o)
                0x0000000010002634                _puts_r
 .text.puts     0x00000000100026d0       0x10 /home/ectf/MaximSDK/Tools/GNUTools/10.3/bin/../lib/gcc/arm-none-eabi/10.3.1/../../../../arm-none-eabi/lib/thumb/v7e-m+fp/softfp/libc.a(lib_a-puts.o)
                0x00000000100026d0                puts
 .text._sbrk_r  0x00000000100026e0       0x24 /home/ectf/MaximSDK/Tools/GNUTools/10.3/bin/../lib/gcc/arm-none-eabi/10.3.1/../../../../arm-none-eabi/lib/thumb/v7e-m+fp/softfp/libc.a(lib_a-sbrkr.o)
                0x00000000100026e0                _sbrk_r
 *fill*         0x0000000010002704       0x3c 
 .text          0x0000000010002740       0xdc /home/ectf/MaximSDK/Tools/GNUTools/10.3/bin/../lib/gcc/arm-none-eabi/10.3.1/../../../../arm-none-eabi/lib/thumb/v7e-m+fp/softfp/libc.a(lib_a-strlen.o)
                0x0000000010002740                strlen
 *fill*         0x000000001000281c        0x4 
 .text._vfprintf_r
                0x0000000010002820     0x1b8c /home/ectf/MaximSDK/Tools/GNUTools/10.3/bin/../lib/gcc/arm-none-eabi/10.3.1/../../../../arm-none-eabi/lib/thumb/v7e-m+fp/softfp/libc.a(lib_a-vfprintf.o)
                0x0000000010002820                _vfprintf_r
 .text.__sbprintf
                0x00000000100043ac       0x80 /home/ectf/MaximSDK/Tools/GNUTools/10.3/bin/../lib/gcc/arm-none-eabi/10.3.1/../../../../arm-none-eabi/lib/thumb/v7e-m+fp/softfp/libc.a(lib_a-vfprintf.o)
 .text.__swsetup_r
                0x000000001000442c       0xd4 /home/ectf/MaximSDK/Tools/GNUTools/10.3/bin/../lib/gcc/arm-none-eabi/10.3.1/../../../../arm-none-eabi/lib/thumb/v7e-m+fp/softfp/libc.a(lib_a-wsetup.o)
                0x000000001000442c                __swsetup_r
 .text.startup.register_fini
                0x0000000010004500       0x14 /home/ectf/MaximSDK/Tools/GNUTools/10.3/bin/../lib/gcc/arm-none-eabi/10.3.1/../../../../arm-none-eabi/lib/thumb/v7e-m+fp/softfp/libc.a(lib_a-__call_atexit.o)
 .text.atexit   0x0000000010004514        0xc /home/ectf/MaximSDK/Tools/GNUTools/10.3/bin/../lib/gcc/arm-none-eabi/10.3.1/../../../../arm-none-eabi/lib/thumb/v7e-m+fp/softfp/libc.a(lib_a-atexit.o)
                0x0000000010004514                atexit
 .text.quorem   0x0000000010004520      0x128 /home/ectf/MaximSDK/Tools/GNUTools/10.3/bin/../lib/gcc/arm-none-eabi/10.3.1/../../../../arm-none-eabi/lib/thumb/v7e-m+fp/softfp/libc.a(lib_a-dtoa.o)
 .text._dtoa_r  0x0000000010004648      0xf34 /home/ectf/MaximSDK/Tools/GNUTools/10.3/bin/../lib/gcc/arm-none-eabi/10.3.1/../../../../arm-none-eabi/lib/thumb/v7e-m+fp/softfp/libc.a(lib_a-dtoa.o)
                0x0000000010004648                _dtoa_r
 .text.__sflush_r
                0x000000001000557c      0x130 /home/ectf/MaximSDK/Tools/GNUTools/10.3/bin/../lib/gcc/arm-none-eabi/10.3.1/../../../../arm-none-eabi/lib/thumb/v7e-m+fp/softfp/libc.a(lib_a-fflush.o)
                0x000000001000557c                __sflush_r
 .text._fflush_r
                0x00000000100056ac       0x5c /home/ectf/MaximSDK/Tools/GNUTools/10.3/bin/../lib/gcc/arm-none-eabi/10.3.1/../../../../arm-none-eabi/lib/thumb/v7e-m+fp/softfp/libc.a(lib_a-fflush.o)
                0x00000000100056ac                _fflush_r
 .text._cleanup_r
                0x0000000010005708        0xc /home/ectf/MaximSDK/Tools/GNUTools/10.3/bin/../lib/gcc/arm-none-eabi/10.3.1/../../../../arm-none-eabi/lib/thumb/v7e-m+fp/softfp/libc.a(lib_a-findfp.o)
                0x0000000010005708                _cleanup_r
 .text.__sinit  0x0000000010005714      0x10c /home/ectf/MaximSDK/Tools/GNUTools/10.3/bin/../lib/gcc/arm-none-eabi/10.3.1/../../../../arm-none-eabi/lib/thumb/v7e-m+fp/softfp/libc.a(lib_a-findfp.o)
                0x0000000010005714                __sinit
 .text.__sfp_lock_acquire
                0x0000000010005820        0xc /home/ectf/MaximSDK/Tools/GNUTools/10.3/bin/../lib/gcc/arm-none-eabi/10.3.1/../../../../arm-none-eabi/lib/thumb/v7e-m+fp/softfp/libc.a(lib_a-findfp.o)
                0x0000000010005820                __sfp_lock_acquire
 .text.__sfp_lock_release
                0x000000001000582c        0xc /home/ectf/MaximSDK/Tools/GNUTools/10.3/bin/../lib/gcc/arm-none-eabi/10.3.1/../../../../arm-none-eabi/lib/thumb/v7e-m+fp/softfp/libc.a(lib_a-findfp.o)
                0x000000001000582c                __sfp_lock_release
 .text.__libc_fini_array
                0x0000000010005838       0x2c /home/ectf/MaximSDK/Tools/GNUTools/10.3/bin/../lib/gcc/arm-none-eabi/10.3.1/../../../../arm-none-eabi/lib/thumb/v7e-m+fp/softfp/libc.a(lib_a-fini.o)
                0x0000000010005838                __libc_fini_array
 .text._malloc_trim_r
                0x0000000010005864       0xa0 /home/ectf/MaximSDK/Tools/GNUTools/10.3/bin/../lib/gcc/arm-none-eabi/10.3.1/../../../../arm-none-eabi/lib/thumb/v7e-m+fp/softfp/libc.a(lib_a-freer.o)
                0x0000000010005864                _malloc_trim_r
 .text._free_r  0x0000000010005904      0x20c /home/ectf/MaximSDK/Tools/GNUTools/10.3/bin/../lib/gcc/arm-none-eabi/10.3.1/../../../../arm-none-eabi/lib/thumb/v7e-m+fp/softfp/libc.a(lib_a-freer.o)
                0x0000000010005904                _free_r
 .text.__sfvwrite_r
                0x0000000010005b10      0x2f0 /home/ectf/MaximSDK/Tools/GNUTools/10.3/bin/../lib/gcc/arm-none-eabi/10.3.1/../../../../arm-none-eabi/lib/thumb/v7e-m+fp/softfp/libc.a(lib_a-fvwrite.o)
                0x0000000010005b10                __sfvwrite_r
 .text._fwalk_reent
                0x0000000010005e00       0x48 /home/ectf/MaximSDK/Tools/GNUTools/10.3/bin/../lib/gcc/arm-none-eabi/10.3.1/../../../../arm-none-eabi/lib/thumb/v7e-m+fp/softfp/libc.a(lib_a-fwalk.o)
                0x0000000010005e00                _fwalk_reent
 .text._localeconv_r
                0x0000000010005e48        0x8 /home/ectf/MaximSDK/Tools/GNUTools/10.3/bin/../lib/gcc/arm-none-eabi/10.3.1/../../../../arm-none-eabi/lib/thumb/v7e-m+fp/softfp/libc.a(lib_a-localeconv.o)
                0x0000000010005e48                _localeconv_r
 .text.__retarget_lock_init_recursive
                0x0000000010005e50        0x4 /home/ectf/MaximSDK/Tools/GNUTools/10.3/bin/../lib/gcc/arm-none-eabi/10.3.1/../../../../arm-none-eabi/lib/thumb/v7e-m+fp/softfp/libc.a(lib_a-lock.o)
                0x0000000010005e50                __retarget_lock_init_recursive
 .text.__retarget_lock_close_recursive
                0x0000000010005e54        0x4 /home/ectf/MaximSDK/Tools/GNUTools/10.3/bin/../lib/gcc/arm-none-eabi/10.3.1/../../../../arm-none-eabi/lib/thumb/v7e-m+fp/softfp/libc.a(lib_a-lock.o)
                0x0000000010005e54                __retarget_lock_close_recursive
 .text.__retarget_lock_acquire_recursive
                0x0000000010005e58        0x4 /home/ectf/MaximSDK/Tools/GNUTools/10.3/bin/../lib/gcc/arm-none-eabi/10.3.1/../../../../arm-none-eabi/lib/thumb/v7e-m+fp/softfp/libc.a(lib_a-lock.o)
                0x0000000010005e58                __retarget_lock_acquire_recursive
 .text.__retarget_lock_release_recursive
                0x0000000010005e5c        0x4 /home/ectf/MaximSDK/Tools/GNUTools/10.3/bin/../lib/gcc/arm-none-eabi/10.3.1/../../../../arm-none-eabi/lib/thumb/v7e-m+fp/softfp/libc.a(lib_a-lock.o)
                0x0000000010005e5c                __retarget_lock_release_recursive
 .text.__smakebuf_r
                0x0000000010005e60       0xe0 /home/ectf/MaximSDK/Tools/GNUTools/10.3/bin/../lib/gcc/arm-none-eabi/10.3.1/../../../../arm-none-eabi/lib/thumb/v7e-m+fp/softfp/libc.a(lib_a-makebuf.o)
                0x0000000010005e60                __smakebuf_r
 .text          0x0000000010005f40       0xa0 /home/ectf/MaximSDK/Tools/GNUTools/10.3/bin/../lib/gcc/arm-none-eabi/10.3.1/../../../../arm-none-eabi/lib/thumb/v7e-m+fp/softfp/libc.a(lib_a-memchr.o)
                0x0000000010005f40                memchr
 .text.memmove  0x0000000010005fe0       0xf8 /home/ectf/MaximSDK/Tools/GNUTools/10.3/bin/../lib/gcc/arm-none-eabi/10.3.1/../../../../arm-none-eabi/lib/thumb/v7e-m+fp/softfp/libc.a(lib_a-memmove.o)
                0x0000000010005fe0                memmove
 .text._Balloc  0x00000000100060d8       0x4c /home/ectf/MaximSDK/Tools/GNUTools/10.3/bin/../lib/gcc/arm-none-eabi/10.3.1/../../../../arm-none-eabi/lib/thumb/v7e-m+fp/softfp/libc.a(lib_a-mprec.o)
                0x00000000100060d8                _Balloc
 .text._Bfree   0x0000000010006124       0x14 /home/ectf/MaximSDK/Tools/GNUTools/10.3/bin/../lib/gcc/arm-none-eabi/10.3.1/../../../../arm-none-eabi/lib/thumb/v7e-m+fp/softfp/libc.a(lib_a-mprec.o)
                0x0000000010006124                _Bfree
 .text.__multadd
                0x0000000010006138       0xa8 /home/ectf/MaximSDK/Tools/GNUTools/10.3/bin/../lib/gcc/arm-none-eabi/10.3.1/../../../../arm-none-eabi/lib/thumb/v7e-m+fp/softfp/libc.a(lib_a-mprec.o)
                0x0000000010006138                __multadd
 .text.__hi0bits
                0x00000000100061e0       0x40 /home/ectf/MaximSDK/Tools/GNUTools/10.3/bin/../lib/gcc/arm-none-eabi/10.3.1/../../../../arm-none-eabi/lib/thumb/v7e-m+fp/softfp/libc.a(lib_a-mprec.o)
                0x00000000100061e0                __hi0bits
 .text.__lo0bits
                0x0000000010006220       0x60 /home/ectf/MaximSDK/Tools/GNUTools/10.3/bin/../lib/gcc/arm-none-eabi/10.3.1/../../../../arm-none-eabi/lib/thumb/v7e-m+fp/softfp/libc.a(lib_a-mprec.o)
                0x0000000010006220                __lo0bits
 .text.__i2b    0x0000000010006280       0x5c /home/ectf/MaximSDK/Tools/GNUTools/10.3/bin/../lib/gcc/arm-none-eabi/10.3.1/../../../../arm-none-eabi/lib/thumb/v7e-m+fp/softfp/libc.a(lib_a-mprec.o)
                0x0000000010006280                __i2b
 .text.__multiply
                0x00000000100062dc      0x15c /home/ectf/MaximSDK/Tools/GNUTools/10.3/bin/../lib/gcc/arm-none-eabi/10.3.1/../../../../arm-none-eabi/lib/thumb/v7e-m+fp/softfp/libc.a(lib_a-mprec.o)
                0x00000000100062dc                __multiply
 .text.__pow5mult
                0x0000000010006438       0xc0 /home/ectf/MaximSDK/Tools/GNUTools/10.3/bin/../lib/gcc/arm-none-eabi/10.3.1/../../../../arm-none-eabi/lib/thumb/v7e-m+fp/softfp/libc.a(lib_a-mprec.o)
                0x0000000010006438                __pow5mult
 .text.__lshift
                0x00000000100064f8       0xf0 /home/ectf/MaximSDK/Tools/GNUTools/10.3/bin/../lib/gcc/arm-none-eabi/10.3.1/../../../../arm-none-eabi/lib/thumb/v7e-m+fp/softfp/libc.a(lib_a-mprec.o)
                0x00000000100064f8                __lshift
 .text.__mcmp   0x00000000100065e8       0x44 /home/ectf/MaximSDK/Tools/GNUTools/10.3/bin/../lib/gcc/arm-none-eabi/10.3.1/../../../../arm-none-eabi/lib/thumb/v7e-m+fp/softfp/libc.a(lib_a-mprec.o)
                0x00000000100065e8                __mcmp
 .text.__mdiff  0x000000001000662c      0x14c /home/ectf/MaximSDK/Tools/GNUTools/10.3/bin/../lib/gcc/arm-none-eabi/10.3.1/../../../../arm-none-eabi/lib/thumb/v7e-m+fp/softfp/libc.a(lib_a-mprec.o)
                0x000000001000662c                __mdiff
 .text.__d2b    0x0000000010006778       0xc4 /home/ectf/MaximSDK/Tools/GNUTools/10.3/bin/../lib/gcc/arm-none-eabi/10.3.1/../../../../arm-none-eabi/lib/thumb/v7e-m+fp/softfp/libc.a(lib_a-mprec.o)
                0x0000000010006778                __d2b
 .text._realloc_r
                0x000000001000683c      0x3d8 /home/ectf/MaximSDK/Tools/GNUTools/10.3/bin/../lib/gcc/arm-none-eabi/10.3.1/../../../../arm-none-eabi/lib/thumb/v7e-m+fp/softfp/libc.a(lib_a-reallocr.o)
                0x000000001000683c                _realloc_r
 .text.frexp    0x0000000010006c14       0x70 /home/ectf/MaximSDK/Tools/GNUTools/10.3/bin/../lib/gcc/arm-none-eabi/10.3.1/../../../../arm-none-eabi/lib/thumb/v7e-m+fp/softfp/libc.a(lib_a-s_frexp.o)
                0x0000000010006c14                frexp
 .text.__sread  0x0000000010006c84       0x24 /home/ectf/MaximSDK/Tools/GNUTools/10.3/bin/../lib/gcc/arm-none-eabi/10.3.1/../../../../arm-none-eabi/lib/thumb/v7e-m+fp/softfp/libc.a(lib_a-stdio.o)
                0x0000000010006c84                __sread
 .text.__swrite
                0x0000000010006ca8       0x40 /home/ectf/MaximSDK/Tools/GNUTools/10.3/bin/../lib/gcc/arm-none-eabi/10.3.1/../../../../arm-none-eabi/lib/thumb/v7e-m+fp/softfp/libc.a(lib_a-stdio.o)
                0x0000000010006ca8                __swrite
 .text.__sseek  0x0000000010006ce8       0x20 /home/ectf/MaximSDK/Tools/GNUTools/10.3/bin/../lib/gcc/arm-none-eabi/10.3.1/../../../../arm-none-eabi/lib/thumb/v7e-m+fp/softfp/libc.a(lib_a-stdio.o)
                0x0000000010006ce8                __sseek
 .text.__sclose
                0x0000000010006d08        0x8 /home/ectf/MaximSDK/Tools/GNUTools/10.3/bin/../lib/gcc/arm-none-eabi/10.3.1/../../../../arm-none-eabi/lib/thumb/v7e-m+fp/softfp/libc.a(lib_a-stdio.o)
                0x0000000010006d08                __sclose
 .text.strncpy  0x0000000010006d10       0x64 /home/ectf/MaximSDK/Tools/GNUTools/10.3/bin/../lib/gcc/arm-none-eabi/10.3.1/../../../../arm-none-eabi/lib/thumb/v7e-m+fp/softfp/libc.a(lib_a-strncpy.o)
                0x0000000010006d10                strncpy
 .text.__sprint_r.part.0
                0x0000000010006d74       0x78 /home/ectf/MaximSDK/Tools/GNUTools/10.3/bin/../lib/gcc/arm-none-eabi/10.3.1/../../../../arm-none-eabi/lib/thumb/v7e-m+fp/softfp/libc.a(lib_a-vfiprintf.o)
 .text.__sprint_r
                0x0000000010006dec       0x18 /home/ectf/MaximSDK/Tools/GNUTools/10.3/bin/../lib/gcc/arm-none-eabi/10.3.1/../../../../arm-none-eabi/lib/thumb/v7e-m+fp/softfp/libc.a(lib_a-vfiprintf.o)
                0x0000000010006dec                __sprint_r
 .text._vfiprintf_r
                0x0000000010006e04      0xdfc /home/ectf/MaximSDK/Tools/GNUTools/10.3/bin/../lib/gcc/arm-none-eabi/10.3.1/../../../../arm-none-eabi/lib/thumb/v7e-m+fp/softfp/libc.a(lib_a-vfiprintf.o)
                0x0000000010006e04                _vfiprintf_r
 .text.__sbprintf
                0x0000000010007c00       0x80 /home/ectf/MaximSDK/Tools/GNUTools/10.3/bin/../lib/gcc/arm-none-eabi/10.3.1/../../../../arm-none-eabi/lib/thumb/v7e-m+fp/softfp/libc.a(lib_a-vfiprintf.o)
 .text._write_r
                0x0000000010007c80       0x2c /home/ectf/MaximSDK/Tools/GNUTools/10.3/bin/../lib/gcc/arm-none-eabi/10.3.1/../../../../arm-none-eabi/lib/thumb/v7e-m+fp/softfp/libc.a(lib_a-writer.o)
                0x0000000010007c80                _write_r
 .text.__register_exitproc
                0x0000000010007cac       0x8c /home/ectf/MaximSDK/Tools/GNUTools/10.3/bin/../lib/gcc/arm-none-eabi/10.3.1/../../../../arm-none-eabi/lib/thumb/v7e-m+fp/softfp/libc.a(lib_a-__atexit.o)
                0x0000000010007cac                __register_exitproc
 .text.__assert_func
                0x0000000010007d38       0x40 /home/ectf/MaximSDK/Tools/GNUTools/10.3/bin/../lib/gcc/arm-none-eabi/10.3.1/../../../../arm-none-eabi/lib/thumb/v7e-m+fp/softfp/libc.a(lib_a-assert.o)
                0x0000000010007d38                __assert_func
 .text._calloc_r
                0x0000000010007d78       0x78 /home/ectf/MaximSDK/Tools/GNUTools/10.3/bin/../lib/gcc/arm-none-eabi/10.3.1/../../../../arm-none-eabi/lib/thumb/v7e-m+fp/softfp/libc.a(lib_a-callocr.o)
                0x0000000010007d78                _calloc_r
 .text._close_r
                0x0000000010007df0       0x24 /home/ectf/MaximSDK/Tools/GNUTools/10.3/bin/../lib/gcc/arm-none-eabi/10.3.1/../../../../arm-none-eabi/lib/thumb/v7e-m+fp/softfp/libc.a(lib_a-closer.o)
                0x0000000010007df0                _close_r
 .text._fclose_r
                0x0000000010007e14       0xcc /home/ectf/MaximSDK/Tools/GNUTools/10.3/bin/../lib/gcc/arm-none-eabi/10.3.1/../../../../arm-none-eabi/lib/thumb/v7e-m+fp/softfp/libc.a(lib_a-fclose.o)
                0x0000000010007e14                _fclose_r
 .text.fiprintf
                0x0000000010007ee0       0x28 /home/ectf/MaximSDK/Tools/GNUTools/10.3/bin/../lib/gcc/arm-none-eabi/10.3.1/../../../../arm-none-eabi/lib/thumb/v7e-m+fp/softfp/libc.a(lib_a-fiprintf.o)
                0x0000000010007ee0                fiprintf
 .text.__fputwc
                0x0000000010007f08       0xa8 /home/ectf/MaximSDK/Tools/GNUTools/10.3/bin/../lib/gcc/arm-none-eabi/10.3.1/../../../../arm-none-eabi/lib/thumb/v7e-m+fp/softfp/libc.a(lib_a-fputwc.o)
                0x0000000010007f08                __fputwc
 .text._fputwc_r
                0x0000000010007fb0       0x68 /home/ectf/MaximSDK/Tools/GNUTools/10.3/bin/../lib/gcc/arm-none-eabi/10.3.1/../../../../arm-none-eabi/lib/thumb/v7e-m+fp/softfp/libc.a(lib_a-fputwc.o)
                0x0000000010007fb0                _fputwc_r
 .text._fstat_r
                0x0000000010008018       0x2c /home/ectf/MaximSDK/Tools/GNUTools/10.3/bin/../lib/gcc/arm-none-eabi/10.3.1/../../../../arm-none-eabi/lib/thumb/v7e-m+fp/softfp/libc.a(lib_a-fstatr.o)
                0x0000000010008018                _fstat_r
 .text._isatty_r
                0x0000000010008044       0x24 /home/ectf/MaximSDK/Tools/GNUTools/10.3/bin/../lib/gcc/arm-none-eabi/10.3.1/../../../../arm-none-eabi/lib/thumb/v7e-m+fp/softfp/libc.a(lib_a-isattyr.o)
                0x0000000010008044                _isatty_r
 .text.__locale_mb_cur_max
                0x0000000010008068        0xc /home/ectf/MaximSDK/Tools/GNUTools/10.3/bin/../lib/gcc/arm-none-eabi/10.3.1/../../../../arm-none-eabi/lib/thumb/v7e-m+fp/softfp/libc.a(lib_a-locale.o)
                0x0000000010008068                __locale_mb_cur_max
 .text._lseek_r
                0x0000000010008074       0x2c /home/ectf/MaximSDK/Tools/GNUTools/10.3/bin/../lib/gcc/arm-none-eabi/10.3.1/../../../../arm-none-eabi/lib/thumb/v7e-m+fp/softfp/libc.a(lib_a-lseekr.o)
                0x0000000010008074                _lseek_r
 .text.__ascii_mbtowc
                0x00000000100080a0       0x2c /home/ectf/MaximSDK/Tools/GNUTools/10.3/bin/../lib/gcc/arm-none-eabi/10.3.1/../../../../arm-none-eabi/lib/thumb/v7e-m+fp/softfp/libc.a(lib_a-mbtowc_r.o)
                0x00000000100080a0                __ascii_mbtowc
 .text._read_r  0x00000000100080cc       0x2c /home/ectf/MaximSDK/Tools/GNUTools/10.3/bin/../lib/gcc/arm-none-eabi/10.3.1/../../../../arm-none-eabi/lib/thumb/v7e-m+fp/softfp/libc.a(lib_a-readr.o)
                0x00000000100080cc                _read_r
 .text.__swbuf_r
                0x00000000100080f8       0xb0 /home/ectf/MaximSDK/Tools/GNUTools/10.3/bin/../lib/gcc/arm-none-eabi/10.3.1/../../../../arm-none-eabi/lib/thumb/v7e-m+fp/softfp/libc.a(lib_a-wbuf.o)
                0x00000000100080f8                __swbuf_r
 .text._wcrtomb_r
                0x00000000100081a8       0x3c /home/ectf/MaximSDK/Tools/GNUTools/10.3/bin/../lib/gcc/arm-none-eabi/10.3.1/../../../../arm-none-eabi/lib/thumb/v7e-m+fp/softfp/libc.a(lib_a-wcrtomb.o)
                0x00000000100081a8                _wcrtomb_r
 .text.__ascii_wctomb
                0x00000000100081e4       0x1c /home/ectf/MaximSDK/Tools/GNUTools/10.3/bin/../lib/gcc/arm-none-eabi/10.3.1/../../../../arm-none-eabi/lib/thumb/v7e-m+fp/softfp/libc.a(lib_a-wctomb_r.o)
                0x00000000100081e4                __ascii_wctomb
 .text.abort    0x0000000010008200       0x10 /home/ectf/MaximSDK/Tools/GNUTools/10.3/bin/../lib/gcc/arm-none-eabi/10.3.1/../../../../arm-none-eabi/lib/thumb/v7e-m+fp/softfp/libc.a(lib_a-abort.o)
                0x0000000010008200                abort
 .text.raise    0x0000000010008210       0x5c /home/ectf/MaximSDK/Tools/GNUTools/10.3/bin/../lib/gcc/arm-none-eabi/10.3.1/../../../../arm-none-eabi/lib/thumb/v7e-m+fp/softfp/libc.a(lib_a-signal.o)
                0x0000000010008210                raise
 .text._kill_r  0x000000001000826c       0x2c /home/ectf/MaximSDK/Tools/GNUTools/10.3/bin/../lib/gcc/arm-none-eabi/10.3.1/../../../../arm-none-eabi/lib/thumb/v7e-m+fp/softfp/libc.a(lib_a-signalr.o)
                0x000000001000826c                _kill_r
 .text._getpid_r
                0x0000000010008298        0x4 /home/ectf/MaximSDK/Tools/GNUTools/10.3/bin/../lib/gcc/arm-none-eabi/10.3.1/../../../../arm-none-eabi/lib/thumb/v7e-m+fp/softfp/libc.a(lib_a-signalr.o)
                0x0000000010008298                _getpid_r
 .text._exit    0x000000001000829c        0x4 /home/ectf/MaximSDK/Tools/GNUTools/10.3/bin/../lib/gcc/arm-none-eabi/10.3.1/../../../../arm-none-eabi/lib/thumb/v7e-m+fp/softfp/libnosys.a(_exit.o)
                0x000000001000829c                _exit
 .text          0x00000000100082a0      0x378 /home/ectf/MaximSDK/Tools/GNUTools/10.3/bin/../lib/gcc/arm-none-eabi/10.3.1/thumb/v7e-m+fp/softfp/libgcc.a(_arm_addsubdf3.o)
                0x00000000100082a0                __aeabi_drsub
                0x00000000100082a8                __aeabi_dsub
                0x00000000100082a8                __subdf3
                0x00000000100082ac                __adddf3
                0x00000000100082ac                __aeabi_dadd
                0x0000000010008524                __aeabi_ui2d
                0x0000000010008524                __floatunsidf
                0x0000000010008544                __floatsidf
                0x0000000010008544                __aeabi_i2d
                0x0000000010008568                __extendsfdf2
                0x0000000010008568                __aeabi_f2d
                0x00000000100085ac                __aeabi_ul2d
                0x00000000100085ac                __floatundidf
                0x00000000100085bc                __floatdidf
                0x00000000100085bc                __aeabi_l2d
 .text          0x0000000010008618      0x424 /home/ectf/MaximSDK/Tools/GNUTools/10.3/bin/../lib/gcc/arm-none-eabi/10.3.1/thumb/v7e-m+fp/softfp/libgcc.a(_arm_muldivdf3.o)
                0x0000000010008618                __aeabi_dmul
                0x0000000010008618                __muldf3
                0x000000001000886c                __aeabi_ddiv
                0x000000001000886c                __divdf3
 .text          0x0000000010008a3c      0x110 /home/ectf/MaximSDK/Tools/GNUTools/10.3/bin/../lib/gcc/arm-none-eabi/10.3.1/thumb/v7e-m+fp/softfp/libgcc.a(_arm_cmpdf2.o)
                0x0000000010008a3c                __gtdf2
                0x0000000010008a3c                __gedf2
                0x0000000010008a44                __ltdf2
                0x0000000010008a44                __ledf2
                0x0000000010008a4c                __cmpdf2
                0x0000000010008a4c                __eqdf2
                0x0000000010008a4c                __nedf2
                0x0000000010008ac8                __aeabi_cdrcmple
                0x0000000010008ad8                __aeabi_cdcmple
                0x0000000010008ad8                __aeabi_cdcmpeq
                0x0000000010008ae8                __aeabi_dcmpeq
                0x0000000010008afc                __aeabi_dcmplt
                0x0000000010008b10                __aeabi_dcmple
                0x0000000010008b24                __aeabi_dcmpge
                0x0000000010008b38                __aeabi_dcmpgt
 .text          0x0000000010008b4c       0x2c /home/ectf/MaximSDK/Tools/GNUTools/10.3/bin/../lib/gcc/arm-none-eabi/10.3.1/thumb/v7e-m+fp/softfp/libgcc.a(_arm_unorddf2.o)
                0x0000000010008b4c                __aeabi_dcmpun
                0x0000000010008b4c                __unorddf2
 .text          0x0000000010008b78       0x50 /home/ectf/MaximSDK/Tools/GNUTools/10.3/bin/../lib/gcc/arm-none-eabi/10.3.1/thumb/v7e-m+fp/softfp/libgcc.a(_arm_fixdfsi.o)
                0x0000000010008b78                __fixdfsi
                0x0000000010008b78                __aeabi_d2iz
 .text          0x0000000010008bc8       0x30 /home/ectf/MaximSDK/Tools/GNUTools/10.3/bin/../lib/gcc/arm-none-eabi/10.3.1/thumb/v7e-m+fp/softfp/libgcc.a(_aeabi_uldivmod.o)
                0x0000000010008bc8                __aeabi_uldivmod
 .text          0x0000000010008bf8      0x2d0 /home/ectf/MaximSDK/Tools/GNUTools/10.3/bin/../lib/gcc/arm-none-eabi/10.3.1/thumb/v7e-m+fp/softfp/libgcc.a(_udivmoddi4.o)
                0x0000000010008bf8                __udivmoddi4
 .text          0x0000000010008ec8        0x4 /home/ectf/MaximSDK/Tools/GNUTools/10.3/bin/../lib/gcc/arm-none-eabi/10.3.1/thumb/v7e-m+fp/softfp/libgcc.a(_dvmd_tls.o)
                0x0000000010008ec8                __aeabi_ldiv0
                0x0000000010008ec8                __aeabi_idiv0
 *(.rodata*)
 .rodata.SetLEDs.str1.4
                0x0000000010008ecc       0x13 /home/ectf/Desktop/MAX78000_TestGround/FTHR_I2C/build/main.o
 *fill*         0x0000000010008edf        0x1 
 .rodata.main.str1.4
                0x0000000010008ee0      0x110 /home/ectf/Desktop/MAX78000_TestGround/FTHR_I2C/build/main.o
 .rodata.mxc_assert.str1.4
                0x0000000010008ff0       0x19 /home/ectf/Desktop/MAX78000_TestGround/FTHR_I2C/build/board.o
 *fill*         0x0000000010009009        0x3 
 .rodata.Board_Init.str1.4
                0x000000001000900c       0x4d /home/ectf/Desktop/MAX78000_TestGround/FTHR_I2C/build/board.o
 *fill*         0x0000000010009059        0x3 
 .rodata.led_pin
                0x000000001000905c       0x24 /home/ectf/Desktop/MAX78000_TestGround/FTHR_I2C/build/board.o
                0x000000001000905c                led_pin
 .rodata.num_leds
                0x0000000010009080        0x4 /home/ectf/Desktop/MAX78000_TestGround/FTHR_I2C/build/board.o
                0x0000000010009080                num_leds
 .rodata.num_pbs
                0x0000000010009084        0x4 /home/ectf/Desktop/MAX78000_TestGround/FTHR_I2C/build/board.o
                0x0000000010009084                num_pbs
 .rodata.pb_pin
                0x0000000010009088       0x18 /home/ectf/Desktop/MAX78000_TestGround/FTHR_I2C/build/board.o
                0x0000000010009088                pb_pin
 .rodata.gpio_cfg_extclk
                0x00000000100090a0        0xc /home/ectf/MaximSDK/Libraries/PeriphDrivers/bin/MAX78000/spi-v1_softfp/libPeriphDriver_spi-v1_softfp.a(pins_ai85.o)
                0x00000000100090a0                gpio_cfg_extclk
 .rodata.gpio_cfg_i2c0
                0x00000000100090ac        0xc /home/ectf/MaximSDK/Libraries/PeriphDrivers/bin/MAX78000/spi-v1_softfp/libPeriphDriver_spi-v1_softfp.a(pins_ai85.o)
                0x00000000100090ac                gpio_cfg_i2c0
 .rodata.gpio_cfg_i2c1
                0x00000000100090b8        0xc /home/ectf/MaximSDK/Libraries/PeriphDrivers/bin/MAX78000/spi-v1_softfp/libPeriphDriver_spi-v1_softfp.a(pins_ai85.o)
                0x00000000100090b8                gpio_cfg_i2c1
 .rodata.gpio_cfg_i2c2
                0x00000000100090c4        0xc /home/ectf/MaximSDK/Libraries/PeriphDrivers/bin/MAX78000/spi-v1_softfp/libPeriphDriver_spi-v1_softfp.a(pins_ai85.o)
                0x00000000100090c4                gpio_cfg_i2c2
 .rodata.gpio_cfg_uart0
                0x00000000100090d0        0xc /home/ectf/MaximSDK/Libraries/PeriphDrivers/bin/MAX78000/spi-v1_softfp/libPeriphDriver_spi-v1_softfp.a(pins_ai85.o)
                0x00000000100090d0                gpio_cfg_uart0
 .rodata.gpio_cfg_uart1
                0x00000000100090dc        0xc /home/ectf/MaximSDK/Libraries/PeriphDrivers/bin/MAX78000/spi-v1_softfp/libPeriphDriver_spi-v1_softfp.a(pins_ai85.o)
                0x00000000100090dc                gpio_cfg_uart1
 .rodata.gpio_cfg_uart2
                0x00000000100090e8        0xc /home/ectf/MaximSDK/Libraries/PeriphDrivers/bin/MAX78000/spi-v1_softfp/libPeriphDriver_spi-v1_softfp.a(pins_ai85.o)
                0x00000000100090e8                gpio_cfg_uart2
 .rodata.gpio_cfg_uart3
                0x00000000100090f4        0xc /home/ectf/MaximSDK/Libraries/PeriphDrivers/bin/MAX78000/spi-v1_softfp/libPeriphDriver_spi-v1_softfp.a(pins_ai85.o)
                0x00000000100090f4                gpio_cfg_uart3
 .rodata.MXC_DMA_RevA_Init.str1.4
                0x0000000010009100       0x59 /home/ectf/MaximSDK/Libraries/PeriphDrivers/bin/MAX78000/spi-v1_softfp/libPeriphDriver_spi-v1_softfp.a(dma_reva.o)
 *fill*         0x0000000010009159        0x3 
 .rodata.MXC_UART_RevB_Init.str1.4
                0x000000001000915c       0x7f /home/ectf/MaximSDK/Libraries/PeriphDrivers/bin/MAX78000/spi-v1_softfp/libPeriphDriver_spi-v1_softfp.a(uart_revb.o)
 *fill*         0x00000000100091db        0x1 
 .rodata.MXC_UART_RevB_SetClockSource.str1.4
                0x00000000100091dc       0x27 /home/ectf/MaximSDK/Libraries/PeriphDrivers/bin/MAX78000/spi-v1_softfp/libPeriphDriver_spi-v1_softfp.a(uart_revb.o)
 *fill*         0x0000000010009203        0x1 
 .rodata.MXC_GPIO_Common_Handler.str1.4
                0x0000000010009204       0x6e /home/ectf/MaximSDK/Libraries/PeriphDrivers/bin/MAX78000/spi-v1_softfp/libPeriphDriver_spi-v1_softfp.a(gpio_common.o)
 *fill*         0x0000000010009272        0x2 
 .rodata._global_impure_ptr
                0x0000000010009274        0x4 /home/ectf/MaximSDK/Tools/GNUTools/10.3/bin/../lib/gcc/arm-none-eabi/10.3.1/../../../../arm-none-eabi/lib/thumb/v7e-m+fp/softfp/libc.a(lib_a-impure.o)
                0x0000000010009274                _global_impure_ptr
 .rodata._puts_r.str1.4
                0x0000000010009278        0x2 /home/ectf/MaximSDK/Tools/GNUTools/10.3/bin/../lib/gcc/arm-none-eabi/10.3.1/../../../../arm-none-eabi/lib/thumb/v7e-m+fp/softfp/libc.a(lib_a-puts.o)
 *fill*         0x000000001000927a        0x2 
 .rodata._vfprintf_r.str1.4
                0x000000001000927c       0x42 /home/ectf/MaximSDK/Tools/GNUTools/10.3/bin/../lib/gcc/arm-none-eabi/10.3.1/../../../../arm-none-eabi/lib/thumb/v7e-m+fp/softfp/libc.a(lib_a-vfprintf.o)
 *fill*         0x00000000100092be        0x2 
 .rodata.blanks.1
                0x00000000100092c0       0x10 /home/ectf/MaximSDK/Tools/GNUTools/10.3/bin/../lib/gcc/arm-none-eabi/10.3.1/../../../../arm-none-eabi/lib/thumb/v7e-m+fp/softfp/libc.a(lib_a-vfprintf.o)
 .rodata.zeroes.0
                0x00000000100092d0       0x10 /home/ectf/MaximSDK/Tools/GNUTools/10.3/bin/../lib/gcc/arm-none-eabi/10.3.1/../../../../arm-none-eabi/lib/thumb/v7e-m+fp/softfp/libc.a(lib_a-vfprintf.o)
 .rodata._dtoa_r.str1.4
                0x00000000100092e0       0xa2 /home/ectf/MaximSDK/Tools/GNUTools/10.3/bin/../lib/gcc/arm-none-eabi/10.3.1/../../../../arm-none-eabi/lib/thumb/v7e-m+fp/softfp/libc.a(lib_a-dtoa.o)
                                         0xa6 (size before relaxing)
 *fill*         0x0000000010009382        0x2 
 .rodata.__multadd.str1.4
                0x0000000010009384       0x7f /home/ectf/MaximSDK/Tools/GNUTools/10.3/bin/../lib/gcc/arm-none-eabi/10.3.1/../../../../arm-none-eabi/lib/thumb/v7e-m+fp/softfp/libc.a(lib_a-mprec.o)
                                         0x93 (size before relaxing)
 *fill*         0x0000000010009403        0x5 
 .rodata.__mprec_bigtens
                0x0000000010009408       0x28 /home/ectf/MaximSDK/Tools/GNUTools/10.3/bin/../lib/gcc/arm-none-eabi/10.3.1/../../../../arm-none-eabi/lib/thumb/v7e-m+fp/softfp/libc.a(lib_a-mprec.o)
                0x0000000010009408                __mprec_bigtens
 .rodata.__mprec_tens
                0x0000000010009430       0xc8 /home/ectf/MaximSDK/Tools/GNUTools/10.3/bin/../lib/gcc/arm-none-eabi/10.3.1/../../../../arm-none-eabi/lib/thumb/v7e-m+fp/softfp/libc.a(lib_a-mprec.o)
                0x0000000010009430                __mprec_tens
 .rodata.p05.0  0x00000000100094f8        0xc /home/ectf/MaximSDK/Tools/GNUTools/10.3/bin/../lib/gcc/arm-none-eabi/10.3.1/../../../../arm-none-eabi/lib/thumb/v7e-m+fp/softfp/libc.a(lib_a-mprec.o)
 .rodata._vfiprintf_r.str1.4
                0x0000000010009504       0x2f /home/ectf/MaximSDK/Tools/GNUTools/10.3/bin/../lib/gcc/arm-none-eabi/10.3.1/../../../../arm-none-eabi/lib/thumb/v7e-m+fp/softfp/libc.a(lib_a-vfiprintf.o)
 .rodata.blanks.1
                0x0000000010009504       0x10 /home/ectf/MaximSDK/Tools/GNUTools/10.3/bin/../lib/gcc/arm-none-eabi/10.3.1/../../../../arm-none-eabi/lib/thumb/v7e-m+fp/softfp/libc.a(lib_a-vfiprintf.o)
 .rodata.zeroes.0
                0x0000000010009514       0x10 /home/ectf/MaximSDK/Tools/GNUTools/10.3/bin/../lib/gcc/arm-none-eabi/10.3.1/../../../../arm-none-eabi/lib/thumb/v7e-m+fp/softfp/libc.a(lib_a-vfiprintf.o)
 .rodata.__assert_func.str1.4
                0x0000000010009524       0x3f /home/ectf/MaximSDK/Tools/GNUTools/10.3/bin/../lib/gcc/arm-none-eabi/10.3.1/../../../../arm-none-eabi/lib/thumb/v7e-m+fp/softfp/libc.a(lib_a-assert.o)
                                         0x43 (size before relaxing)
 *fill*         0x0000000010009563        0x1 
 .rodata._setlocale_r.str1.4
                0x0000000010009564        0xa /home/ectf/MaximSDK/Tools/GNUTools/10.3/bin/../lib/gcc/arm-none-eabi/10.3.1/../../../../arm-none-eabi/lib/thumb/v7e-m+fp/softfp/libc.a(lib_a-locale.o)
                                          0xd (size before relaxing)
 *fill*         0x000000001000956e        0x2 
 .rodata.str1.4
                0x0000000010009570        0x2 /home/ectf/MaximSDK/Tools/GNUTools/10.3/bin/../lib/gcc/arm-none-eabi/10.3.1/../../../../arm-none-eabi/lib/thumb/v7e-m+fp/softfp/libc.a(lib_a-locale.o)
 *fill*         0x0000000010009572        0x2 
 .rodata._ctype_
                0x0000000010009574      0x101 /home/ectf/MaximSDK/Tools/GNUTools/10.3/bin/../lib/gcc/arm-none-eabi/10.3.1/../../../../arm-none-eabi/lib/thumb/v7e-m+fp/softfp/libc.a(lib_a-ctype_.o)
                0x0000000010009574                _ctype_
 *(.init)
 *fill*         0x0000000010009675        0x3 
 .init          0x0000000010009678        0x4 /home/ectf/MaximSDK/Tools/GNUTools/10.3/bin/../lib/gcc/arm-none-eabi/10.3.1/thumb/v7e-m+fp/softfp/crti.o
                0x0000000010009678                _init
 .init          0x000000001000967c        0x8 /home/ectf/MaximSDK/Tools/GNUTools/10.3/bin/../lib/gcc/arm-none-eabi/10.3.1/thumb/v7e-m+fp/softfp/crtn.o
 *(.fini)
 .fini          0x0000000010009684        0x4 /home/ectf/MaximSDK/Tools/GNUTools/10.3/bin/../lib/gcc/arm-none-eabi/10.3.1/thumb/v7e-m+fp/softfp/crti.o
                0x0000000010009684                _fini
 .fini          0x0000000010009688        0x8 /home/ectf/MaximSDK/Tools/GNUTools/10.3/bin/../lib/gcc/arm-none-eabi/10.3.1/thumb/v7e-m+fp/softfp/crtn.o
 *crtbegin.o(.ctors)
 *crtbegin?.o(.ctors)
 *(EXCLUDE_FILE(*crtend.o *crtend?.o) .ctors)
 *(SORT_BY_NAME(.ctors.*))
 *(.ctors)
 *crtbegin.o(.dtors)
 *crtbegin?.o(.dtors)
 *(EXCLUDE_FILE(*crtend.o *crtend?.o) .dtors)
 *(SORT_BY_NAME(.dtors.*))
 *(.dtors)
 *(.eh_frame*)
 .eh_frame      0x0000000010009690        0x0 /home/ectf/MaximSDK/Tools/GNUTools/10.3/bin/../lib/gcc/arm-none-eabi/10.3.1/thumb/v7e-m+fp/softfp/crtbegin.o
 .eh_frame      0x0000000010009690        0x4 /home/ectf/MaximSDK/Tools/GNUTools/10.3/bin/../lib/gcc/arm-none-eabi/10.3.1/thumb/v7e-m+fp/softfp/crtend.o
                0x0000000010009694                _etext = .

.glue_7         0x0000000010009694        0x0
 .glue_7        0x0000000010009694        0x0 linker stubs

.glue_7t        0x0000000010009694        0x0
 .glue_7t       0x0000000010009694        0x0 linker stubs

.vfp11_veneer   0x0000000010009694        0x0
 .vfp11_veneer  0x0000000010009694        0x0 linker stubs

.v4_bx          0x0000000010009694        0x0
 .v4_bx         0x0000000010009694        0x0 linker stubs

.iplt           0x0000000010009694        0x0
 .iplt          0x0000000010009694        0x0 /home/ectf/MaximSDK/Tools/GNUTools/10.3/bin/../lib/gcc/arm-none-eabi/10.3.1/thumb/v7e-m+fp/softfp/crtbegin.o

.ARM.extab
 *(.ARM.extab* .gnu.linkonce.armextab.*)

.bin_storage    0x0000000010009694        0x0
 FILL mask 0xff
                0x0000000010009694                _bin_start_ = .
 *(.bin_storage_img)
                0x0000000010009694                _bin_end_ = .
                0x0000000010009694                . = ALIGN (0x4)

.rom_code       0x0000000000000000        0x0
                0x0000000000000000                . = ALIGN (0x10)
                0x0000000020000000                _sran_code = .
 *(.rom_code_section)
                0x0000000020000000                _esran_code = .

.flash_code     0x0000000010009694        0xc
                0x00000000100096a0                . = ALIGN (0x10)
 *fill*         0x0000000010009694        0xc 
                0x0000000020000000                _sran_code = .
 *(.flash_code_section)
                0x0000000020000000                _esran_code = .

.sram_code      0x0000000020000000        0x0
                0x0000000020000000                . = ALIGN (0x10)
                0x0000000020000000                _sran_code = .
 *(.sram_code_section)
                0x0000000020000000                _esran_code = .

.ARM.exidx      0x00000000100096a0        0x8
                0x00000000100096a0                __exidx_start = .
 *(.ARM.exidx* .gnu.linkonce.armexidx.*)
 .ARM.exidx     0x00000000100096a0        0x8 /home/ectf/MaximSDK/Tools/GNUTools/10.3/bin/../lib/gcc/arm-none-eabi/10.3.1/thumb/v7e-m+fp/softfp/libgcc.a(_udivmoddi4.o)
                0x00000000100096a8                __exidx_end = .

.rel.dyn        0x00000000100096a8        0x0
 .rel.iplt      0x00000000100096a8        0x0 /home/ectf/MaximSDK/Tools/GNUTools/10.3/bin/../lib/gcc/arm-none-eabi/10.3.1/thumb/v7e-m+fp/softfp/crtbegin.o

.data           0x0000000020000000      0xa24 load address 0x00000000100096a8
                0x0000000020000000                _data = ALIGN (., 0x4)
 *(vtable)
 *(.data*)
 .data.ConsoleUart
                0x0000000020000000        0x4 /home/ectf/Desktop/MAX78000_TestGround/FTHR_I2C/build/board.o
                0x0000000020000000                ConsoleUart
 .data.overflows
                0x0000000020000004        0x4 /home/ectf/MaximSDK/Libraries/PeriphDrivers/bin/MAX78000/spi-v1_softfp/libPeriphDriver_spi-v1_softfp.a(mxc_delay.o)
 .data.states   0x0000000020000008       0x60 /home/ectf/MaximSDK/Libraries/PeriphDrivers/bin/MAX78000/spi-v1_softfp/libPeriphDriver_spi-v1_softfp.a(uart_revb.o)
 .data._impure_ptr
                0x0000000020000068        0x4 /home/ectf/MaximSDK/Tools/GNUTools/10.3/bin/../lib/gcc/arm-none-eabi/10.3.1/../../../../arm-none-eabi/lib/thumb/v7e-m+fp/softfp/libc.a(lib_a-impure.o)
                0x0000000020000068                _impure_ptr
 *fill*         0x000000002000006c        0x4 
 .data.impure_data
                0x0000000020000070      0x428 /home/ectf/MaximSDK/Tools/GNUTools/10.3/bin/../lib/gcc/arm-none-eabi/10.3.1/../../../../arm-none-eabi/lib/thumb/v7e-m+fp/softfp/libc.a(lib_a-impure.o)
 .data.__malloc_av_
                0x0000000020000498      0x408 /home/ectf/MaximSDK/Tools/GNUTools/10.3/bin/../lib/gcc/arm-none-eabi/10.3.1/../../../../arm-none-eabi/lib/thumb/v7e-m+fp/softfp/libc.a(lib_a-mallocr.o)
                0x0000000020000498                __malloc_av_
 .data.__malloc_sbrk_base
                0x00000000200008a0        0x4 /home/ectf/MaximSDK/Tools/GNUTools/10.3/bin/../lib/gcc/arm-none-eabi/10.3.1/../../../../arm-none-eabi/lib/thumb/v7e-m+fp/softfp/libc.a(lib_a-mallocr.o)
                0x00000000200008a0                __malloc_sbrk_base
 .data.__malloc_trim_threshold
                0x00000000200008a4        0x4 /home/ectf/MaximSDK/Tools/GNUTools/10.3/bin/../lib/gcc/arm-none-eabi/10.3.1/../../../../arm-none-eabi/lib/thumb/v7e-m+fp/softfp/libc.a(lib_a-mallocr.o)
                0x00000000200008a4                __malloc_trim_threshold
 .data.__atexit_recursive_mutex
                0x00000000200008a8        0x4 /home/ectf/MaximSDK/Tools/GNUTools/10.3/bin/../lib/gcc/arm-none-eabi/10.3.1/../../../../arm-none-eabi/lib/thumb/v7e-m+fp/softfp/libc.a(lib_a-__call_atexit.o)
                0x00000000200008a8                __atexit_recursive_mutex
 .data.__global_locale
                0x00000000200008ac      0x16c /home/ectf/MaximSDK/Tools/GNUTools/10.3/bin/../lib/gcc/arm-none-eabi/10.3.1/../../../../arm-none-eabi/lib/thumb/v7e-m+fp/softfp/libc.a(lib_a-locale.o)
                0x00000000200008ac                __global_locale
 *(.flashprog*)
                0x0000000020000a18                . = ALIGN (0x4)
                0x0000000020000a18                PROVIDE (__preinit_array_start = .)
 *(.preinit_array)
                0x0000000020000a18                PROVIDE (__preinit_array_end = .)
                0x0000000020000a18                . = ALIGN (0x4)
                0x0000000020000a18                PROVIDE (__init_array_start = .)
 *(SORT_BY_NAME(.init_array.*))
 .init_array.00000
                0x0000000020000a18        0x4 /home/ectf/MaximSDK/Tools/GNUTools/10.3/bin/../lib/gcc/arm-none-eabi/10.3.1/../../../../arm-none-eabi/lib/thumb/v7e-m+fp/softfp/libc.a(lib_a-__call_atexit.o)
 *(.init_array)
 .init_array    0x0000000020000a1c        0x4 /home/ectf/MaximSDK/Tools/GNUTools/10.3/bin/../lib/gcc/arm-none-eabi/10.3.1/thumb/v7e-m+fp/softfp/crtbegin.o
                0x0000000020000a20                PROVIDE (__init_array_end = .)
                0x0000000020000a20                . = ALIGN (0x4)
                0x0000000020000a20                PROVIDE (__fini_array_start = .)
 *(SORT_BY_NAME(.fini_array.*))
 *(.fini_array)
 .fini_array    0x0000000020000a20        0x4 /home/ectf/MaximSDK/Tools/GNUTools/10.3/bin/../lib/gcc/arm-none-eabi/10.3.1/thumb/v7e-m+fp/softfp/crtbegin.o
                0x0000000020000a24                PROVIDE (__fini_array_end = .)
                0x0000000020000a24                _edata = ALIGN (., 0x4)
                0x00000000100096a8                __load_data = LOADADDR (.data)

.igot.plt       0x0000000020000a24        0x0 load address 0x000000001000a0cc
 .igot.plt      0x0000000020000a24        0x0 /home/ectf/MaximSDK/Tools/GNUTools/10.3/bin/../lib/gcc/arm-none-eabi/10.3.1/thumb/v7e-m+fp/softfp/crtbegin.o

.bss            0x0000000020000a24      0x62c load address 0x000000001000a0cc
                0x0000000020000a24                . = ALIGN (0x4)
                0x0000000020000a24                _bss = .
 *(.bss*)
 .bss           0x0000000020000a24       0x1c /home/ectf/MaximSDK/Tools/GNUTools/10.3/bin/../lib/gcc/arm-none-eabi/10.3.1/thumb/v7e-m+fp/softfp/crtbegin.o
 .bss.tx_buf    0x0000000020000a40        0x4 /home/ectf/Desktop/MAX78000_TestGround/FTHR_I2C/build/main.o
 .bss.g_pb_polarity
                0x0000000020000a44        0x4 /home/ectf/Desktop/MAX78000_TestGround/FTHR_I2C/build/pb.o
 .bss.heap_end  0x0000000020000a48        0x4 /home/ectf/Desktop/MAX78000_TestGround/FTHR_I2C/build/heap.o
 .bss.cbFunc    0x0000000020000a4c        0x4 /home/ectf/MaximSDK/Libraries/PeriphDrivers/bin/MAX78000/spi-v1_softfp/libPeriphDriver_spi-v1_softfp.a(mxc_delay.o)
 .bss.ctrl_save
                0x0000000020000a50        0x4 /home/ectf/MaximSDK/Libraries/PeriphDrivers/bin/MAX78000/spi-v1_softfp/libPeriphDriver_spi-v1_softfp.a(mxc_delay.o)
 .bss.endtick   0x0000000020000a54        0x4 /home/ectf/MaximSDK/Libraries/PeriphDrivers/bin/MAX78000/spi-v1_softfp/libPeriphDriver_spi-v1_softfp.a(mxc_delay.o)
 .bss.dma_initialized
                0x0000000020000a58        0x4 /home/ectf/MaximSDK/Libraries/PeriphDrivers/bin/MAX78000/spi-v1_softfp/libPeriphDriver_spi-v1_softfp.a(dma_reva.o)
 .bss.dma_lock  0x0000000020000a5c        0x4 /home/ectf/MaximSDK/Libraries/PeriphDrivers/bin/MAX78000/spi-v1_softfp/libPeriphDriver_spi-v1_softfp.a(dma_reva.o)
 .bss.dma_resource
                0x0000000020000a60      0x140 /home/ectf/MaximSDK/Libraries/PeriphDrivers/bin/MAX78000/spi-v1_softfp/libPeriphDriver_spi-v1_softfp.a(dma_reva.o)
 .bss.states    0x0000000020000ba0       0x60 /home/ectf/MaximSDK/Libraries/PeriphDrivers/bin/MAX78000/spi-v1_softfp/libPeriphDriver_spi-v1_softfp.a(i2c_reva.o)
 .bss.g_is_clock_locked
                0x0000000020000c00        0x4 /home/ectf/MaximSDK/Libraries/PeriphDrivers/bin/MAX78000/spi-v1_softfp/libPeriphDriver_spi-v1_softfp.a(uart_revb.o)
 .bss.callback  0x0000000020000c04      0x200 /home/ectf/MaximSDK/Libraries/PeriphDrivers/bin/MAX78000/spi-v1_softfp/libPeriphDriver_spi-v1_softfp.a(gpio_common.o)
 .bss.cbparam   0x0000000020000e04      0x200 /home/ectf/MaximSDK/Libraries/PeriphDrivers/bin/MAX78000/spi-v1_softfp/libPeriphDriver_spi-v1_softfp.a(gpio_common.o)
 .bss.cfg_lock  0x0000000020001004        0x1 /home/ectf/MaximSDK/Libraries/PeriphDrivers/bin/MAX78000/spi-v1_softfp/libPeriphDriver_spi-v1_softfp.a(gpio_common.o)
 .bss.initialized
                0x0000000020001005        0x1 /home/ectf/MaximSDK/Libraries/PeriphDrivers/bin/MAX78000/spi-v1_softfp/libPeriphDriver_spi-v1_softfp.a(gpio_common.o)
 *fill*         0x0000000020001006        0x2 
 .bss.__malloc_current_mallinfo
                0x0000000020001008       0x28 /home/ectf/MaximSDK/Tools/GNUTools/10.3/bin/../lib/gcc/arm-none-eabi/10.3.1/../../../../arm-none-eabi/lib/thumb/v7e-m+fp/softfp/libc.a(lib_a-mallocr.o)
                0x0000000020001008                __malloc_current_mallinfo
 .bss.__malloc_max_sbrked_mem
                0x0000000020001030        0x4 /home/ectf/MaximSDK/Tools/GNUTools/10.3/bin/../lib/gcc/arm-none-eabi/10.3.1/../../../../arm-none-eabi/lib/thumb/v7e-m+fp/softfp/libc.a(lib_a-mallocr.o)
                0x0000000020001030                __malloc_max_sbrked_mem
 .bss.__malloc_max_total_mem
                0x0000000020001034        0x4 /home/ectf/MaximSDK/Tools/GNUTools/10.3/bin/../lib/gcc/arm-none-eabi/10.3.1/../../../../arm-none-eabi/lib/thumb/v7e-m+fp/softfp/libc.a(lib_a-mallocr.o)
                0x0000000020001034                __malloc_max_total_mem
 .bss.__malloc_top_pad
                0x0000000020001038        0x4 /home/ectf/MaximSDK/Tools/GNUTools/10.3/bin/../lib/gcc/arm-none-eabi/10.3.1/../../../../arm-none-eabi/lib/thumb/v7e-m+fp/softfp/libc.a(lib_a-mallocr.o)
                0x0000000020001038                __malloc_top_pad
 .bss.__lock___atexit_recursive_mutex
                0x000000002000103c        0x1 /home/ectf/MaximSDK/Tools/GNUTools/10.3/bin/../lib/gcc/arm-none-eabi/10.3.1/../../../../arm-none-eabi/lib/thumb/v7e-m+fp/softfp/libc.a(lib_a-lock.o)
                0x000000002000103c                __lock___atexit_recursive_mutex
 *fill*         0x000000002000103d        0x3 
 .bss.__lock___malloc_recursive_mutex
                0x0000000020001040        0x1 /home/ectf/MaximSDK/Tools/GNUTools/10.3/bin/../lib/gcc/arm-none-eabi/10.3.1/../../../../arm-none-eabi/lib/thumb/v7e-m+fp/softfp/libc.a(lib_a-lock.o)
                0x0000000020001040                __lock___malloc_recursive_mutex
 *fill*         0x0000000020001041        0x3 
 .bss.__lock___sfp_recursive_mutex
                0x0000000020001044        0x1 /home/ectf/MaximSDK/Tools/GNUTools/10.3/bin/../lib/gcc/arm-none-eabi/10.3.1/../../../../arm-none-eabi/lib/thumb/v7e-m+fp/softfp/libc.a(lib_a-lock.o)
                0x0000000020001044                __lock___sfp_recursive_mutex
 *fill*         0x0000000020001045        0x3 
 .bss.__lock___sinit_recursive_mutex
                0x0000000020001048        0x1 /home/ectf/MaximSDK/Tools/GNUTools/10.3/bin/../lib/gcc/arm-none-eabi/10.3.1/../../../../arm-none-eabi/lib/thumb/v7e-m+fp/softfp/libc.a(lib_a-lock.o)
                0x0000000020001048                __lock___sinit_recursive_mutex
 *fill*         0x0000000020001049        0x3 
 .bss.errno     0x000000002000104c        0x4 /home/ectf/MaximSDK/Tools/GNUTools/10.3/bin/../lib/gcc/arm-none-eabi/10.3.1/../../../../arm-none-eabi/lib/thumb/v7e-m+fp/softfp/libc.a(lib_a-reent.o)
                0x000000002000104c                errno
 *(COMMON)
                0x0000000020001050                _ebss = ALIGN (., 0x4)

.shared         0x0000000020001050        0x4 load address 0x000000001000a0cc
                0x0000000020001050                . = ALIGN (0x4)
                0x0000000020001050                _shared = .
 *(.mailbox*)
                0x0000000020001050                . = ALIGN (0x4)
 *(.shared*)
 .shared        0x0000000020001050        0x4 /home/ectf/Desktop/MAX78000_TestGround/FTHR_I2C/build/system_max78000.o
                0x0000000020001050                SystemCoreClock
                0x0000000020001054                _eshared = ALIGN (., 0x4)
                0x000000001000a0cc                __shared_data = LOADADDR (.shared)
                0x0000000020020000                __StackTop = (ORIGIN (SRAM) + LENGTH (SRAM))
                0x000000002001f000                __StackLimit = (__StackTop - SIZEOF (.stack_dummy))

.stack_dummy    0x0000000020001058     0x1000 load address 0x000000001000a0d0
 *(.stack*)
 .stack         0x0000000020001058     0x1000 /home/ectf/Desktop/MAX78000_TestGround/FTHR_I2C/build/startup_max78000.o

.heap           0x0000000020001058      0xc00 load address 0x000000001000a0d0
                0x0000000020001058                . = ALIGN (0x4)
 *(.heap*)
 .heap          0x0000000020001058      0xc00 /home/ectf/Desktop/MAX78000_TestGround/FTHR_I2C/build/startup_max78000.o
                0x0000000020001058                __HeapBase
                0x000000002001f000                __HeapLimit = ABSOLUTE (__StackLimit)
                0x0000000020020000                PROVIDE (__stack = __StackTop)
                0x0000000000000001                ASSERT ((__StackLimit >= _ebss), region RAM overflowed with stack)

.riscv_flash    0x000000001000a0d0      0x130
                0x000000001000a100                . = ALIGN (0x100)
 *fill*         0x000000001000a0d0       0x30 
                0x000000001000a200                . = (. + 0x100)
 *fill*         0x000000001000a100      0x100 
                0x000000001000a200                _riscv_boot = .
 *riscv.o(.text*)
OUTPUT(/home/ectf/Desktop/MAX78000_TestGround/FTHR_I2C/build/FTHR_I2C.elf elf32-littlearm)
LOAD linker stubs

.ARM.attributes
                0x0000000000000000       0x2e
 .ARM.attributes
                0x0000000000000000       0x1e /home/ectf/MaximSDK/Tools/GNUTools/10.3/bin/../lib/gcc/arm-none-eabi/10.3.1/thumb/v7e-m+fp/softfp/crti.o
 .ARM.attributes
                0x000000000000001e       0x32 /home/ectf/MaximSDK/Tools/GNUTools/10.3/bin/../lib/gcc/arm-none-eabi/10.3.1/thumb/v7e-m+fp/softfp/crtbegin.o
 .ARM.attributes
                0x0000000000000050       0x32 /home/ectf/Desktop/MAX78000_TestGround/FTHR_I2C/build/main.o
 .ARM.attributes
                0x0000000000000082       0x32 /home/ectf/Desktop/MAX78000_TestGround/FTHR_I2C/build/board.o
 .ARM.attributes
                0x00000000000000b4       0x32 /home/ectf/Desktop/MAX78000_TestGround/FTHR_I2C/build/stdio.o
 .ARM.attributes
                0x00000000000000e6       0x32 /home/ectf/Desktop/MAX78000_TestGround/FTHR_I2C/build/led.o
 .ARM.attributes
                0x0000000000000118       0x32 /home/ectf/Desktop/MAX78000_TestGround/FTHR_I2C/build/pb.o
 .ARM.attributes
                0x000000000000014a       0x1b /home/ectf/Desktop/MAX78000_TestGround/FTHR_I2C/build/startup_max78000.o
 .ARM.attributes
                0x0000000000000165       0x32 /home/ectf/Desktop/MAX78000_TestGround/FTHR_I2C/build/heap.o
 .ARM.attributes
                0x0000000000000197       0x32 /home/ectf/Desktop/MAX78000_TestGround/FTHR_I2C/build/system_max78000.o
 .ARM.attributes
                0x00000000000001c9       0x32 /home/ectf/MaximSDK/Libraries/PeriphDrivers/bin/MAX78000/spi-v1_softfp/libPeriphDriver_spi-v1_softfp.a(mxc_delay.o)
 .ARM.attributes
                0x00000000000001fb       0x32 /home/ectf/MaximSDK/Libraries/PeriphDrivers/bin/MAX78000/spi-v1_softfp/libPeriphDriver_spi-v1_softfp.a(pins_ai85.o)
 .ARM.attributes
                0x000000000000022d       0x32 /home/ectf/MaximSDK/Libraries/PeriphDrivers/bin/MAX78000/spi-v1_softfp/libPeriphDriver_spi-v1_softfp.a(sys_ai85.o)
 .ARM.attributes
                0x000000000000025f       0x32 /home/ectf/MaximSDK/Libraries/PeriphDrivers/bin/MAX78000/spi-v1_softfp/libPeriphDriver_spi-v1_softfp.a(dma_me17.o)
 .ARM.attributes
                0x0000000000000291       0x32 /home/ectf/MaximSDK/Libraries/PeriphDrivers/bin/MAX78000/spi-v1_softfp/libPeriphDriver_spi-v1_softfp.a(dma_reva.o)
 .ARM.attributes
                0x00000000000002c3       0x32 /home/ectf/MaximSDK/Libraries/PeriphDrivers/bin/MAX78000/spi-v1_softfp/libPeriphDriver_spi-v1_softfp.a(gpio_ai85.o)
 .ARM.attributes
                0x00000000000002f5       0x32 /home/ectf/MaximSDK/Libraries/PeriphDrivers/bin/MAX78000/spi-v1_softfp/libPeriphDriver_spi-v1_softfp.a(gpio_reva.o)
 .ARM.attributes
                0x0000000000000327       0x32 /home/ectf/MaximSDK/Libraries/PeriphDrivers/bin/MAX78000/spi-v1_softfp/libPeriphDriver_spi-v1_softfp.a(i2c_me17.o)
 .ARM.attributes
                0x0000000000000359       0x32 /home/ectf/MaximSDK/Libraries/PeriphDrivers/bin/MAX78000/spi-v1_softfp/libPeriphDriver_spi-v1_softfp.a(i2c_reva.o)
 .ARM.attributes
                0x000000000000038b       0x32 /home/ectf/MaximSDK/Libraries/PeriphDrivers/bin/MAX78000/spi-v1_softfp/libPeriphDriver_spi-v1_softfp.a(icc_me17.o)
 .ARM.attributes
                0x00000000000003bd       0x32 /home/ectf/MaximSDK/Libraries/PeriphDrivers/bin/MAX78000/spi-v1_softfp/libPeriphDriver_spi-v1_softfp.a(icc_reva.o)
 .ARM.attributes